Microchip MPLAB XC8 Compiler V2.00 ()

Linker command line:

-W-3 --edf=D:\MPLABX\XC\pic\dat\en_msgs.txt -cs \
  -h+dist/default/production\Main_module_3.production.sym \
  --cmf=dist/default/production\Main_module_3.production.cmf -z -Q18F24K22 \
  -oC:\Users\Barnie\AppData\Local\Temp\s3n8.2 --defsym=__MPLAB_BUILD=1 \
  -Mdist/default/production/Main_module_3.production.map -E1 -ver=XC8 \
  --acfsm=1493 -ASTACK=0F0h-02ffh -pstack=STACK -ACODE=00h-03FFFh \
  -ACONST=00h-03FFFh -ASMALLCONST=0300h-03FFhx61 -AMEDIUMCONST=0300h-03FFFh \
  -ACOMRAM=01h-05Fh -AABS1=00h-02FFh -ABIGRAM=01h-02FFh \
  -ARAM=060h-0FFh,0100h-01FFhx2 -ABANK0=060h-0FFh -ABANK1=0100h-01FFh \
  -ABANK2=0200h-02FFh -ASFR=0F38h-0F5Fh,0F60h-0FFFh \
  -preset_vec=00h,intcode,intcodelo,powerup,init -pramtop=0300h \
  -psmallconst=SMALLCONST -pmediumconst=MEDIUMCONST -pconst=CONST \
  -AFARRAM=00h-00h -ACONFIG=0300000h-030000Dh -pconfig=CONFIG \
  -AIDLOC=0200000h-0200007h -pidloc=IDLOC -AEEDATA=0F00000h-0F000FFh \
  -peeprom_data=EEDATA \
  -prdata=COMRAM,nvrram=COMRAM,nvbit=COMRAM,rbss=COMRAM,rbit=COMRAM \
  -pfarbss=FARRAM,fardata=FARRAM,nvFARRAM=FARRAM \
  -pintsave_regs=BIGRAM,bigbss=BIGRAM,bigdata=BIGRAM -pbss=RAM \
  -pidata=CODE,irdata=CODE,ibigdata=CODE,ifardata=CODE -prparam=COMRAM \
  C:\Users\Barnie\AppData\Local\Temp\s3n8.o \
  dist/default/production\Main_module_3.production.o 

Object code version is 3.11

Machine type is 18F24K22

Call graph: (short form)




                Name                               Link     Load   Length Selector   Space Scale
C:\Users\Barnie\AppData\Local\Temp\s3n8.o
                init                                  0        0        4        0       0
                idloc                            200000   200000        8   200000       0
                config                           300000   300000        E   300000       0
dist/default/production\Main_module_3.production.o
                text29                             2F0C     2F0C        6     1786       0
                text28                             3798     3798       EC     1BCC       0
                text27                             3884     3884       EE     1C42       0
                text26                             2F42     2F42       18     17A1       0
                text25                             35E0     35E0       D8     1AF0       0
                text24                             3CF8     3CF8      308     1E7C       0
                text23                             3AA0     3AA0      258     1D50       0
                text22                             3528     3528       B8     1A94       0
                text21                             31A0     31A0       64     18D0       0
                text20                             2F12     2F12        E     1789       0
                text19                             3100     3100       4E     1880       0
                text18                             2F2E     2F2E       14     1797       0
                text17                             2F20     2F20        E     1790       0
                text16                             2F08     2F08        4     1784       0
                text15                             2F5A     2F5A       18     17AD       0
                text14                             3078     3078       44     183C       0
                text13                             2FEA     2FEA       2E     17F5       0
                text12                             2FC4     2FC4       26     17E2       0
                text11                             3482     3482       A6     1A41       0
                text10                             36B8     36B8       E0     1B5C       0
                text9                              3972     3972      12E     1CB9       0
                text8                              3204     3204       64     1902       0
                text7                              3046     3046       32     1823       0
                text6                              3018     3018       2E     180C       0
                text5                              2F8A     2F8A       1C     17C5       0
                text4                              2FA6     2FA6       1E     17D3       0
                text3                              30BC     30BC       44     185E       0
                text2                              32D6     32D6       88     196B       0
                text1                              3268     3268       6E     1934       0
                text0                              33EE     33EE       94     19F7       0
                cstackCOMRAM                          1        1       2F        1       1
                dataBANK0                            60       60       90       60       1
                dataCOMRAM                           30       30       18        1       1
                bssCOMRAM                            48       48        C        1       1
                cinit                              314E     314E       52     18A7       0
                nvCOMRAM                             54       54        9        1       1
                idataBANK0                         335E     335E       90     335E       0
                idataCOMRAM                        2F72     2F72       18     2F72       0

TOTAL           Name                               Link     Load   Length     Space
        CLASS   STACK          

        CLASS   CODE           
                init                                  0        0        4         0
                text29                             2F0C     2F0C        6         0
                text28                             3798     3798       EC         0
                text27                             3884     3884       EE         0
                text26                             2F42     2F42       18         0
                text25                             35E0     35E0       D8         0
                text24                             3CF8     3CF8      308         0
                text23                             3AA0     3AA0      258         0
                text22                             3528     3528       B8         0
                text21                             31A0     31A0       64         0
                text20                             2F12     2F12        E         0
                text19                             3100     3100       4E         0
                text18                             2F2E     2F2E       14         0
                text17                             2F20     2F20        E         0
                text16                             2F08     2F08        4         0
                text15                             2F5A     2F5A       18         0
                text14                             3078     3078       44         0
                text13                             2FEA     2FEA       2E         0
                text12                             2FC4     2FC4       26         0
                text11                             3482     3482       A6         0
                text10                             36B8     36B8       E0         0
                text9                              3972     3972      12E         0
                text8                              3204     3204       64         0
                text7                              3046     3046       32         0
                text6                              3018     3018       2E         0
                text5                              2F8A     2F8A       1C         0
                text4                              2FA6     2FA6       1E         0
                text3                              30BC     30BC       44         0
                text2                              32D6     32D6       88         0
                text1                              3268     3268       6E         0
                text0                              33EE     33EE       94         0
                cinit                              314E     314E       52         0
                idataBANK0                         335E     335E       90         0
                idataCOMRAM                        2F72     2F72       18         0

        CLASS   CONST          

        CLASS   SMALLCONST     

        CLASS   MEDIUMCONST    

        CLASS   COMRAM         
                cstackCOMRAM                          1        1       2F         1
                dataCOMRAM                           30       30       18         1
                bssCOMRAM                            48       48        C         1
                nvCOMRAM                             54       54        9         1

        CLASS   ABS1           

        CLASS   BIGRAM         

        CLASS   RAM            

        CLASS   BANK0          
                dataBANK0                            60       60       90         1

        CLASS   BANK1          

        CLASS   BANK2          

        CLASS   SFR            

        CLASS   FARRAM         

        CLASS   CONFIG         
                config                           300000   300000        E         0

        CLASS   IDLOC          
                idloc                            200000   200000        8         0

        CLASS   EEDATA         



SEGMENTS        Name                           Load    Length   Top    Selector   Space  Class

                reset_vec                      000000  000004  000004         0       0  CODE    
                cstackCOMRAM                   000001  00005C  00005D         1       1  COMRAM  
                dataBANK0                      000060  000090  0000F0        60       1  BANK0   
                text16                         002F08  000004  002F0C      1784       0  CODE    
                text29                         002F0C  000006  002F12      1786       0  CODE    
                text20                         002F12  00000E  002F20      1789       0  CODE    
                text17                         002F20  00000E  002F2E      1790       0  CODE    
                text18                         002F2E  000014  002F42      1797       0  CODE    
                text26                         002F42  000018  002F5A      17A1       0  CODE    
                text15                         002F5A  000018  002F72      17AD       0  CODE    
                idataCOMRAM                    002F72  000018  002F8A      2F72       0  CODE    
                text5                          002F8A  00001C  002FA6      17C5       0  CODE    
                text4                          002FA6  00001E  002FC4      17D3       0  CODE    
                text12                         002FC4  000026  002FEA      17E2       0  CODE    
                text13                         002FEA  00002E  003018      17F5       0  CODE    
                text6                          003018  00002E  003046      180C       0  CODE    
                text7                          003046  000032  003078      1823       0  CODE    
                text14                         003078  000044  0030BC      183C       0  CODE    
                text3                          0030BC  000044  003100      185E       0  CODE    
                text19                         003100  00004E  00314E      1880       0  CODE    
                cinit                          00314E  000052  0031A0      18A7       0  CODE    
                text21                         0031A0  000064  003204      18D0       0  CODE    
                text8                          003204  000064  003268      1902       0  CODE    
                text1                          003268  00006E  0032D6      1934       0  CODE    
                text2                          0032D6  000088  00335E      196B       0  CODE    
                idataBANK0                     00335E  000090  0033EE      335E       0  CODE    
                text0                          0033EE  000094  003482      19F7       0  CODE    
                text11                         003482  0000A6  003528      1A41       0  CODE    
                text22                         003528  0000B8  0035E0      1A94       0  CODE    
                text25                         0035E0  0000D8  0036B8      1AF0       0  CODE    
                text10                         0036B8  0000E0  003798      1B5C       0  CODE    
                text28                         003798  0000EC  003884      1BCC       0  CODE    
                text27                         003884  0000EE  003972      1C42       0  CODE    
                text9                          003972  00012E  003AA0      1CB9       0  CODE    
                text23                         003AA0  000258  003CF8      1D50       0  CODE    
                text24                         003CF8  000308  004000      1E7C       0  CODE    
                idloc                          200000  000008  200008    200000       0  IDLOC   
                config                         300000  00000E  30000E    300000       0  CONFIG  


UNUSED ADDRESS RANGES

        Name                Unused          Largest block    Delta
        BANK0            0000F0-0000FF               10
        BANK1            000100-0001FF              100
        BANK2            000200-0002FF              100
        BIGRAM           00005D-00005F                3
                         0000F0-0002FF              210
        CODE             000004-002F07             2F04
        COMRAM           00005D-00005F                3
        CONST            000004-002F07             2F04
        EEDATA           F00000-F000FF              100
        MEDIUMCONST      000300-002F07             2C08
        RAM              0000F0-0002FF              100
        SFR              000F38-000FFF               28
        SMALLCONST       000300-002F07              100
        STACK            0000F0-0002FF              210

                                  Symbol Table

?_I2C_Master_Read_With_Address         cstackCOMRAM 000003
?___awdiv                              cstackCOMRAM 000001
?___awmod                              cstackCOMRAM 000001
?___lldiv                              cstackCOMRAM 000001
?___omul                               cstackCOMRAM 000001
?_rand                                 cstackCOMRAM 000019
DATAEE_ReadByte@bAdd                   cstackCOMRAM 000001
DATAEE_WriteByte@GIEBitValue           cstackCOMRAM 000004
DATAEE_WriteByte@bAdd                  cstackCOMRAM 000003
DATAEE_WriteByte@bData                 cstackCOMRAM 000002
I2C_Master_Init@c                      cstackCOMRAM 00000E
I2C_Master_Read_With_Address@add       cstackCOMRAM 000003
I2C_Master_Read_With_Address@temp_data cstackCOMRAM 000005
I2C_Master_Write@d                     cstackCOMRAM 000001
_ANSELA                                (abs)        000F38
_ANSELB                                (abs)        000F39
_ANSELC                                (abs)        000F3A
_DATAEE_ReadByte                       text15       002F5A
_DATAEE_WriteByte                      text14       003078
_EEADR                                 (abs)        000FA9
_EECON1bits                            (abs)        000FA6
_EECON2                                (abs)        000FA7
_EEDATA                                (abs)        000FA8
_GIE                                   (abs)        007F97
_I2C_Master_Init                       text21       0031A0
_I2C_Master_Read_With_Address          text2        0032D6
_I2C_Master_Start                      text5        002F8A
_I2C_Master_Stop                       text4        002FA6
_I2C_Master_Wait                       text6        003018
_I2C_Master_Write                      text3        0030BC
_INTCON2bits                           (abs)        000FF1
_INTCONbits                            (abs)        000FF2
_LATA                                  (abs)        000F89
_LATAbits                              (abs)        000F89
_LATB                                  (abs)        000F8A
_LATBbits                              (abs)        000F8A
_LATC                                  (abs)        000F8B
_LATCbits                              (abs)        000F8B
_OSCCON                                (abs)        000FD3
_OSCCON2                               (abs)        000FD2
_OSCILLATOR_Initialize                 text20       002F12
_OSCTUNE                               (abs)        000F9B
_PEIE                                  (abs)        007F96
_PIN_MANAGER_Initialize                text19       003100
_PIR1bits                              (abs)        000F9E
_PIR2bits                              (abs)        000FA1
_SSPADD                                (abs)        000FC8
_SSPBUF                                (abs)        000FC9
_SSPCON1                               (abs)        000FC6
_SSPCON1bits                           (abs)        000FC6
_SSPCON2                               (abs)        000FC5
_SSPCON2bits                           (abs)        000FC5
_SSPIE                                 (abs)        007CEB
_SSPIF                                 (abs)        007CF3
_SSPSTAT                               (abs)        000FC7
_SSPSTATbits                           (abs)        000FC7
_SYSTEM_Initialize                     text17       002F20
_T0CON                                 (abs)        000FD5
_T0CONbits                             (abs)        000FD5
_TABLAT                                (abs)        000FF5
_TBLPTRH                               (abs)        000FF7
_TBLPTRL                               (abs)        000FF6
_TBLPTRU                               (abs)        000FF8
_TMR0H                                 (abs)        000FD7
_TMR0IF                                (abs)        007F92
_TMR0L                                 (abs)        000FD6
_TMR0_HasOverflowOccured               text26       002F42
_TMR0_Initialize                       text18       002F2E
_TMR0_Reload                           text29       002F0C
_TMR0_StartTimer                       text16       002F08
_TRISA                                 (abs)        000F92
_TRISAbits                             (abs)        000F92
_TRISB                                 (abs)        000F93
_TRISBbits                             (abs)        000F93
_TRISC                                 (abs)        000F94
_TRISC3                                (abs)        007CA3
_TRISC4                                (abs)        007CA4
_TRISCbits                             (abs)        000F94
_WPUB                                  (abs)        000F61
__CFG_BOREN$SBORDIS                    (abs)        000000
__CFG_BORV$190                         (abs)        000000
__CFG_CCP2MX$PORTC1                    (abs)        000000
__CFG_CCP3MX$PORTB5                    (abs)        000000
__CFG_CP0$OFF                          (abs)        000000
__CFG_CP1$OFF                          (abs)        000000
__CFG_CPB$OFF                          (abs)        000000
__CFG_CPD$OFF                          (abs)        000000
__CFG_DEBUG$OFF                        (abs)        000000
__CFG_EBTR0$OFF                        (abs)        000000
__CFG_EBTR1$OFF                        (abs)        000000
__CFG_EBTRB$OFF                        (abs)        000000
__CFG_FCMEN$OFF                        (abs)        000000
__CFG_FOSC$INTIO67                     (abs)        000000
__CFG_HFOFST$ON                        (abs)        000000
__CFG_IESO$OFF                         (abs)        000000
__CFG_LVP$ON                           (abs)        000000
__CFG_MCLRE$EXTMCLR                    (abs)        000000
__CFG_P2BMX$PORTB5                     (abs)        000000
__CFG_PBADEN$ON                        (abs)        000000
__CFG_PLLCFG$OFF                       (abs)        000000
__CFG_PRICLKEN$ON                      (abs)        000000
__CFG_PWRTEN$OFF                       (abs)        000000
__CFG_STVREN$ON                        (abs)        000000
__CFG_T3CMX$PORTC0                     (abs)        000000
__CFG_WDTEN$OFF                        (abs)        000000
__CFG_WDTPS$32768                      (abs)        000000
__CFG_WRT0$OFF                         (abs)        000000
__CFG_WRT1$OFF                         (abs)        000000
__CFG_WRTB$OFF                         (abs)        000000
__CFG_WRTC$OFF                         (abs)        000000
__CFG_WRTD$OFF                         (abs)        000000
__CFG_XINST$OFF                        (abs)        000000
__HRAM                                 (abs)        000000
__Habs1                                abs1         000000
__Hbank0                               bank0        000000
__Hbank1                               bank1        000000
__Hbank2                               bank2        000000
__Hbigbss                              bigbss       000000
__Hbigdata                             bigdata      000000
__Hbigram                              bigram       000000
__Hbss                                 bss          000000
__HbssCOMRAM                           bssCOMRAM    000000
__Hcinit                               cinit        000000
__Hclrtext                             clrtext      000000
__Hcomram                              comram       000000
__Hconfig                              config       30000E
__Hconst                               const        000000
__HcstackCOMRAM                        cstackCOMRAM 000000
__Hdata                                data         000000
__HdataBANK0                           dataBANK0    000000
__HdataCOMRAM                          dataCOMRAM   000000
__Heeprom_data                         eeprom_data  000000
__Hfarbss                              farbss       000000
__Hfardata                             fardata      000000
__Hibigdata                            ibigdata     000000
__Hidata                               idata        000000
__HidataBANK0                          idataBANK0   000000
__HidataCOMRAM                         idataCOMRAM  000000
__Hidloc                               idloc        200008
__Hifardata                            ifardata     000000
__Hinit                                init         000004
__Hintcode                             intcode      000000
__Hintcode_body                        intcode_body 000000
__Hintcodelo                           intcodelo    000000
__Hintentry                            intentry     000000
__Hintret                              intret       000000
__Hintsave_regs                        intsave_regs 000000
__Hirdata                              irdata       000000
__Hmediumconst                         mediumconst  000000
__HnvCOMRAM                            nvCOMRAM     000000
__HnvFARRAM                            nvFARRAM     000000
__Hnvbit                               nvbit        000000
__Hnvrram                              nvrram       000000
__Hparam                               rparam       000000
__Hpowerup                             powerup      000000
__Hram                                 ram          000000
__Hramtop                              ramtop       000300
__Hrbit                                rbit         000000
__Hrbss                                rbss         000000
__Hrdata                               rdata        000000
__Hreset_vec                           reset_vec    000000
__Hrparam                              rparam       000000
__Hsfr                                 sfr          000000
__Hsmallconst                          smallconst   000000
__Hspace_0                             (abs)        30000E
__Hspace_1                             (abs)        0000F0
__Hspace_2                             (abs)        000000
__Hstack                               stack        000000
__Hstruct                              struct       000000
__Htemp                                temp         000000
__Htext                                text         000000
__Htext0                               text0        000000
__Htext1                               text1        000000
__Htext10                              text10       000000
__Htext11                              text11       000000
__Htext12                              text12       000000
__Htext13                              text13       000000
__Htext14                              text14       000000
__Htext15                              text15       000000
__Htext16                              text16       000000
__Htext17                              text17       000000
__Htext18                              text18       000000
__Htext19                              text19       000000
__Htext2                               text2        000000
__Htext20                              text20       000000
__Htext21                              text21       000000
__Htext22                              text22       000000
__Htext23                              text23       000000
__Htext24                              text24       000000
__Htext25                              text25       000000
__Htext26                              text26       000000
__Htext27                              text27       000000
__Htext28                              text28       000000
__Htext29                              text29       000000
__Htext3                               text3        000000
__Htext4                               text4        000000
__Htext5                               text5        000000
__Htext6                               text6        000000
__Htext7                               text7        000000
__Htext8                               text8        000000
__Htext9                               text9        000000
__LRAM                                 (abs)        000001
__Labs1                                abs1         000000
__Lbank0                               bank0        000000
__Lbank1                               bank1        000000
__Lbank2                               bank2        000000
__Lbigbss                              bigbss       000000
__Lbigdata                             bigdata      000000
__Lbigram                              bigram       000000
__Lbss                                 bss          000000
__LbssCOMRAM                           bssCOMRAM    000000
__Lcinit                               cinit        000000
__Lclrtext                             clrtext      000000
__Lcomram                              comram       000000
__Lconfig                              config       300000
__Lconst                               const        000000
__LcstackCOMRAM                        cstackCOMRAM 000000
__Ldata                                data         000000
__LdataBANK0                           dataBANK0    000000
__LdataCOMRAM                          dataCOMRAM   000000
__Leeprom_data                         eeprom_data  000000
__Lfarbss                              farbss       000000
__Lfardata                             fardata      000000
__Libigdata                            ibigdata     000000
__Lidata                               idata        000000
__LidataBANK0                          idataBANK0   000000
__LidataCOMRAM                         idataCOMRAM  000000
__Lidloc                               idloc        200000
__Lifardata                            ifardata     000000
__Linit                                init         000000
__Lintcode                             intcode      000000
__Lintcode_body                        intcode_body 000000
__Lintcodelo                           intcodelo    000000
__Lintentry                            intentry     000000
__Lintret                              intret       000000
__Lintsave_regs                        intsave_regs 000000
__Lirdata                              irdata       000000
__Lmediumconst                         mediumconst  000000
__LnvCOMRAM                            nvCOMRAM     000000
__LnvFARRAM                            nvFARRAM     000000
__Lnvbit                               nvbit        000000
__Lnvrram                              nvrram       000000
__Lparam                               rparam       000000
__Lpowerup                             powerup      000000
__Lram                                 ram          000000
__Lramtop                              ramtop       000300
__Lrbit                                rbit         000000
__Lrbss                                rbss         000000
__Lrdata                               rdata        000000
__Lreset_vec                           reset_vec    000000
__Lrparam                              rparam       000000
__Lsfr                                 sfr          000000
__Lsmallconst                          smallconst   000000
__Lspace_0                             (abs)        000000
__Lspace_1                             (abs)        000000
__Lspace_2                             (abs)        000000
__Lstack                               stack        000000
__Lstruct                              struct       000000
__Ltemp                                temp         000000
__Ltext                                text         000000
__Ltext0                               text0        000000
__Ltext1                               text1        000000
__Ltext10                              text10       000000
__Ltext11                              text11       000000
__Ltext12                              text12       000000
__Ltext13                              text13       000000
__Ltext14                              text14       000000
__Ltext15                              text15       000000
__Ltext16                              text16       000000
__Ltext17                              text17       000000
__Ltext18                              text18       000000
__Ltext19                              text19       000000
__Ltext2                               text2        000000
__Ltext20                              text20       000000
__Ltext21                              text21       000000
__Ltext22                              text22       000000
__Ltext23                              text23       000000
__Ltext24                              text24       000000
__Ltext25                              text25       000000
__Ltext26                              text26       000000
__Ltext27                              text27       000000
__Ltext28                              text28       000000
__Ltext29                              text29       000000
__Ltext3                               text3        000000
__Ltext4                               text4        000000
__Ltext5                               text5        000000
__Ltext6                               text6        000000
__Ltext7                               text7        000000
__Ltext8                               text8        000000
__Ltext9                               text9        000000
__S0                                   (abs)        30000E
__S1                                   (abs)        0000F0
__S2                                   (abs)        000000
___awdiv                               text28       003798
___awdiv@counter                       cstackCOMRAM 000005
___awdiv@dividend                      cstackCOMRAM 000001
___awdiv@divisor                       cstackCOMRAM 000003
___awdiv@quotient                      cstackCOMRAM 000007
___awdiv@sign                          cstackCOMRAM 000006
___awmod                               text25       0035E0
___awmod@counter                       cstackCOMRAM 000005
___awmod@dividend                      cstackCOMRAM 000001
___awmod@divisor                       cstackCOMRAM 000003
___awmod@sign                          cstackCOMRAM 000006
___inthi_sp                            stack        000000
___intlo_sp                            stack        000000
___lldiv                               text22       003528
___lldiv@counter                       cstackCOMRAM 00000D
___lldiv@dividend                      cstackCOMRAM 000001
___lldiv@divisor                       cstackCOMRAM 000005
___lldiv@quotient                      cstackCOMRAM 000009
___omul                                text11       003482
___omul@multiplicand                   cstackCOMRAM 000009
___omul@multiplier                     cstackCOMRAM 000001
___omul@product                        cstackCOMRAM 000011
___param_bank                          (abs)        000000
___rparam_used                         (abs)        000001
___sp                                  stack        000000
__accesstop                            (abs)        000060
__activetblptr                         (abs)        000000
__end_of_DATAEE_ReadByte               text15       002F72
__end_of_DATAEE_WriteByte              text14       0030BC
__end_of_I2C_Master_Init               text21       003204
__end_of_I2C_Master_Read_With_Address  text2        00335E
__end_of_I2C_Master_Start              text5        002FA6
__end_of_I2C_Master_Stop               text4        002FC4
__end_of_I2C_Master_Wait               text6        003046
__end_of_I2C_Master_Write              text3        003100
__end_of_OSCILLATOR_Initialize         text20       002F20
__end_of_PIN_MANAGER_Initialize        text19       00314E
__end_of_SYSTEM_Initialize             text17       002F2E
__end_of_TMR0_HasOverflowOccured       text26       002F5A
__end_of_TMR0_Initialize               text18       002F42
__end_of_TMR0_Reload                   text29       002F12
__end_of_TMR0_StartTimer               text16       002F0C
__end_of___awdiv                       text28       003884
__end_of___awmod                       text25       0036B8
__end_of___lldiv                       text22       0035E0
__end_of___omul                        text11       003528
__end_of__initialization               cinit        00319A
__end_of_beep_sound                    text27       003972
__end_of_display                       text24       004000
__end_of_display_loop                  text23       003CF8
__end_of_generate_random_seed          text12       002FEA
__end_of_init                          text7        003078
__end_of_led_series_set                text9        003AA0
__end_of_main                          text0        003482
__end_of_rand                          text10       003798
__end_of_receive_slave_data            text1        0032D6
__end_of_reset_segments                text8        003268
__end_of_srand                         text13       003018
__initialization                       cinit        00314E
__mediumconst                          mediumconst  000000
__pbssCOMRAM                           bssCOMRAM    000048
__pcinit                               cinit        00314E
__pcstackCOMRAM                        cstackCOMRAM 000001
__pdataBANK0                           dataBANK0    000060
__pdataCOMRAM                          dataCOMRAM   000030
__pidataBANK0                          idataBANK0   00335E
__pidataCOMRAM                         idataCOMRAM  002F72
__pnvCOMRAM                            nvCOMRAM     000054
__ptext0                               text0        0033EE
__ptext1                               text1        003268
__ptext10                              text10       0036B8
__ptext11                              text11       003482
__ptext12                              text12       002FC4
__ptext13                              text13       002FEA
__ptext14                              text14       003078
__ptext15                              text15       002F5A
__ptext16                              text16       002F08
__ptext17                              text17       002F20
__ptext18                              text18       002F2E
__ptext19                              text19       003100
__ptext2                               text2        0032D6
__ptext20                              text20       002F12
__ptext21                              text21       0031A0
__ptext22                              text22       003528
__ptext23                              text23       003AA0
__ptext24                              text24       003CF8
__ptext25                              text25       0035E0
__ptext26                              text26       002F42
__ptext27                              text27       003884
__ptext28                              text28       003798
__ptext29                              text29       002F0C
__ptext3                               text3        0030BC
__ptext4                               text4        002FA6
__ptext5                               text5        002F8A
__ptext6                               text6        003018
__ptext7                               text7        003046
__ptext8                               text8        003204
__ptext9                               text9        003972
__ramtop                               ramtop       000300
__size_of_DATAEE_ReadByte              (abs)        000000
__size_of_DATAEE_WriteByte             (abs)        000000
__size_of_I2C_Master_Init              (abs)        000000
__size_of_I2C_Master_Read_With_Address (abs)        000000
__size_of_I2C_Master_Start             (abs)        000000
__size_of_I2C_Master_Stop              (abs)        000000
__size_of_I2C_Master_Wait              (abs)        000000
__size_of_I2C_Master_Write             (abs)        000000
__size_of_OSCILLATOR_Initialize        (abs)        000000
__size_of_PIN_MANAGER_Initialize       (abs)        000000
__size_of_SYSTEM_Initialize            (abs)        000000
__size_of_TMR0_HasOverflowOccured      (abs)        000000
__size_of_TMR0_Initialize              (abs)        000000
__size_of_TMR0_Reload                  (abs)        000000
__size_of_TMR0_StartTimer              (abs)        000000
__size_of___awdiv                      (abs)        000000
__size_of___awmod                      (abs)        000000
__size_of___lldiv                      (abs)        000000
__size_of___omul                       (abs)        000000
__size_of_beep_sound                   (abs)        000000
__size_of_display                      (abs)        000000
__size_of_display_loop                 (abs)        000000
__size_of_generate_random_seed         (abs)        000000
__size_of_init                         (abs)        000000
__size_of_led_series_set               (abs)        000000
__size_of_main                         (abs)        000000
__size_of_rand                         (abs)        000000
__size_of_receive_slave_data           (abs)        000000
__size_of_reset_segments               (abs)        000000
__size_of_srand                        (abs)        000000
__smallconst                           smallconst   000000
_beep_sound                            text27       003884
_disp0                                 dataCOMRAM   000030
_disp1                                 dataBANK0    0000E0
_disp2                                 dataBANK0    0000D0
_disp3                                 dataBANK0    0000C0
_disp4                                 dataBANK0    0000B0
_disp5                                 dataBANK0    0000A0
_disp6                                 dataBANK0    000090
_disp7                                 dataBANK0    000080
_disp8                                 dataBANK0    000070
_disp9                                 dataBANK0    000060
_display                               text24       003CF8
_display_loop                          text23       003AA0
_generate_random_seed                  text12       002FC4
_health                                dataCOMRAM   000042
_init                                  text7        003046
_led_series_set                        text9        003972
_main                                  text0        0033EE
_min                                   dataCOMRAM   000046
_overFlowAmmountTMR0                   bssCOMRAM    00004A
_overFlowAmmountTMR1                   bssCOMRAM    000048
_rand                                  text10       0036B8
_receive_slave_data                    text1        003268
_reset_segments                        text8        003204
_sec                                   dataCOMRAM   000044
_secTMR0                               dataCOMRAM   000040
_seed                                  nvCOMRAM     000055
_series                                bssCOMRAM    00004C
_srand                                 text13       002FEA
_timer0ReloadVal                       nvCOMRAM     000054
beep_sound@min                         cstackCOMRAM 000009
beep_sound@sec                         cstackCOMRAM 00000B
display@data_pin                       cstackCOMRAM 000003
display@digit                          cstackCOMRAM 000001
display@segment                        cstackCOMRAM 000005
display@state                          cstackCOMRAM 000007
display_loop@health                    cstackCOMRAM 00000D
display_loop@i                         cstackCOMRAM 000019
display_loop@min                       cstackCOMRAM 000009
display_loop@min1                      cstackCOMRAM 000011
display_loop@min2                      cstackCOMRAM 000013
display_loop@sec                       cstackCOMRAM 00000B
display_loop@sec1                      cstackCOMRAM 000015
display_loop@sec2                      cstackCOMRAM 000017
end_of_initialization                  cinit        00319A
intlevel0                              text         000000
intlevel1                              text         000000
intlevel2                              text         000000
intlevel3                              text         000000
led_series_set@i                       cstackCOMRAM 000026
led_series_set@series                  cstackCOMRAM 000023
main@modules_left                      cstackCOMRAM 00002E
receive_slave_data@modules_left        cstackCOMRAM 000007
receive_slave_data@temp                cstackCOMRAM 00000B
reset_segments@i                       cstackCOMRAM 000001
srand@s                                cstackCOMRAM 000002
stackhi                                (abs)        0002FF
stacklo                                (abs)        0000F0
start                                  init         000000
start_initialization                   cinit        00314E


FUNCTION INFORMATION:

 *************** function _main *****************
 Defined at:
		line 126 in file "main.c"
 Parameters:    Size  Location     Type
  argc            2   39[COMRAM] int 
  argv            3   41[COMRAM] PTR PTR unsigned char 
 Auto vars:     Size  Location     Type
  modules_left    2   45[COMRAM] int 
 Return value:  Size  Location     Type
                  2   39[COMRAM] int 
 Registers used:
		wreg, fsr2l, fsr2h, status,2, status,0, cstack
 Tracked objects:
		On entry : 
		On exit  : 
		Unchanged: 
 Data sizes:     COMRAM   BANK0   BANK1   BANK2
      Params:         5       0       0       0
      Locals:         2       0       0       0
      Temps:          1       0       0       0
      Totals:         8       0       0       0
Total ram usage:        8 bytes
 Hardware stack levels required when called:    4
 This function calls:
		_beep_sound
		_display_loop
		_init
		_receive_slave_data
		_reset_segments
 This function is called by:
		Startup code after reset
 This function uses a non-reentrant model


 *************** function _receive_slave_data *****************
 Defined at:
		line 102 in file "main.c"
 Parameters:    Size  Location     Type
  modules_left    2    6[COMRAM] PTR int 
		 -> main@modules_left(2), 
 Auto vars:     Size  Location     Type
  temp            2   10[COMRAM] int 
 Return value:  Size  Location     Type
                  1    wreg      void 
 Registers used:
		wreg, status,2, status,0, cstack
 Tracked objects:
		On entry : 
		On exit  : 
		Unchanged: 
 Data sizes:     COMRAM   BANK0   BANK1   BANK2
      Params:         2       0       0       0
      Locals:         2       0       0       0
      Temps:          2       0       0       0
      Totals:         6       0       0       0
Total ram usage:        6 bytes
 Hardware stack levels used:    1
 Hardware stack levels required when called:    3
 This function calls:
		_I2C_Master_Read_With_Address
 This function is called by:
		_main
 This function uses a non-reentrant model


 *************** function _I2C_Master_Read_With_Address *****************
 Defined at:
		line 104 in file "i2c_main.c"
 Parameters:    Size  Location     Type
  add             2    2[COMRAM] unsigned short 
 Auto vars:     Size  Location     Type
  temp_data       2    4[COMRAM] int 
 Return value:  Size  Location     Type
                  2    2[COMRAM] unsigned short 
 Registers used:
		wreg, status,2, status,0, cstack
 Tracked objects:
		On entry : 
		On exit  : 
		Unchanged: 
 Data sizes:     COMRAM   BANK0   BANK1   BANK2
      Params:         2       0       0       0
      Locals:         2       0       0       0
      Temps:          0       0       0       0
      Totals:         4       0       0       0
Total ram usage:        4 bytes
 Hardware stack levels used:    1
 Hardware stack levels required when called:    2
 This function calls:
		_I2C_Master_Start
		_I2C_Master_Stop
		_I2C_Master_Write
 This function is called by:
		_receive_slave_data
 This function uses a non-reentrant model


 *************** function _I2C_Master_Write *****************
 Defined at:
		line 50 in file "i2c_main.c"
 Parameters:    Size  Location     Type
  d               2    0[COMRAM] unsigned int 
 Auto vars:     Size  Location     Type
		None
 Return value:  Size  Location     Type
                  1    wreg      void 
 Registers used:
		None
 Tracked objects:
		On entry : 
		On exit  : 
		Unchanged: 
 Data sizes:     COMRAM   BANK0   BANK1   BANK2
      Params:         2       0       0       0
      Locals:         0       0       0       0
      Temps:          0       0       0       0
      Totals:         2       0       0       0
Total ram usage:        2 bytes
 Hardware stack levels used:    1
 This function calls:
		Nothing
 This function is called by:
		_I2C_Master_Read_With_Address
 This function uses a non-reentrant model


 *************** function _I2C_Master_Stop *****************
 Defined at:
		line 43 in file "i2c_main.c"
 Parameters:    Size  Location     Type
		None
 Auto vars:     Size  Location     Type
		None
 Return value:  Size  Location     Type
                  1    wreg      void 
 Registers used:
		wreg, status,2, status,0, cstack
 Tracked objects:
		On entry : 
		On exit  : 
		Unchanged: 
 Data sizes:     COMRAM   BANK0   BANK1   BANK2
      Params:         0       0       0       0
      Locals:         0       0       0       0
      Temps:          0       0       0       0
      Totals:         0       0       0       0
Total ram usage:        0 bytes
 Hardware stack levels used:    1
 Hardware stack levels required when called:    1
 This function calls:
		_I2C_Master_Wait
 This function is called by:
		_I2C_Master_Read_With_Address
		_send_gen_values
		_I2C_Master_Read
 This function uses a non-reentrant model


 *************** function _I2C_Master_Start *****************
 Defined at:
		line 29 in file "i2c_main.c"
 Parameters:    Size  Location     Type
		None
 Auto vars:     Size  Location     Type
		None
 Return value:  Size  Location     Type
                  1    wreg      void 
 Registers used:
		wreg, status,2, status,0, cstack
 Tracked objects:
		On entry : 
		On exit  : 
		Unchanged: 
 Data sizes:     COMRAM   BANK0   BANK1   BANK2
      Params:         0       0       0       0
      Locals:         0       0       0       0
      Temps:          0       0       0       0
      Totals:         0       0       0       0
Total ram usage:        0 bytes
 Hardware stack levels used:    1
 Hardware stack levels required when called:    1
 This function calls:
		_I2C_Master_Wait
 This function is called by:
		_I2C_Master_Read_With_Address
		_send_gen_values
 This function uses a non-reentrant model


 *************** function _I2C_Master_Wait *****************
 Defined at:
		line 24 in file "i2c_main.c"
 Parameters:    Size  Location     Type
		None
 Auto vars:     Size  Location     Type
		None
 Return value:  Size  Location     Type
                  1    wreg      void 
 Registers used:
		wreg, status,2, status,0
 Tracked objects:
		On entry : 
		On exit  : 
		Unchanged: 
 Data sizes:     COMRAM   BANK0   BANK1   BANK2
      Params:         0       0       0       0
      Locals:         0       0       0       0
      Temps:          1       0       0       0
      Totals:         1       0       0       0
Total ram usage:        1 bytes
 Hardware stack levels used:    1
 This function calls:
		Nothing
 This function is called by:
		_I2C_Master_Start
		_I2C_Master_Stop
		_I2C_Master_RepeatedStart
		_I2C_Master_Read
 This function uses a non-reentrant model


 *************** function _init *****************
 Defined at:
		line 18 in file "main.c"
 Parameters:    Size  Location     Type
		None
 Auto vars:     Size  Location     Type
		None
 Return value:  Size  Location     Type
                  1    wreg      void 
 Registers used:
		wreg, fsr2l, fsr2h, status,2, status,0, cstack
 Tracked objects:
		On entry : 
		On exit  : 
		Unchanged: 
 Data sizes:     COMRAM   BANK0   BANK1   BANK2
      Params:         0       0       0       0
      Locals:         0       0       0       0
      Temps:          0       0       0       0
      Totals:         0       0       0       0
Total ram usage:        0 bytes
 Hardware stack levels used:    1
 Hardware stack levels required when called:    3
 This function calls:
		_I2C_Master_Init
		_SYSTEM_Initialize
		_TMR0_StartTimer
		_generate_random_seed
		_led_series_set
		_reset_segments
 This function is called by:
		_main
 This function uses a non-reentrant model


 *************** function _reset_segments *****************
 Defined at:
		line 175 in file "display.c"
 Parameters:    Size  Location     Type
		None
 Auto vars:     Size  Location     Type
  i               2    0[COMRAM] int 
 Return value:  Size  Location     Type
                  1    wreg      void 
 Registers used:
		wreg, status,2, status,0
 Tracked objects:
		On entry : 
		On exit  : 
		Unchanged: 
 Data sizes:     COMRAM   BANK0   BANK1   BANK2
      Params:         0       0       0       0
      Locals:         2       0       0       0
      Temps:          0       0       0       0
      Totals:         2       0       0       0
Total ram usage:        2 bytes
 Hardware stack levels used:    1
 This function calls:
		Nothing
 This function is called by:
		_init
		_main
		_check_fail_state
 This function uses a non-reentrant model


 *************** function _led_series_set *****************
 Defined at:
		line 149 in file "display.c"
 Parameters:    Size  Location     Type
  series          2   34[COMRAM] PTR unsigned char 
		 -> series(8), 
 Auto vars:     Size  Location     Type
  i               2   37[COMRAM] int 
 Return value:  Size  Location     Type
                  1    wreg      void 
 Registers used:
		wreg, fsr2l, fsr2h, status,2, status,0, cstack
 Tracked objects:
		On entry : 
		On exit  : 
		Unchanged: 
 Data sizes:     COMRAM   BANK0   BANK1   BANK2
      Params:         2       0       0       0
      Locals:         2       0       0       0
      Temps:          1       0       0       0
      Totals:         5       0       0       0
Total ram usage:        5 bytes
 Hardware stack levels used:    1
 Hardware stack levels required when called:    2
 This function calls:
		_rand
 This function is called by:
		_init
 This function uses a non-reentrant model


 *************** function _rand *****************
 Defined at:
		line 15 in file "D:\MPLABX\XC\pic\sources\c99\common\rand.c"
 Parameters:    Size  Location     Type
		None
 Auto vars:     Size  Location     Type
		None
 Return value:  Size  Location     Type
                  2   24[COMRAM] int 
 Registers used:
		wreg, fsr2l, fsr2h, status,2, status,0, cstack
 Tracked objects:
		On entry : 
		On exit  : 
		Unchanged: 
 Data sizes:     COMRAM   BANK0   BANK1   BANK2
      Params:         2       0       0       0
      Locals:         0       0       0       0
      Temps:          8       0       0       0
      Totals:        10       0       0       0
Total ram usage:       10 bytes
 Hardware stack levels used:    1
 Hardware stack levels required when called:    1
 This function calls:
		___omul
 This function is called by:
		_led_series_set
 This function uses a non-reentrant model


 *************** function ___omul *****************
 Defined at:
		line 91 in file "D:\MPLABX\XC\pic\sources\c99\common\Umul64.c"
 Parameters:    Size  Location     Type
  multiplier      8    0[COMRAM] unsigned long long 
  multiplicand    8    8[COMRAM] unsigned long long 
 Auto vars:     Size  Location     Type
  product         8   16[COMRAM] unsigned long long 
 Return value:  Size  Location     Type
                  8    0[COMRAM] unsigned long long 
 Registers used:
		wreg, fsr2l, fsr2h, status,2, status,0
 Tracked objects:
		On entry : 
		On exit  : 
		Unchanged: 
 Data sizes:     COMRAM   BANK0   BANK1   BANK2
      Params:        16       0       0       0
      Locals:         8       0       0       0
      Temps:          0       0       0       0
      Totals:        24       0       0       0
Total ram usage:       24 bytes
 Hardware stack levels used:    1
 This function calls:
		Nothing
 This function is called by:
		_rand
 This function uses a non-reentrant model


 *************** function _generate_random_seed *****************
 Defined at:
		line 39 in file "main.c"
 Parameters:    Size  Location     Type
		None
 Auto vars:     Size  Location     Type
		None
 Return value:  Size  Location     Type
                  1    wreg      void 
 Registers used:
		wreg, status,2, status,0, cstack
 Tracked objects:
		On entry : 
		On exit  : 
		Unchanged: 
 Data sizes:     COMRAM   BANK0   BANK1   BANK2
      Params:         0       0       0       0
      Locals:         0       0       0       0
      Temps:          1       0       0       0
      Totals:         1       0       0       0
Total ram usage:        1 bytes
 Hardware stack levels used:    1
 Hardware stack levels required when called:    1
 This function calls:
		_DATAEE_ReadByte
		_DATAEE_WriteByte
		_srand
 This function is called by:
		_init
 This function uses a non-reentrant model


 *************** function _srand *****************
 Defined at:
		line 10 in file "D:\MPLABX\XC\pic\sources\c99\common\rand.c"
 Parameters:    Size  Location     Type
  s               2    1[COMRAM] unsigned int 
 Auto vars:     Size  Location     Type
		None
 Return value:  Size  Location     Type
                  1    wreg      void 
 Registers used:
		wreg, status,2, status,0
 Tracked objects:
		On entry : 
		On exit  : 
		Unchanged: 
 Data sizes:     COMRAM   BANK0   BANK1   BANK2
      Params:         2       0       0       0
      Locals:         0       0       0       0
      Temps:          4       0       0       0
      Totals:         6       0       0       0
Total ram usage:        6 bytes
 Hardware stack levels used:    1
 This function calls:
		Nothing
 This function is called by:
		_generate_random_seed
 This function uses a non-reentrant model


 *************** function _DATAEE_WriteByte *****************
 Defined at:
		line 176 in file "mcc_generated_files/memory.c"
 Parameters:    Size  Location     Type
  bAdd            1    wreg     unsigned char 
  bData           1    1[COMRAM] unsigned char 
 Auto vars:     Size  Location     Type
  bAdd            1    2[COMRAM] unsigned char 
  GIEBitValue     1    3[COMRAM] unsigned char 
 Return value:  Size  Location     Type
                  1    wreg      void 
 Registers used:
		wreg, status,2
 Tracked objects:
		On entry : 
		On exit  : 
		Unchanged: 
 Data sizes:     COMRAM   BANK0   BANK1   BANK2
      Params:         1       0       0       0
      Locals:         2       0       0       0
      Temps:          0       0       0       0
      Totals:         3       0       0       0
Total ram usage:        3 bytes
 Hardware stack levels used:    1
 This function calls:
		Nothing
 This function is called by:
		_generate_random_seed
 This function uses a non-reentrant model


 *************** function _DATAEE_ReadByte *****************
 Defined at:
		line 198 in file "mcc_generated_files/memory.c"
 Parameters:    Size  Location     Type
  bAdd            1    wreg     unsigned char 
 Auto vars:     Size  Location     Type
  bAdd            1    0[COMRAM] unsigned char 
 Return value:  Size  Location     Type
                  1    wreg      unsigned char 
 Registers used:
		wreg, status,2
 Tracked objects:
		On entry : 
		On exit  : 
		Unchanged: 
 Data sizes:     COMRAM   BANK0   BANK1   BANK2
      Params:         0       0       0       0
      Locals:         1       0       0       0
      Temps:          0       0       0       0
      Totals:         1       0       0       0
Total ram usage:        1 bytes
 Hardware stack levels used:    1
 This function calls:
		Nothing
 This function is called by:
		_generate_random_seed
 This function uses a non-reentrant model


 *************** function _TMR0_StartTimer *****************
 Defined at:
		line 87 in file "mcc_generated_files/tmr0.c"
 Parameters:    Size  Location     Type
		None
 Auto vars:     Size  Location     Type
		None
 Return value:  Size  Location     Type
                  1    wreg      void 
 Registers used:
		None
 Tracked objects:
		On entry : 
		On exit  : 
		Unchanged: 
 Data sizes:     COMRAM   BANK0   BANK1   BANK2
      Params:         0       0       0       0
      Locals:         0       0       0       0
      Temps:          0       0       0       0
      Totals:         0       0       0       0
Total ram usage:        0 bytes
 Hardware stack levels used:    1
 This function calls:
		Nothing
 This function is called by:
		_init
 This function uses a non-reentrant model


 *************** function _SYSTEM_Initialize *****************
 Defined at:
		line 50 in file "mcc_generated_files/mcc.c"
 Parameters:    Size  Location     Type
		None
 Auto vars:     Size  Location     Type
		None
 Return value:  Size  Location     Type
                  1    wreg      void 
 Registers used:
		wreg, status,2, cstack
 Tracked objects:
		On entry : 
		On exit  : 
		Unchanged: 
 Data sizes:     COMRAM   BANK0   BANK1   BANK2
      Params:         0       0       0       0
      Locals:         0       0       0       0
      Temps:          0       0       0       0
      Totals:         0       0       0       0
Total ram usage:        0 bytes
 Hardware stack levels used:    1
 Hardware stack levels required when called:    1
 This function calls:
		_OSCILLATOR_Initialize
		_PIN_MANAGER_Initialize
		_TMR0_Initialize
 This function is called by:
		_init
 This function uses a non-reentrant model


 *************** function _TMR0_Initialize *****************
 Defined at:
		line 66 in file "mcc_generated_files/tmr0.c"
 Parameters:    Size  Location     Type
		None
 Auto vars:     Size  Location     Type
		None
 Return value:  Size  Location     Type
                  1    wreg      void 
 Registers used:
		wreg, status,2
 Tracked objects:
		On entry : 
		On exit  : 
		Unchanged: 
 Data sizes:     COMRAM   BANK0   BANK1   BANK2
      Params:         0       0       0       0
      Locals:         0       0       0       0
      Temps:          0       0       0       0
      Totals:         0       0       0       0
Total ram usage:        0 bytes
 Hardware stack levels used:    1
 This function calls:
		Nothing
 This function is called by:
		_SYSTEM_Initialize
 This function uses a non-reentrant model


 *************** function _PIN_MANAGER_Initialize *****************
 Defined at:
		line 55 in file "mcc_generated_files/pin_manager.c"
 Parameters:    Size  Location     Type
		None
 Auto vars:     Size  Location     Type
		None
 Return value:  Size  Location     Type
                  1    wreg      void 
 Registers used:
		wreg, status,2
 Tracked objects:
		On entry : 
		On exit  : 
		Unchanged: 
 Data sizes:     COMRAM   BANK0   BANK1   BANK2
      Params:         0       0       0       0
      Locals:         0       0       0       0
      Temps:          0       0       0       0
      Totals:         0       0       0       0
Total ram usage:        0 bytes
 Hardware stack levels used:    1
 This function calls:
		Nothing
 This function is called by:
		_SYSTEM_Initialize
 This function uses a non-reentrant model


 *************** function _OSCILLATOR_Initialize *****************
 Defined at:
		line 58 in file "mcc_generated_files/mcc.c"
 Parameters:    Size  Location     Type
		None
 Auto vars:     Size  Location     Type
		None
 Return value:  Size  Location     Type
                  1    wreg      void 
 Registers used:
		wreg, status,2
 Tracked objects:
		On entry : 
		On exit  : 
		Unchanged: 
 Data sizes:     COMRAM   BANK0   BANK1   BANK2
      Params:         0       0       0       0
      Locals:         0       0       0       0
      Temps:          0       0       0       0
      Totals:         0       0       0       0
Total ram usage:        0 bytes
 Hardware stack levels used:    1
 This function calls:
		Nothing
 This function is called by:
		_SYSTEM_Initialize
 This function uses a non-reentrant model


 *************** function _I2C_Master_Init *****************
 Defined at:
		line 7 in file "i2c_main.c"
 Parameters:    Size  Location     Type
  c               4   13[COMRAM] const unsigned long 
 Auto vars:     Size  Location     Type
		None
 Return value:  Size  Location     Type
                  1    wreg      void 
 Registers used:
		wreg, status,2, status,0, cstack
 Tracked objects:
		On entry : 
		On exit  : 
		Unchanged: 
 Data sizes:     COMRAM   BANK0   BANK1   BANK2
      Params:         4       0       0       0
      Locals:         0       0       0       0
      Temps:          4       0       0       0
      Totals:         8       0       0       0
Total ram usage:        8 bytes
 Hardware stack levels used:    1
 Hardware stack levels required when called:    1
 This function calls:
		___lldiv
 This function is called by:
		_init
 This function uses a non-reentrant model


 *************** function ___lldiv *****************
 Defined at:
		line 7 in file "D:\MPLABX\XC\pic\sources\c99\common\__lldiv.c"
 Parameters:    Size  Location     Type
  dividend        4    0[COMRAM] unsigned long 
  divisor         4    4[COMRAM] unsigned long 
 Auto vars:     Size  Location     Type
  quotient        4    8[COMRAM] unsigned long 
  counter         1   12[COMRAM] unsigned char 
 Return value:  Size  Location     Type
                  4    0[COMRAM] unsigned long 
 Registers used:
		wreg, status,2, status,0
 Tracked objects:
		On entry : 
		On exit  : 
		Unchanged: 
 Data sizes:     COMRAM   BANK0   BANK1   BANK2
      Params:         8       0       0       0
      Locals:         5       0       0       0
      Temps:          0       0       0       0
      Totals:        13       0       0       0
Total ram usage:       13 bytes
 Hardware stack levels used:    1
 This function calls:
		Nothing
 This function is called by:
		_I2C_Master_Init
 This function uses a non-reentrant model


 *************** function _display_loop *****************
 Defined at:
		line 46 in file "display.c"
 Parameters:    Size  Location     Type
  min             2    8[COMRAM] PTR int 
		 -> min(2), 
  sec             2   10[COMRAM] PTR int 
		 -> sec(2), 
  health          2   12[COMRAM] int 
 Auto vars:     Size  Location     Type
  i               2   24[COMRAM] int 
  sec2            2   22[COMRAM] int 
  sec1            2   20[COMRAM] int 
  min2            2   18[COMRAM] int 
  min1            2   16[COMRAM] int 
 Return value:  Size  Location     Type
                  1    wreg      void 
 Registers used:
		wreg, fsr2l, fsr2h, status,2, status,0, cstack
 Tracked objects:
		On entry : 
		On exit  : 
		Unchanged: 
 Data sizes:     COMRAM   BANK0   BANK1   BANK2
      Params:         6       0       0       0
      Locals:        10       0       0       0
      Temps:          2       0       0       0
      Totals:        18       0       0       0
Total ram usage:       18 bytes
 Hardware stack levels used:    1
 Hardware stack levels required when called:    1
 This function calls:
		_TMR0_HasOverflowOccured
		_TMR0_Reload
		___awdiv
		___awmod
		_display
 This function is called by:
		_main
 This function uses a non-reentrant model


 *************** function _display *****************
 Defined at:
		line 105 in file "display.c"
 Parameters:    Size  Location     Type
  digit           2    0[COMRAM] int 
  data_pin        2    2[COMRAM] int 
  segment         2    4[COMRAM] int 
 Auto vars:     Size  Location     Type
  state           2    6[COMRAM] int 
 Return value:  Size  Location     Type
                  1    wreg      void 
 Registers used:
		wreg, fsr2l, fsr2h, status,2, status,0
 Tracked objects:
		On entry : 
		On exit  : 
		Unchanged: 
 Data sizes:     COMRAM   BANK0   BANK1   BANK2
      Params:         6       0       0       0
      Locals:         2       0       0       0
      Temps:          0       0       0       0
      Totals:         8       0       0       0
Total ram usage:        8 bytes
 Hardware stack levels used:    1
 This function calls:
		Nothing
 This function is called by:
		_display_loop
 This function uses a non-reentrant model


 *************** function ___awmod *****************
 Defined at:
		line 7 in file "D:\MPLABX\XC\pic\sources\c99\common\awmod.c"
 Parameters:    Size  Location     Type
  dividend        2    0[COMRAM] int 
  divisor         2    2[COMRAM] int 
 Auto vars:     Size  Location     Type
  sign            1    5[COMRAM] unsigned char 
  counter         1    4[COMRAM] unsigned char 
 Return value:  Size  Location     Type
                  2    0[COMRAM] int 
 Registers used:
		wreg, status,2, status,0
 Tracked objects:
		On entry : 
		On exit  : 
		Unchanged: 
 Data sizes:     COMRAM   BANK0   BANK1   BANK2
      Params:         4       0       0       0
      Locals:         2       0       0       0
      Temps:          0       0       0       0
      Totals:         6       0       0       0
Total ram usage:        6 bytes
 Hardware stack levels used:    1
 This function calls:
		Nothing
 This function is called by:
		_display_loop
 This function uses a non-reentrant model


 *************** function _TMR0_HasOverflowOccured *****************
 Defined at:
		line 122 in file "mcc_generated_files/tmr0.c"
 Parameters:    Size  Location     Type
		None
 Auto vars:     Size  Location     Type
		None
 Return value:  Size  Location     Type
                  1    wreg      _Bool 
 Registers used:
		wreg
 Tracked objects:
		On entry : 
		On exit  : 
		Unchanged: 
 Data sizes:     COMRAM   BANK0   BANK1   BANK2
      Params:         0       0       0       0
      Locals:         0       0       0       0
      Temps:          0       0       0       0
      Totals:         0       0       0       0
Total ram usage:        0 bytes
 Hardware stack levels used:    1
 This function calls:
		Nothing
 This function is called by:
		_display_loop
 This function uses a non-reentrant model


 *************** function _beep_sound *****************
 Defined at:
		line 45 in file "sound.c"
 Parameters:    Size  Location     Type
  min             2    8[COMRAM] int 
  sec             2   10[COMRAM] int 
 Auto vars:     Size  Location     Type
		None
 Return value:  Size  Location     Type
                  1    wreg      void 
 Registers used:
		wreg, status,2, status,0, cstack
 Tracked objects:
		On entry : 
		On exit  : 
		Unchanged: 
 Data sizes:     COMRAM   BANK0   BANK1   BANK2
      Params:         4       0       0       0
      Locals:         0       0       0       0
      Temps:          1       0       0       0
      Totals:         5       0       0       0
Total ram usage:        5 bytes
 Hardware stack levels used:    1
 Hardware stack levels required when called:    1
 This function calls:
		_TMR0_Reload
		___awdiv
 This function is called by:
		_main
 This function uses a non-reentrant model


 *************** function ___awdiv *****************
 Defined at:
		line 7 in file "D:\MPLABX\XC\pic\sources\c99\common\awdiv.c"
 Parameters:    Size  Location     Type
  dividend        2    0[COMRAM] int 
  divisor         2    2[COMRAM] int 
 Auto vars:     Size  Location     Type
  quotient        2    6[COMRAM] int 
  sign            1    5[COMRAM] unsigned char 
  counter         1    4[COMRAM] unsigned char 
 Return value:  Size  Location     Type
                  2    0[COMRAM] int 
 Registers used:
		wreg, status,2, status,0
 Tracked objects:
		On entry : 
		On exit  : 
		Unchanged: 
 Data sizes:     COMRAM   BANK0   BANK1   BANK2
      Params:         4       0       0       0
      Locals:         4       0       0       0
      Temps:          0       0       0       0
      Totals:         8       0       0       0
Total ram usage:        8 bytes
 Hardware stack levels used:    1
 This function calls:
		Nothing
 This function is called by:
		_display_loop
		_beep_sound
 This function uses a non-reentrant model


 *************** function _TMR0_Reload *****************
 Defined at:
		line 115 in file "mcc_generated_files/tmr0.c"
 Parameters:    Size  Location     Type
		None
 Auto vars:     Size  Location     Type
		None
 Return value:  Size  Location     Type
                  1    wreg      void 
 Registers used:
		None
 Tracked objects:
		On entry : 
		On exit  : 
		Unchanged: 
 Data sizes:     COMRAM   BANK0   BANK1   BANK2
      Params:         0       0       0       0
      Locals:         0       0       0       0
      Temps:          0       0       0       0
      Totals:         0       0       0       0
Total ram usage:        0 bytes
 Hardware stack levels used:    1
 This function calls:
		Nothing
 This function is called by:
		_display_loop
		_beep_sound
 This function uses a non-reentrant model



MODULE INFORMATION

Module		Function		Class		Link	Load	Size
D:\MPLABX\XC\pic\sources\c99\common\rand.c
		_srand         		CODE           	2FEA	0000	47
		_rand          		CODE           	36B8	0000	225

D:\MPLABX\XC\pic\sources\c99\common\rand.c estimated size: 272

D:\MPLABX\XC\pic\sources\c99\common\awdiv.c
		___awdiv       		CODE           	3798	0000	237

D:\MPLABX\XC\pic\sources\c99\common\awdiv.c estimated size: 237

mcc_generated_files/tmr0.c
		_TMR0_Reload   		CODE           	2F0C	0000	7
		_TMR0_StartTimer		CODE           	2F08	0000	5
		_TMR0_HasOverflowOccured		CODE           	2F42	0000	25
		_TMR0_Initialize		CODE           	2F2E	0000	21

mcc_generated_files/tmr0.c estimated size: 58

mcc_generated_files/pin_manager.c
		_PIN_MANAGER_Initialize		CODE           	3100	0000	79

mcc_generated_files/pin_manager.c estimated size: 79

D:\MPLABX\XC\pic\sources\c99\common\Umul64.c
		___omul        		CODE           	3482	0000	167

D:\MPLABX\XC\pic\sources\c99\common\Umul64.c estimated size: 167

shared
		__initialization		CODE           	314E	0000	77

shared estimated size: 77

mcc_generated_files/mcc.c
		_OSCILLATOR_Initialize		CODE           	2F12	0000	15
		_SYSTEM_Initialize		CODE           	2F20	0000	15

mcc_generated_files/mcc.c estimated size: 30

display.c
		_led_series_set		CODE           	3972	0000	303
		_reset_segments		CODE           	3204	0000	101
		_display       		CODE           	3CF8	0000	777
		_display_loop  		CODE           	3AA0	0000	601

display.c estimated size: 1782

mcc_generated_files/memory.c
		_DATAEE_WriteByte		CODE           	3078	0000	69
		_DATAEE_ReadByte		CODE           	2F5A	0000	25

mcc_generated_files/memory.c estimated size: 94

i2c_main.c
		_I2C_Master_Wait		CODE           	3018	0000	47
		_I2C_Master_Init		CODE           	31A0	0000	101
		_I2C_Master_Stop		CODE           	2FA6	0000	31
		_I2C_Master_Read_With_Address		CODE           	32D6	0000	137
		_I2C_Master_Write		CODE           	30BC	0000	69
		_I2C_Master_Start		CODE           	2F8A	0000	29

i2c_main.c estimated size: 414

D:\MPLABX\XC\pic\sources\c99\common\__lldiv.c
		___lldiv       		CODE           	3528	0000	185

D:\MPLABX\XC\pic\sources\c99\common\__lldiv.c estimated size: 185

D:\MPLABX\XC\pic\sources\c99\common\awmod.c
		___awmod       		CODE           	35E0	0000	217

D:\MPLABX\XC\pic\sources\c99\common\awmod.c estimated size: 217

main.c
		_init          		CODE           	3046	0000	51
		_main          		CODE           	33EE	0000	149
		_receive_slave_data		CODE           	3268	0000	111
		_generate_random_seed		CODE           	2FC4	0000	39

main.c estimated size: 350

sound.c
		_beep_sound    		CODE           	3884	0000	239

sound.c estimated size: 239

