Microchip MPLAB XC8 Compiler V2.00 ()

Linker command line:

-W-3 --edf=D:\MPLABX\XC\pic\dat\en_msgs.txt -cs \
  -h+dist/default/production\Wire_module_1.production.sym \
  --cmf=dist/default/production\Wire_module_1.production.cmf -z -Q18F14K22 \
  -oC:\Users\Barnie\AppData\Local\Temp\s2ms.2 --defsym=__MPLAB_BUILD=1 \
  -Mdist/default/production/Wire_module_1.production.map -E1 -ver=XC8 \
  --acfsm=1493 -ASTACK=060h-01ffh -pstack=STACK -ACODE=00h-03FFFh \
  -ACONST=00h-03FFFh -ASMALLCONST=0200h-02FFhx62 -AMEDIUMCONST=0200h-03FFFh \
  -ACOMRAM=01h-05Fh -AABS1=00h-01FFh -ABIGRAM=01h-01FFh \
  -ARAM=060h-0FFh,0100h-01FFh -ABANK0=060h-0FFh -ABANK1=0100h-01FFh \
  -ASFR=0F60h-0FFFh -preset_vec=00h,intcode=08h,intcodelo,powerup,init \
  -pramtop=0200h -psmallconst=SMALLCONST -pmediumconst=MEDIUMCONST \
  -pconst=CONST -AFARRAM=00h-00h -ACONFIG=0300000h-030000Dh -pconfig=CONFIG \
  -AIDLOC=0200000h-0200007h -pidloc=IDLOC -AEEDATA=0F00000h-0F000FFh \
  -peeprom_data=EEDATA \
  -prdata=COMRAM,nvrram=COMRAM,nvbit=COMRAM,rbss=COMRAM,rbit=COMRAM \
  -pfarbss=FARRAM,fardata=FARRAM,nvFARRAM=FARRAM \
  -pintsave_regs=BIGRAM,bigbss=BIGRAM,bigdata=BIGRAM -pbss=RAM \
  -pidata=CODE,irdata=CODE,ibigdata=CODE,ifardata=CODE -prparam=COMRAM \
  C:\Users\Barnie\AppData\Local\Temp\s2ms.o \
  dist/default/production\Wire_module_1.production.o 

Object code version is 3.11

Machine type is 18F14K22

Call graph: (short form)




                Name                               Link     Load   Length Selector   Space Scale
C:\Users\Barnie\AppData\Local\Temp\s2ms.o
                init                                 F4       F4        4        4       0
                reset_vec                             0        0        4        0       0
                idloc                            200000   200000        8   200000       0
                config                           300000   300000        E   300000       0
dist/default/production\Wire_module_1.production.o
                intcode                               8        8       EC        4       0
                temp                                 2B       2B        1        1       1
                text10                               F8       F8       B6        4       0
                text9                               1AE      1AE       A6        4       0
                text7                               310      310       1A        4       0
                text6                               362      362        E        4       0
                text5                               2D6      2D6       3A        4       0
                text4                               340      340       14        4       0
                text3                               354      354        E        4       0
                text2                               370      370        A        4       0
                text1                               254      254       42        4       0
                text0                               296      296       40        4       0
                cstackCOMRAM                         15       15       13        1       1
                bssCOMRAM                             1        1       14        1       1
                cinit                               32A      32A       16        4       0
                nvCOMRAM                             28       28        3        1       1

TOTAL           Name                               Link     Load   Length     Space
        CLASS   STACK          

        CLASS   CODE           
                intcode                               8        8       EC         0
                init                                 F4       F4        4         0
                reset_vec                             0        0        4         0
                text10                               F8       F8       B6         0
                text9                               1AE      1AE       A6         0
                text7                               310      310       1A         0
                text6                               362      362        E         0
                text5                               2D6      2D6       3A         0
                text4                               340      340       14         0
                text3                               354      354        E         0
                text2                               370      370        A         0
                text1                               254      254       42         0
                text0                               296      296       40         0
                cinit                               32A      32A       16         0

        CLASS   CONST          

        CLASS   SMALLCONST     

        CLASS   MEDIUMCONST    

        CLASS   COMRAM         
                temp                                 2B       2B        1         1
                cstackCOMRAM                         15       15       13         1
                bssCOMRAM                             1        1       14         1
                nvCOMRAM                             28       28        3         1

        CLASS   ABS1           

        CLASS   BIGRAM         

        CLASS   RAM            

        CLASS   BANK0          

        CLASS   BANK1          

        CLASS   SFR            

        CLASS   FARRAM         

        CLASS   CONFIG         
                config                           300000   300000        E         0

        CLASS   IDLOC          
                idloc                            200000   200000        8         0

        CLASS   EEDATA         



SEGMENTS        Name                           Load    Length   Top    Selector   Space  Class

                reset_vec                      000000  000004  000004         0       0  CODE    
                bssCOMRAM                      000001  00002B  00002C         1       1  COMRAM  
                intcode                        000008  000372  00037A         4       0  CODE    
                idloc                          200000  000008  200008    200000       0  IDLOC   
                config                         300000  00000E  30000E    300000       0  CONFIG  


UNUSED ADDRESS RANGES

        Name                Unused          Largest block    Delta
        BANK0            000060-0000FF               A0
        BANK1            000100-0001FF              100
        BIGRAM           00002C-0001FF              1D4
        CODE             000004-000007                4
                         00037A-003FFF             3C86
        COMRAM           00002C-00005F               34
        CONST            000004-000007                4
                         00037A-003FFF             3C86
        EEDATA           F00000-F000FF              100
        MEDIUMCONST      00037A-003FFF             3C86
        RAM              000060-0001FF               A0
        SFR              000F60-000FFF               A0
        SMALLCONST       00037A-003FFF              100
        STACK            000060-0001FF              1A0

                                  Symbol Table

I2C_Slave_Init@address           cstackCOMRAM 000024
_ANSEL                           (abs)        000F7E
_ANSELH                          (abs)        000F7F
_GIE                             (abs)        007F97
_I2C_Slave_Init                  text7        000310
_I2C_Slave_Read                  intcode      000008
_INTCON2bits                     (abs)        000FF1
_INTCONbits                      (abs)        000FF2
_LATA                            (abs)        000F89
_LATB                            (abs)        000F8A
_LATC                            (abs)        000F8B
_LATCbits                        (abs)        000F8B
_OSCCON                          (abs)        000FD3
_OSCCON2                         (abs)        000FD2
_OSCILLATOR_Initialize           text6        000362
_OSCTUNE                         (abs)        000F9B
_PEIE                            (abs)        007F96
_PIN_MANAGER_Initialize          text5        0002D6
_SSPADD                          (abs)        000FC8
_SSPBUF                          (abs)        000FC9
_SSPCON1                         (abs)        000FC6
_SSPCON1bits                     (abs)        000FC6
_SSPCON2                         (abs)        000FC5
_SSPIE                           (abs)        007CEB
_SSPIF                           (abs)        007CF3
_SSPSTAT                         (abs)        000FC7
_SSPSTATbits                     (abs)        000FC7
_SYSTEM_Initialize               text3        000354
_T0CON                           (abs)        000FD5
_T0CONbits                       (abs)        000FD5
_TMR0H                           (abs)        000FD7
_TMR0L                           (abs)        000FD6
_TMR0_Initialize                 text4        000340
_TRISA                           (abs)        000F92
_TRISAbits                       (abs)        000F92
_TRISB                           (abs)        000F93
_TRISC                           (abs)        000F94
_TRISCbits                       (abs)        000F94
_WPUA                            (abs)        000F77
_WPUB                            (abs)        000F78
__CFG_BBSIZ$OFF                  (abs)        000000
__CFG_BOREN$SBORDIS              (abs)        000000
__CFG_BORV$19                    (abs)        000000
__CFG_CP0$OFF                    (abs)        000000
__CFG_CP1$OFF                    (abs)        000000
__CFG_CPB$OFF                    (abs)        000000
__CFG_CPD$OFF                    (abs)        000000
__CFG_DEBUG$OFF                  (abs)        000000
__CFG_EBTR0$OFF                  (abs)        000000
__CFG_EBTR1$OFF                  (abs)        000000
__CFG_EBTRB$OFF                  (abs)        000000
__CFG_FCMEN$OFF                  (abs)        000000
__CFG_FOSC$IRC                   (abs)        000000
__CFG_HFOFST$ON                  (abs)        000000
__CFG_IESO$OFF                   (abs)        000000
__CFG_LVP$OFF                    (abs)        000000
__CFG_MCLRE$ON                   (abs)        000000
__CFG_PCLKEN$ON                  (abs)        000000
__CFG_PLLEN$OFF                  (abs)        000000
__CFG_PWRTEN$OFF                 (abs)        000000
__CFG_STVREN$ON                  (abs)        000000
__CFG_WDTEN$OFF                  (abs)        000000
__CFG_WDTPS$32768                (abs)        000000
__CFG_WRT0$OFF                   (abs)        000000
__CFG_WRT1$OFF                   (abs)        000000
__CFG_WRTB$OFF                   (abs)        000000
__CFG_WRTC$OFF                   (abs)        000000
__CFG_WRTD$OFF                   (abs)        000000
__CFG_XINST$OFF                  (abs)        000000
__HRAM                           (abs)        000000
__Habs1                          abs1         000000
__Hbank0                         bank0        000000
__Hbank1                         bank1        000000
__Hbigbss                        bigbss       000000
__Hbigdata                       bigdata      000000
__Hbigram                        bigram       000000
__Hbss                           bss          000000
__HbssCOMRAM                     bssCOMRAM    000000
__Hcinit                         cinit        000000
__Hclrtext                       clrtext      000000
__Hcomram                        comram       000000
__Hconfig                        config       30000E
__Hconst                         const        000000
__HcstackCOMRAM                  cstackCOMRAM 000000
__Hdata                          data         000000
__Heeprom_data                   eeprom_data  000000
__Hfarbss                        farbss       000000
__Hfardata                       fardata      000000
__Hibigdata                      ibigdata     000000
__Hidata                         idata        000000
__Hidloc                         idloc        200008
__Hifardata                      ifardata     000000
__Hinit                          init         0000F8
__Hintcode                       intcode      0000F4
__Hintcode_body                  intcode_body 000000
__Hintcodelo                     intcodelo    0000F4
__Hintentry                      intentry     000000
__Hintret                        intret       000000
__Hintsave_regs                  intsave_regs 000000
__Hirdata                        irdata       000000
__Hmediumconst                   mediumconst  000000
__HnvCOMRAM                      nvCOMRAM     000000
__HnvFARRAM                      nvFARRAM     000000
__Hnvbit                         nvbit        000000
__Hnvrram                        nvrram       000000
__Hparam                         rparam       000000
__Hpowerup                       powerup      0000F4
__Hram                           ram          000000
__Hramtop                        ramtop       000200
__Hrbit                          rbit         000000
__Hrbss                          rbss         000000
__Hrdata                         rdata        000000
__Hreset_vec                     reset_vec    000004
__Hrparam                        rparam       000000
__Hsfr                           sfr          000000
__Hsmallconst                    smallconst   000000
__Hspace_0                       (abs)        30000E
__Hspace_1                       (abs)        00002C
__Hspace_2                       (abs)        000000
__Hstack                         stack        000000
__Hstruct                        struct       000000
__Htemp                          temp         00002C
__Htext                          text         000000
__Htext0                         text0        000000
__Htext1                         text1        000000
__Htext10                        text10       000000
__Htext2                         text2        000000
__Htext3                         text3        000000
__Htext4                         text4        000000
__Htext5                         text5        000000
__Htext6                         text6        000000
__Htext7                         text7        000000
__Htext9                         text9        000000
__LRAM                           (abs)        000001
__Labs1                          abs1         000000
__Lbank0                         bank0        000000
__Lbank1                         bank1        000000
__Lbigbss                        bigbss       000000
__Lbigdata                       bigdata      000000
__Lbigram                        bigram       000000
__Lbss                           bss          000000
__LbssCOMRAM                     bssCOMRAM    000000
__Lcinit                         cinit        000000
__Lclrtext                       clrtext      000000
__Lcomram                        comram       000000
__Lconfig                        config       300000
__Lconst                         const        000000
__LcstackCOMRAM                  cstackCOMRAM 000000
__Ldata                          data         000000
__Leeprom_data                   eeprom_data  000000
__Lfarbss                        farbss       000000
__Lfardata                       fardata      000000
__Libigdata                      ibigdata     000000
__Lidata                         idata        000000
__Lidloc                         idloc        200000
__Lifardata                      ifardata     000000
__Linit                          init         0000F4
__Lintcode                       intcode      000008
__Lintcode_body                  intcode_body 000000
__Lintcodelo                     intcodelo    0000F4
__Lintentry                      intentry     000000
__Lintret                        intret       000000
__Lintsave_regs                  intsave_regs 000000
__Lirdata                        irdata       000000
__Lmediumconst                   mediumconst  000000
__LnvCOMRAM                      nvCOMRAM     000000
__LnvFARRAM                      nvFARRAM     000000
__Lnvbit                         nvbit        000000
__Lnvrram                        nvrram       000000
__Lparam                         rparam       000000
__Lpowerup                       powerup      0000F4
__Lram                           ram          000000
__Lramtop                        ramtop       000200
__Lrbit                          rbit         000000
__Lrbss                          rbss         000000
__Lrdata                         rdata        000000
__Lreset_vec                     reset_vec    000000
__Lrparam                        rparam       000000
__Lsfr                           sfr          000000
__Lsmallconst                    smallconst   000000
__Lspace_0                       (abs)        000000
__Lspace_1                       (abs)        000000
__Lspace_2                       (abs)        000000
__Lstack                         stack        000000
__Lstruct                        struct       000000
__Ltemp                          temp         00002B
__Ltext                          text         000000
__Ltext0                         text0        000000
__Ltext1                         text1        000000
__Ltext10                        text10       000000
__Ltext2                         text2        000000
__Ltext3                         text3        000000
__Ltext4                         text4        000000
__Ltext5                         text5        000000
__Ltext6                         text6        000000
__Ltext7                         text7        000000
__Ltext9                         text9        000000
__S0                             (abs)        30000E
__S1                             (abs)        00002C
__S2                             (abs)        000000
___inthi_sp                      stack        000000
___intlo_sp                      stack        000000
___param_bank                    (abs)        000000
___rparam_used                   (abs)        000001
___sp                            stack        000000
__accesstop                      (abs)        000060
__activetblptr                   (abs)        000000
__end_of_I2C_Slave_Init          text7        00032A
__end_of_I2C_Slave_Read          intcode      0000F4
__end_of_OSCILLATOR_Initialize   text6        000370
__end_of_PIN_MANAGER_Initialize  text5        000310
__end_of_SYSTEM_Initialize       text3        000362
__end_of_TMR0_Initialize         text4        000354
__end_of__initialization         cinit        000336
__end_of_data_to_send            text2        00037A
__end_of_get_led_status          text10       0001AE
__end_of_get_series              text1        000296
__end_of_main                    text0        0002D6
__end_of_state_machine           text9        000254
__initialization                 cinit        00032A
__mediumconst                    mediumconst  000000
__pbssCOMRAM                     bssCOMRAM    000001
__pcinit                         cinit        00032A
__pcstackCOMRAM                  cstackCOMRAM 000015
__pintcode                       intcode      000008
__pnvCOMRAM                      nvCOMRAM     000028
__ptext0                         text0        000296
__ptext1                         text1        000254
__ptext10                        text10       0000F8
__ptext2                         text2        000370
__ptext3                         text3        000354
__ptext4                         text4        000340
__ptext5                         text5        0002D6
__ptext6                         text6        000362
__ptext7                         text7        000310
__ptext9                         text9        0001AE
__ramtop                         ramtop       000200
__size_of_I2C_Slave_Init         (abs)        000000
__size_of_I2C_Slave_Read         (abs)        000000
__size_of_OSCILLATOR_Initialize  (abs)        000000
__size_of_PIN_MANAGER_Initialize (abs)        000000
__size_of_SYSTEM_Initialize      (abs)        000000
__size_of_TMR0_Initialize        (abs)        000000
__size_of_data_to_send           (abs)        000000
__size_of_get_led_status         (abs)        000000
__size_of_get_series             (abs)        000000
__size_of_main                   (abs)        000000
__size_of_state_machine          (abs)        000000
__smallconst                     smallconst   000000
_data_to_send                    text2        000370
_get_led_status                  text10       0000F8
_get_series                      text1        000254
_hp                              bssCOMRAM    00000B
_main                            text0        000296
_min                             bssCOMRAM    000009
_received                        bssCOMRAM    000003
_sec                             bssCOMRAM    000007
_sent_state                      bssCOMRAM    000001
_series                          bssCOMRAM    00000D
_state_machine                   text9        0001AE
_timer0ReloadVal                 nvCOMRAM     00002A
_value_to_send                   nvCOMRAM     000028
_z                               bssCOMRAM    000005
btemp                            temp         00002B
data_to_send@data                cstackCOMRAM 000024
end_of_initialization            cinit        000336
get_led_status@bin               cstackCOMRAM 00001C
get_led_status@c                 cstackCOMRAM 00001E
get_led_status@incoming          cstackCOMRAM 000015
get_led_status@k                 cstackCOMRAM 00001A
get_series@leds                  cstackCOMRAM 000024
int$flags                        temp         00002B
intlevel0                        text         000000
intlevel1                        text         000000
intlevel2                        text         000000
intlevel3                        text         000000
main@correct_wires_left          cstackCOMRAM 000026
stackhi                          (abs)        0001FF
stacklo                          (abs)        000060
start                            init         0000F4
start_initialization             cinit        00032A
state_machine@value              cstackCOMRAM 000020
ttemp5                           temp         00002C
ttemp6                           temp         00002F
ttemp7                           temp         000033
wtemp8                           temp         00002C


FUNCTION INFORMATION:

 *************** function _main *****************
 Defined at:
		line 32 in file "main.c"
 Parameters:    Size  Location     Type
		None
 Auto vars:     Size  Location     Type
  correct_wire    2   17[COMRAM] int 
 Return value:  Size  Location     Type
                  1    wreg      void 
 Registers used:
		wreg, fsr2l, fsr2h, status,2, status,0, cstack
 Tracked objects:
		On entry : 
		On exit  : 
		Unchanged: 
 Data sizes:     COMRAM   BANK0   BANK1
      Params:         0       0       0
      Locals:         2       0       0
      Temps:          0       0       0
      Totals:         2       0       0
Total ram usage:        2 bytes
 Hardware stack levels required when called:    5
 This function calls:
		_I2C_Slave_Init
		_SYSTEM_Initialize
		_data_to_send
		_get_series
 This function is called by:
		Startup code after reset
 This function uses a non-reentrant model


 *************** function _get_series *****************
 Defined at:
		line 26 in file "i2c_slave.c"
 Parameters:    Size  Location     Type
  leds            2   15[COMRAM] PTR unsigned char 
		 -> series(8), 
 Auto vars:     Size  Location     Type
		None
 Return value:  Size  Location     Type
                  1    wreg      void 
 Registers used:
		wreg, fsr2l, fsr2h, status,2, status,0
 Tracked objects:
		On entry : 
		On exit  : 
		Unchanged: 
 Data sizes:     COMRAM   BANK0   BANK1
      Params:         2       0       0
      Locals:         0       0       0
      Temps:          0       0       0
      Totals:         2       0       0
Total ram usage:        2 bytes
 Hardware stack levels used:    1
 Hardware stack levels required when called:    3
 This function calls:
		Nothing
 This function is called by:
		_main
 This function uses a non-reentrant model


 *************** function _data_to_send *****************
 Defined at:
		line 103 in file "i2c_slave.c"
 Parameters:    Size  Location     Type
  data            2   15[COMRAM] int 
 Auto vars:     Size  Location     Type
		None
 Return value:  Size  Location     Type
                  1    wreg      void 
 Registers used:
		None
 Tracked objects:
		On entry : 
		On exit  : 
		Unchanged: 
 Data sizes:     COMRAM   BANK0   BANK1
      Params:         2       0       0
      Locals:         0       0       0
      Temps:          0       0       0
      Totals:         2       0       0
Total ram usage:        2 bytes
 Hardware stack levels used:    1
 Hardware stack levels required when called:    3
 This function calls:
		Nothing
 This function is called by:
		_main
 This function uses a non-reentrant model


 *************** function _SYSTEM_Initialize *****************
 Defined at:
		line 50 in file "mcc_generated_files/mcc.c"
 Parameters:    Size  Location     Type
		None
 Auto vars:     Size  Location     Type
		None
 Return value:  Size  Location     Type
                  1    wreg      void 
 Registers used:
		wreg, status,2, cstack
 Tracked objects:
		On entry : 
		On exit  : 
		Unchanged: 
 Data sizes:     COMRAM   BANK0   BANK1
      Params:         0       0       0
      Locals:         0       0       0
      Temps:          0       0       0
      Totals:         0       0       0
Total ram usage:        0 bytes
 Hardware stack levels used:    1
 Hardware stack levels required when called:    4
 This function calls:
		_OSCILLATOR_Initialize
		_PIN_MANAGER_Initialize
		_TMR0_Initialize
 This function is called by:
		_main
 This function uses a non-reentrant model


 *************** function _TMR0_Initialize *****************
 Defined at:
		line 66 in file "mcc_generated_files/tmr0.c"
 Parameters:    Size  Location     Type
		None
 Auto vars:     Size  Location     Type
		None
 Return value:  Size  Location     Type
                  1    wreg      void 
 Registers used:
		wreg, status,2
 Tracked objects:
		On entry : 
		On exit  : 
		Unchanged: 
 Data sizes:     COMRAM   BANK0   BANK1
      Params:         0       0       0
      Locals:         0       0       0
      Temps:          0       0       0
      Totals:         0       0       0
Total ram usage:        0 bytes
 Hardware stack levels used:    1
 Hardware stack levels required when called:    3
 This function calls:
		Nothing
 This function is called by:
		_SYSTEM_Initialize
 This function uses a non-reentrant model


 *************** function _PIN_MANAGER_Initialize *****************
 Defined at:
		line 55 in file "mcc_generated_files/pin_manager.c"
 Parameters:    Size  Location     Type
		None
 Auto vars:     Size  Location     Type
		None
 Return value:  Size  Location     Type
                  1    wreg      void 
 Registers used:
		wreg, status,2
 Tracked objects:
		On entry : 
		On exit  : 
		Unchanged: 
 Data sizes:     COMRAM   BANK0   BANK1
      Params:         0       0       0
      Locals:         0       0       0
      Temps:          0       0       0
      Totals:         0       0       0
Total ram usage:        0 bytes
 Hardware stack levels used:    1
 Hardware stack levels required when called:    3
 This function calls:
		Nothing
 This function is called by:
		_SYSTEM_Initialize
 This function uses a non-reentrant model


 *************** function _OSCILLATOR_Initialize *****************
 Defined at:
		line 58 in file "mcc_generated_files/mcc.c"
 Parameters:    Size  Location     Type
		None
 Auto vars:     Size  Location     Type
		None
 Return value:  Size  Location     Type
                  1    wreg      void 
 Registers used:
		wreg, status,2
 Tracked objects:
		On entry : 
		On exit  : 
		Unchanged: 
 Data sizes:     COMRAM   BANK0   BANK1
      Params:         0       0       0
      Locals:         0       0       0
      Temps:          0       0       0
      Totals:         0       0       0
Total ram usage:        0 bytes
 Hardware stack levels used:    1
 Hardware stack levels required when called:    3
 This function calls:
		Nothing
 This function is called by:
		_SYSTEM_Initialize
 This function uses a non-reentrant model


 *************** function _I2C_Slave_Init *****************
 Defined at:
		line 107 in file "i2c_slave.c"
 Parameters:    Size  Location     Type
  address         2   15[COMRAM] short 
 Auto vars:     Size  Location     Type
		None
 Return value:  Size  Location     Type
                  1    wreg      void 
 Registers used:
		wreg, status,2
 Tracked objects:
		On entry : 
		On exit  : 
		Unchanged: 
 Data sizes:     COMRAM   BANK0   BANK1
      Params:         2       0       0
      Locals:         0       0       0
      Temps:          0       0       0
      Totals:         2       0       0
Total ram usage:        2 bytes
 Hardware stack levels used:    1
 Hardware stack levels required when called:    3
 This function calls:
		Nothing
 This function is called by:
		_main
 This function uses a non-reentrant model


 *************** function _I2C_Slave_Read *****************
 Defined at:
		line 58 in file "i2c_slave.c"
 Parameters:    Size  Location     Type
		None
 Auto vars:     Size  Location     Type
		None
 Return value:  Size  Location     Type
                  1    wreg      void 
 Registers used:
		wreg, fsr2l, fsr2h, status,2, status,0, cstack
 Tracked objects:
		On entry : 
		On exit  : 
		Unchanged: 
 Data sizes:     COMRAM   BANK0   BANK1
      Params:         0       0       0
      Locals:         0       0       0
      Temps:          2       0       0
      Totals:         2       0       0
Total ram usage:        2 bytes
 Hardware stack levels used:    1
 Hardware stack levels required when called:    2
 This function calls:
		_state_machine
 This function is called by:
		Interrupt level 2
 This function uses a non-reentrant model


 *************** function _state_machine *****************
 Defined at:
		line 33 in file "i2c_slave.c"
 Parameters:    Size  Location     Type
  value           2   11[COMRAM] int 
 Auto vars:     Size  Location     Type
		None
 Return value:  Size  Location     Type
                  1    wreg      void 
 Registers used:
		wreg, fsr2l, fsr2h, status,2, status,0, cstack
 Tracked objects:
		On entry : 
		On exit  : 
		Unchanged: 
 Data sizes:     COMRAM   BANK0   BANK1
      Params:         2       0       0
      Locals:         0       0       0
      Temps:          0       0       0
      Totals:         2       0       0
Total ram usage:        2 bytes
 Hardware stack levels used:    1
 Hardware stack levels required when called:    1
 This function calls:
		_get_led_status
 This function is called by:
		_I2C_Slave_Read
 This function uses a non-reentrant model


 *************** function _get_led_status *****************
 Defined at:
		line 13 in file "i2c_slave.c"
 Parameters:    Size  Location     Type
  incoming        2    0[COMRAM] int 
 Auto vars:     Size  Location     Type
  c               2    9[COMRAM] int 
  bin             2    7[COMRAM] int 
  k               2    5[COMRAM] int 
 Return value:  Size  Location     Type
                  1    wreg      void 
 Registers used:
		wreg, fsr2l, fsr2h, status,2, status,0
 Tracked objects:
		On entry : 
		On exit  : 
		Unchanged: 
 Data sizes:     COMRAM   BANK0   BANK1
      Params:         2       0       0
      Locals:         6       0       0
      Temps:          3       0       0
      Totals:        11       0       0
Total ram usage:       11 bytes
 Hardware stack levels used:    1
 This function calls:
		Nothing
 This function is called by:
		_state_machine
 This function uses a non-reentrant model



MODULE INFORMATION

Module		Function		Class		Link	Load	Size
mcc_generated_files/tmr0.c
		_TMR0_Initialize		CODE           	0340	0000	21

mcc_generated_files/tmr0.c estimated size: 21

mcc_generated_files/pin_manager.c
		_PIN_MANAGER_Initialize		CODE           	02D6	0000	59

mcc_generated_files/pin_manager.c estimated size: 59

shared
		__initialization		CODE           	032A	0000	13

shared estimated size: 13

mcc_generated_files/mcc.c
		_OSCILLATOR_Initialize		CODE           	0362	0000	15
		_SYSTEM_Initialize		CODE           	0354	0000	15

mcc_generated_files/mcc.c estimated size: 30

i2c_slave.c
		_state_machine 		CODE           	01AE	0000	167
		_data_to_send  		CODE           	0370	0000	11
		_I2C_Slave_Read		CODE           	0008	0000	237
		_I2C_Slave_Init		CODE           	0310	0000	27
		_get_series    		CODE           	0254	0000	67
		_get_led_status		CODE           	00F8	0000	183

i2c_slave.c estimated size: 692

main.c
		_main          		CODE           	0296	0000	65

main.c estimated size: 65

