Microchip MPLAB XC8 Compiler V2.00 ()

Linker command line:

-W-3 --edf=D:\MPLABX\XC\pic\dat\en_msgs.txt -cs \
  -h+dist/default/debug\Wire_module_1.debug.sym \
  --cmf=dist/default/debug\Wire_module_1.debug.cmf -z -Q18F14K22 \
  -oC:\Users\Barnie\AppData\Local\Temp\s580.2 --defsym=__MPLAB_BUILD=1 \
  -Mdist/default/debug/Wire_module_1.debug.map -E1 -ver=XC8 --acfsm=1493 \
  -ASTACK=060h-01ffh -pstack=STACK -ACODE=00h-03DFFh -ACONST=00h-03DFFh \
  -ASMALLCONST=0200h-02FFhx60 -AMEDIUMCONST=0200h-03DFFh -ACOMRAM=01h-05Fh \
  -AABS1=00h-01FFh -ABIGRAM=01h-01FFh -ARAM=060h-0FFh,0100h-01FFh \
  -ABANK0=060h-0FFh -ABANK1=0100h-01FFh -ASFR=0F60h-0FFFh \
  -preset_vec=00h,intcode=08h,intcodelo,powerup,init -pramtop=0200h \
  -psmallconst=SMALLCONST -pmediumconst=MEDIUMCONST -pconst=CONST \
  -AFARRAM=00h-00h -ACONFIG=0300000h-030000Dh -pconfig=CONFIG \
  -AIDLOC=0200000h-0200007h -pidloc=IDLOC -AEEDATA=0F00000h-0F000FFh \
  -peeprom_data=EEDATA \
  -prdata=COMRAM,nvrram=COMRAM,nvbit=COMRAM,rbss=COMRAM,rbit=COMRAM \
  -pfarbss=FARRAM,fardata=FARRAM,nvFARRAM=FARRAM \
  -pintsave_regs=BIGRAM,bigbss=BIGRAM,bigdata=BIGRAM -pbss=RAM \
  -pidata=CODE,irdata=CODE,ibigdata=CODE,ifardata=CODE -prparam=COMRAM \
  C:\Users\Barnie\AppData\Local\Temp\s580.o \
  dist/default/debug\Wire_module_1.debug.o 

Object code version is 3.11

Machine type is 18F14K22

Call graph: (short form)




                Name                               Link     Load   Length Selector   Space Scale
C:\Users\Barnie\AppData\Local\Temp\s580.o
                init                                 B0       B0        4        4       0
                reset_vec                             0        0        4        0       0
                idloc                            200000   200000        8   200000       0
                config                           300000   300000        E   300000       0
dist/default/debug\Wire_module_1.debug.o
                intcode                               8        8       A8        4       0
                temp                                 30       30        1        1       1
                text24                              36C      36C       1C        4       0
                text23                              350      350       1C        4       0
                text22                              334      334       1C        4       0
                text21                              40E      40E        4        4       0
                text20                              40A      40A        4        4       0
                text19                              3FA      3FA        8        4       0
                text18                              3F2      3F2        8        4       0
                text17                              302      302       32        4       0
                text16                              3EA      3EA        8        4       0
                text15                              3E2      3E2        8        4       0
                text14                              2D0      2D0       32        4       0
                text13                              412      412        2        4       0
                text12                              29E      29E       32        4       0
                text11                              3DA      3DA        8        4       0
                text10                              3D2      3D2        8        4       0
                text9                               26C      26C       32        4       0
                text8                               406      406        4        4       0
                text7                                B4       B4       C8        4       0
                text5                               402      402        4        4       0
                text4                               3C4      3C4        E        4       0
                text3                               232      232       3A        4       0
                text2                               39E      39E       14        4       0
                text1                               3B2      3B2       12        4       0
                text0                               17C      17C       7C        4       0
                cstackCOMRAM                         28       28        7        1       1
                dataCOMRAM                            1        1       16        1       1
                bssCOMRAM                            17       17       11        1       1
                cinit                               1F8      1F8       3A        4       0
                nvCOMRAM                             2F       2F        1        1       1
                idataCOMRAM                         388      388       16        4       0

TOTAL           Name                               Link     Load   Length     Space
        CLASS   STACK          

        CLASS   CODE           
                intcode                               8        8       A8         0
                init                                 B0       B0        4         0
                reset_vec                             0        0        4         0
                text24                              36C      36C       1C         0
                text23                              350      350       1C         0
                text22                              334      334       1C         0
                text21                              40E      40E        4         0
                text20                              40A      40A        4         0
                text19                              3FA      3FA        8         0
                text18                              3F2      3F2        8         0
                text17                              302      302       32         0
                text16                              3EA      3EA        8         0
                text15                              3E2      3E2        8         0
                text14                              2D0      2D0       32         0
                text13                              412      412        2         0
                text12                              29E      29E       32         0
                text11                              3DA      3DA        8         0
                text10                              3D2      3D2        8         0
                text9                               26C      26C       32         0
                text8                               406      406        4         0
                text7                                B4       B4       C8         0
                text5                               402      402        4         0
                text4                               3C4      3C4        E         0
                text3                               232      232       3A         0
                text2                               39E      39E       14         0
                text1                               3B2      3B2       12         0
                text0                               17C      17C       7C         0
                cinit                               1F8      1F8       3A         0
                idataCOMRAM                         388      388       16         0

        CLASS   CONST          

        CLASS   SMALLCONST     

        CLASS   MEDIUMCONST    

        CLASS   COMRAM         
                temp                                 30       30        1         1
                cstackCOMRAM                         28       28        7         1
                dataCOMRAM                            1        1       16         1
                bssCOMRAM                            17       17       11         1
                nvCOMRAM                             2F       2F        1         1

        CLASS   ABS1           

        CLASS   BIGRAM         

        CLASS   RAM            

        CLASS   BANK0          

        CLASS   BANK1          

        CLASS   SFR            

        CLASS   FARRAM         

        CLASS   CONFIG         
                config                           300000   300000        E         0

        CLASS   IDLOC          
                idloc                            200000   200000        8         0

        CLASS   EEDATA         



SEGMENTS        Name                           Load    Length   Top    Selector   Space  Class

                reset_vec                      000000  000004  000004         0       0  CODE    
                dataCOMRAM                     000001  000030  000031         1       1  COMRAM  
                intcode                        000008  00040C  000414         4       0  CODE    
                idloc                          200000  000008  200008    200000       0  IDLOC   
                config                         300000  00000E  30000E    300000       0  CONFIG  


UNUSED ADDRESS RANGES

        Name                Unused          Largest block    Delta
        BANK0            000060-0000FF               A0
        BANK1            000100-0001FF              100
        BIGRAM           000031-0001FF              1CF
        CODE             000004-000007                4
                         000414-003DFF             39EC
        COMRAM           000031-00005F               2F
        CONST            000004-000007                4
                         000414-003DFF             39EC
        EEDATA           F00000-F000FF              100
        MEDIUMCONST      000414-003DFF             39EC
        RAM              000060-0001FF               A0
        SFR              000F60-000FFF               A0
        SMALLCONST       000414-003DFF              100
        STACK            000060-0001FF              1A0

                                  Symbol Table

_ANSEL                                      (abs)        000F7E
_ANSELH                                     (abs)        000F7F
_INTCON2bits                                (abs)        000FF1
_INTCONbits                                 (abs)        000FF2
_INTERRUPT_Initialize                       text5        000402
_INTERRUPT_InterruptManager                 intcode      000008
_LATA                                       (abs)        000F89
_LATB                                       (abs)        000F8A
_LATC                                       (abs)        000F8B
_LATCbits                                   (abs)        000F8B
_OSCCON                                     (abs)        000FD3
_OSCCON2                                    (abs)        000FD2
_OSCILLATOR_Initialize                      text4        0003C4
_OSCTUNE                                    (abs)        000F9B
_PIE1bits                                   (abs)        000F9D
_PIE2bits                                   (abs)        000FA0
_PIN_MANAGER_Initialize                     text3        000232
_PIR1bits                                   (abs)        000F9E
_PIR2bits                                   (abs)        000FA1
_PORTAbits                                  (abs)        000F80
_PORTCbits                                  (abs)        000F82
_RCONbits                                   (abs)        000FD0
_SSPADD                                     (abs)        000FC8
_SSPBUF                                     (abs)        000FC9
_SSPCON1                                    (abs)        000FC6
_SSPCON1bits                                (abs)        000FC6
_SSPCON2                                    (abs)        000FC5
_SSPCON2bits                                (abs)        000FC5
_SSPMSK                                     (abs)        000F6F
_SSPSTAT                                    (abs)        000FC7
_SSPSTATbits                                (abs)        000FC7
_SYSTEM_Initialize                          text1        0003B2
_T0CON                                      (abs)        000FD5
_T0CONbits                                  (abs)        000FD5
_TMR0H                                      (abs)        000FD7
_TMR0L                                      (abs)        000FD6
_TMR0_Initialize                            text2        00039E
_TRISA                                      (abs)        000F92
_TRISAbits                                  (abs)        000F92
_TRISB                                      (abs)        000F93
_TRISC                                      (abs)        000F94
_TRISCbits                                  (abs)        000F94
_WPUA                                       (abs)        000F77
_WPUB                                       (abs)        000F78
__CFG_BBSIZ$OFF                             (abs)        000000
__CFG_BOREN$SBORDIS                         (abs)        000000
__CFG_BORV$19                               (abs)        000000
__CFG_CP0$OFF                               (abs)        000000
__CFG_CP1$OFF                               (abs)        000000
__CFG_CPB$OFF                               (abs)        000000
__CFG_CPD$OFF                               (abs)        000000
__CFG_DEBUG$OFF                             (abs)        000000
__CFG_EBTR0$OFF                             (abs)        000000
__CFG_EBTR1$OFF                             (abs)        000000
__CFG_EBTRB$OFF                             (abs)        000000
__CFG_FCMEN$OFF                             (abs)        000000
__CFG_FOSC$IRC                              (abs)        000000
__CFG_HFOFST$ON                             (abs)        000000
__CFG_IESO$OFF                              (abs)        000000
__CFG_LVP$ON                                (abs)        000000
__CFG_MCLRE$ON                              (abs)        000000
__CFG_PCLKEN$ON                             (abs)        000000
__CFG_PLLEN$OFF                             (abs)        000000
__CFG_PWRTEN$OFF                            (abs)        000000
__CFG_STVREN$ON                             (abs)        000000
__CFG_WDTEN$OFF                             (abs)        000000
__CFG_WDTPS$32768                           (abs)        000000
__CFG_WRT0$OFF                              (abs)        000000
__CFG_WRT1$OFF                              (abs)        000000
__CFG_WRTB$OFF                              (abs)        000000
__CFG_WRTC$OFF                              (abs)        000000
__CFG_WRTD$OFF                              (abs)        000000
__CFG_XINST$OFF                             (abs)        000000
__HRAM                                      (abs)        000000
__Habs1                                     abs1         000000
__Hbank0                                    bank0        000000
__Hbank1                                    bank1        000000
__Hbigbss                                   bigbss       000000
__Hbigdata                                  bigdata      000000
__Hbigram                                   bigram       000000
__Hbss                                      bss          000000
__HbssCOMRAM                                bssCOMRAM    000000
__Hcinit                                    cinit        000000
__Hclrtext                                  clrtext      000000
__Hcomram                                   comram       000000
__Hconfig                                   config       30000E
__Hconst                                    const        000000
__HcstackCOMRAM                             cstackCOMRAM 000000
__Hdata                                     data         000000
__HdataCOMRAM                               dataCOMRAM   000000
__Heeprom_data                              eeprom_data  000000
__Hfarbss                                   farbss       000000
__Hfardata                                  fardata      000000
__Hibigdata                                 ibigdata     000000
__Hidata                                    idata        000000
__HidataCOMRAM                              idataCOMRAM  000000
__Hidloc                                    idloc        200008
__Hifardata                                 ifardata     000000
__Hinit                                     init         0000B4
__Hintcode                                  intcode      0000B0
__Hintcode_body                             intcode_body 000000
__Hintcodelo                                intcodelo    0000B0
__Hintentry                                 intentry     000000
__Hintret                                   intret       000000
__Hintsave_regs                             intsave_regs 000000
__Hirdata                                   irdata       000000
__Hmediumconst                              mediumconst  000000
__HnvCOMRAM                                 nvCOMRAM     000000
__HnvFARRAM                                 nvFARRAM     000000
__Hnvbit                                    nvbit        000000
__Hnvrram                                   nvrram       000000
__Hparam                                    rparam       000000
__Hpowerup                                  powerup      0000B0
__Hram                                      ram          000000
__Hramtop                                   ramtop       000200
__Hrbit                                     rbit         000000
__Hrbss                                     rbss         000000
__Hrdata                                    rdata        000000
__Hreset_vec                                reset_vec    000004
__Hrparam                                   rparam       000000
__Hsfr                                      sfr          000000
__Hsmallconst                               smallconst   000000
__Hspace_0                                  (abs)        30000E
__Hspace_1                                  (abs)        000031
__Hspace_2                                  (abs)        000000
__Hstack                                    stack        000000
__Hstruct                                   struct       000000
__Htemp                                     temp         000031
__Htext                                     text         000000
__Htext0                                    text0        000000
__Htext1                                    text1        000000
__Htext10                                   text10       000000
__Htext11                                   text11       000000
__Htext12                                   text12       000000
__Htext13                                   text13       000000
__Htext14                                   text14       000000
__Htext15                                   text15       000000
__Htext16                                   text16       000000
__Htext17                                   text17       000000
__Htext18                                   text18       000000
__Htext19                                   text19       000000
__Htext2                                    text2        000000
__Htext20                                   text20       000000
__Htext21                                   text21       000000
__Htext22                                   text22       000000
__Htext23                                   text23       000000
__Htext24                                   text24       000000
__Htext25                                   text25       000000
__Htext3                                    text3        000000
__Htext4                                    text4        000000
__Htext5                                    text5        000000
__Htext7                                    text7        000000
__Htext8                                    text8        000000
__Htext9                                    text9        000000
__LRAM                                      (abs)        000001
__Labs1                                     abs1         000000
__Lbank0                                    bank0        000000
__Lbank1                                    bank1        000000
__Lbigbss                                   bigbss       000000
__Lbigdata                                  bigdata      000000
__Lbigram                                   bigram       000000
__Lbss                                      bss          000000
__LbssCOMRAM                                bssCOMRAM    000000
__Lcinit                                    cinit        000000
__Lclrtext                                  clrtext      000000
__Lcomram                                   comram       000000
__Lconfig                                   config       300000
__Lconst                                    const        000000
__LcstackCOMRAM                             cstackCOMRAM 000000
__Ldata                                     data         000000
__LdataCOMRAM                               dataCOMRAM   000000
__Leeprom_data                              eeprom_data  000000
__Lfarbss                                   farbss       000000
__Lfardata                                  fardata      000000
__Libigdata                                 ibigdata     000000
__Lidata                                    idata        000000
__LidataCOMRAM                              idataCOMRAM  000000
__Lidloc                                    idloc        200000
__Lifardata                                 ifardata     000000
__Linit                                     init         0000B0
__Lintcode                                  intcode      000008
__Lintcode_body                             intcode_body 000000
__Lintcodelo                                intcodelo    0000B0
__Lintentry                                 intentry     000000
__Lintret                                   intret       000000
__Lintsave_regs                             intsave_regs 000000
__Lirdata                                   irdata       000000
__Lmediumconst                              mediumconst  000000
__LnvCOMRAM                                 nvCOMRAM     000000
__LnvFARRAM                                 nvFARRAM     000000
__Lnvbit                                    nvbit        000000
__Lnvrram                                   nvrram       000000
__Lparam                                    rparam       000000
__Lpowerup                                  powerup      0000B0
__Lram                                      ram          000000
__Lramtop                                   ramtop       000200
__Lrbit                                     rbit         000000
__Lrbss                                     rbss         000000
__Lrdata                                    rdata        000000
__Lreset_vec                                reset_vec    000000
__Lrparam                                   rparam       000000
__Lsfr                                      sfr          000000
__Lsmallconst                               smallconst   000000
__Lspace_0                                  (abs)        000000
__Lspace_1                                  (abs)        000000
__Lspace_2                                  (abs)        000000
__Lstack                                    stack        000000
__Lstruct                                   struct       000000
__Ltemp                                     temp         000030
__Ltext                                     text         000000
__Ltext0                                    text0        000000
__Ltext1                                    text1        000000
__Ltext10                                   text10       000000
__Ltext11                                   text11       000000
__Ltext12                                   text12       000000
__Ltext13                                   text13       000000
__Ltext14                                   text14       000000
__Ltext15                                   text15       000000
__Ltext16                                   text16       000000
__Ltext17                                   text17       000000
__Ltext18                                   text18       000000
__Ltext19                                   text19       000000
__Ltext2                                    text2        000000
__Ltext20                                   text20       000000
__Ltext21                                   text21       000000
__Ltext22                                   text22       000000
__Ltext23                                   text23       000000
__Ltext24                                   text24       000000
__Ltext25                                   text25       000000
__Ltext3                                    text3        000000
__Ltext4                                    text4        000000
__Ltext5                                    text5        000000
__Ltext7                                    text7        000000
__Ltext8                                    text8        000000
__Ltext9                                    text9        000000
__S0                                        (abs)        30000E
__S1                                        (abs)        000031
__S2                                        (abs)        000000
___inthi_sp                                 stack        000000
___intlo_sp                                 stack        000000
___param_bank                               (abs)        000000
___rparam_used                              (abs)        000001
___sp                                       stack        000000
__accesstop                                 (abs)        000060
__activetblptr                              (abs)        000002
__end_of_INTERRUPT_Initialize               text5        000406
__end_of_INTERRUPT_InterruptManager         intcode      0000B0
__end_of_OSCILLATOR_Initialize              text4        0003D2
__end_of_PIN_MANAGER_Initialize             text3        00026C
__end_of_SYSTEM_Initialize                  text1        0003C4
__end_of_TMR0_Initialize                    text2        0003B2
__end_of__initialization                    cinit        000224
__end_of_i2c_driver_TXData                  text11       0003E2
__end_of_i2c_driver_getAddr                 text19       000402
__end_of_i2c_driver_getRXData               text16       0003F2
__end_of_i2c_driver_isData                  text24       000388
__end_of_i2c_driver_isRead                  text23       00036C
__end_of_i2c_driver_isWriteCollision        text22       000350
__end_of_i2c_driver_releaseClock            text21       000412
__end_of_i2c_driver_restart                 text20       00040E
__end_of_i2c_slave_AddrCallBack             text17       000334
__end_of_i2c_slave_BusCollisionISR          text13       000414
__end_of_i2c_slave_DefAddrInterruptHandler  text18       0003FA
__end_of_i2c_slave_DefRdInterruptHandler    text15       0003EA
__end_of_i2c_slave_DefWrInterruptHandler    text10       0003DA
__end_of_i2c_slave_ISR                      text7        00017C
__end_of_i2c_slave_RdCallBack               text14       000302
__end_of_i2c_slave_WCOLCallBack             text12       0002D0
__end_of_i2c_slave_WrCallBack               text9        00029E
__end_of_main                               text0        0001F8
__end_of_mssp_clearIRQ                      text8        00040A
__initialization                            cinit        0001F8
__mediumconst                               mediumconst  000000
__pbssCOMRAM                                bssCOMRAM    000017
__pcinit                                    cinit        0001F8
__pcstackCOMRAM                             cstackCOMRAM 000028
__pdataCOMRAM                               dataCOMRAM   000001
__pidataCOMRAM                              idataCOMRAM  000388
__pintcode                                  intcode      000008
__pnvCOMRAM                                 nvCOMRAM     00002F
__ptext0                                    text0        00017C
__ptext1                                    text1        0003B2
__ptext10                                   text10       0003D2
__ptext11                                   text11       0003DA
__ptext12                                   text12       00029E
__ptext13                                   text13       000412
__ptext14                                   text14       0002D0
__ptext15                                   text15       0003E2
__ptext16                                   text16       0003EA
__ptext17                                   text17       000302
__ptext18                                   text18       0003F2
__ptext19                                   text19       0003FA
__ptext2                                    text2        00039E
__ptext20                                   text20       00040A
__ptext21                                   text21       00040E
__ptext22                                   text22       000334
__ptext23                                   text23       000350
__ptext24                                   text24       00036C
__ptext25                                   text25       000000
__ptext3                                    text3        000232
__ptext4                                    text4        0003C4
__ptext5                                    text5        000402
__ptext7                                    text7        0000B4
__ptext8                                    text8        000406
__ptext9                                    text9        00026C
__ramtop                                    ramtop       000200
__size_of_INTERRUPT_Initialize              (abs)        000000
__size_of_INTERRUPT_InterruptManager        (abs)        000000
__size_of_OSCILLATOR_Initialize             (abs)        000000
__size_of_PIN_MANAGER_Initialize            (abs)        000000
__size_of_SYSTEM_Initialize                 (abs)        000000
__size_of_TMR0_Initialize                   (abs)        000000
__size_of_i2c_driver_TXData                 (abs)        000000
__size_of_i2c_driver_getAddr                (abs)        000000
__size_of_i2c_driver_getRXData              (abs)        000000
__size_of_i2c_driver_isData                 (abs)        000000
__size_of_i2c_driver_isRead                 (abs)        000000
__size_of_i2c_driver_isWriteCollision       (abs)        000000
__size_of_i2c_driver_releaseClock           (abs)        000000
__size_of_i2c_driver_restart                (abs)        000000
__size_of_i2c_slave_AddrCallBack            (abs)        000000
__size_of_i2c_slave_BusCollisionISR         (abs)        000000
__size_of_i2c_slave_DefAddrInterruptHandler (abs)        000000
__size_of_i2c_slave_DefRdInterruptHandler   (abs)        000000
__size_of_i2c_slave_DefWrInterruptHandler   (abs)        000000
__size_of_i2c_slave_ISR                     (abs)        000000
__size_of_i2c_slave_RdCallBack              (abs)        000000
__size_of_i2c_slave_WCOLCallBack            (abs)        000000
__size_of_i2c_slave_WrCallBack              (abs)        000000
__size_of_main                              (abs)        000000
__size_of_mssp_clearIRQ                     (abs)        000000
__smallconst                                smallconst   000000
_hp                                         dataCOMRAM   000015
_i2c1Data                                   bssCOMRAM    000024
_i2c_driver_TXData                          text11       0003DA
_i2c_driver_busCollisionISR                 bssCOMRAM    000021
_i2c_driver_getAddr                         text19       0003FA
_i2c_driver_getRXData                       text16       0003EA
_i2c_driver_i2cISR                          bssCOMRAM    00001F
_i2c_driver_isData                          text24       00036C
_i2c_driver_isRead                          text23       000350
_i2c_driver_isWriteCollision                text22       000334
_i2c_driver_releaseClock                    text21       00040E
_i2c_driver_restart                         text20       00040A
_i2c_slave_AddrCallBack                     text17       000302
_i2c_slave_AddrInterruptHandler             bssCOMRAM    000019
_i2c_slave_BusCollisionISR                  text13       000412
_i2c_slave_DefAddrInterruptHandler          text18       0003F2
_i2c_slave_DefRdInterruptHandler            text15       0003E2
_i2c_slave_DefWrInterruptHandler            text10       0003D2
_i2c_slave_ISR                              text7        0000B4
_i2c_slave_RdCallBack                       text14       0002D0
_i2c_slave_RdInterruptHandler               bssCOMRAM    00001D
_i2c_slave_WCOLCallBack                     text12       00029E
_i2c_slave_WCOLInterruptHandler             bssCOMRAM    000017
_i2c_slave_WrCallBack                       text9        00026C
_i2c_slave_WrInterruptHandler               bssCOMRAM    00001B
_i2c_slave_writeData                        bssCOMRAM    000027
_main                                       text0        00017C
_min                                        dataCOMRAM   000013
_mssp_clearIRQ                              text8        000406
_nextState                                  bssCOMRAM    000025
_sAddr                                      bssCOMRAM    000023
_sec                                        dataCOMRAM   000011
_series                                     dataCOMRAM   000001
_state                                      bssCOMRAM    000026
_timer0ReloadVal                            nvCOMRAM     00002F
btemp                                       temp         000030
end_of_initialization                       cinit        000224
i2c_driver_TXData@d                         cstackCOMRAM 000028
int$flags                                   temp         000030
intlevel0                                   text         000000
intlevel1                                   text         000000
intlevel2                                   text         000000
intlevel3                                   text         000000
main@correct_wires_left                     cstackCOMRAM 00002D
stackhi                                     (abs)        0001FF
stacklo                                     (abs)        000060
start                                       init         0000B0
start_initialization                        cinit        0001F8
ttemp5                                      temp         000031
ttemp6                                      temp         000034
ttemp7                                      temp         000038
wtemp8                                      temp         000031


FUNCTION INFORMATION:

 *************** function _main *****************
 Defined at:
		line 30 in file "main.c"
 Parameters:    Size  Location     Type
		None
 Auto vars:     Size  Location     Type
  correct_wire    2    5[COMRAM] int 
 Return value:  Size  Location     Type
                  1    wreg      void 
 Registers used:
		wreg, status,2, cstack
 Tracked objects:
		On entry : 
		On exit  : 
		Unchanged: 
 Data sizes:     COMRAM   BANK0   BANK1
      Params:         0       0       0
      Locals:         2       0       0
      Temps:          0       0       0
      Totals:         2       0       0
Total ram usage:        2 bytes
 Hardware stack levels required when called:    7
 This function calls:
		_SYSTEM_Initialize
 This function is called by:
		Startup code after reset
 This function uses a non-reentrant model


 *************** function _SYSTEM_Initialize *****************
 Defined at:
		line 50 in file "mcc_generated_files/mcc.c"
 Parameters:    Size  Location     Type
		None
 Auto vars:     Size  Location     Type
		None
 Return value:  Size  Location     Type
                  1    wreg      void 
 Registers used:
		wreg, status,2, cstack
 Tracked objects:
		On entry : 
		On exit  : 
		Unchanged: 
 Data sizes:     COMRAM   BANK0   BANK1
      Params:         0       0       0
      Locals:         0       0       0
      Temps:          0       0       0
      Totals:         0       0       0
Total ram usage:        0 bytes
 Hardware stack levels used:    1
 Hardware stack levels required when called:    6
 This function calls:
		_INTERRUPT_Initialize
		_OSCILLATOR_Initialize
		_PIN_MANAGER_Initialize
		_TMR0_Initialize
 This function is called by:
		_main
 This function uses a non-reentrant model


 *************** function _TMR0_Initialize *****************
 Defined at:
		line 66 in file "mcc_generated_files/tmr0.c"
 Parameters:    Size  Location     Type
		None
 Auto vars:     Size  Location     Type
		None
 Return value:  Size  Location     Type
                  1    wreg      void 
 Registers used:
		wreg, status,2
 Tracked objects:
		On entry : 
		On exit  : 
		Unchanged: 
 Data sizes:     COMRAM   BANK0   BANK1
      Params:         0       0       0
      Locals:         0       0       0
      Temps:          0       0       0
      Totals:         0       0       0
Total ram usage:        0 bytes
 Hardware stack levels used:    1
 Hardware stack levels required when called:    5
 This function calls:
		Nothing
 This function is called by:
		_SYSTEM_Initialize
 This function uses a non-reentrant model


 *************** function _PIN_MANAGER_Initialize *****************
 Defined at:
		line 55 in file "mcc_generated_files/pin_manager.c"
 Parameters:    Size  Location     Type
		None
 Auto vars:     Size  Location     Type
		None
 Return value:  Size  Location     Type
                  1    wreg      void 
 Registers used:
		wreg, status,2
 Tracked objects:
		On entry : 
		On exit  : 
		Unchanged: 
 Data sizes:     COMRAM   BANK0   BANK1
      Params:         0       0       0
      Locals:         0       0       0
      Temps:          0       0       0
      Totals:         0       0       0
Total ram usage:        0 bytes
 Hardware stack levels used:    1
 Hardware stack levels required when called:    5
 This function calls:
		Nothing
 This function is called by:
		_SYSTEM_Initialize
 This function uses a non-reentrant model


 *************** function _OSCILLATOR_Initialize *****************
 Defined at:
		line 59 in file "mcc_generated_files/mcc.c"
 Parameters:    Size  Location     Type
		None
 Auto vars:     Size  Location     Type
		None
 Return value:  Size  Location     Type
                  1    wreg      void 
 Registers used:
		wreg, status,2
 Tracked objects:
		On entry : 
		On exit  : 
		Unchanged: 
 Data sizes:     COMRAM   BANK0   BANK1
      Params:         0       0       0
      Locals:         0       0       0
      Temps:          0       0       0
      Totals:         0       0       0
Total ram usage:        0 bytes
 Hardware stack levels used:    1
 Hardware stack levels required when called:    5
 This function calls:
		Nothing
 This function is called by:
		_SYSTEM_Initialize
 This function uses a non-reentrant model


 *************** function _INTERRUPT_Initialize *****************
 Defined at:
		line 52 in file "mcc_generated_files/interrupt_manager.c"
 Parameters:    Size  Location     Type
		None
 Auto vars:     Size  Location     Type
		None
 Return value:  Size  Location     Type
                  1    wreg      void 
 Registers used:
		None
 Tracked objects:
		On entry : 
		On exit  : 
		Unchanged: 
 Data sizes:     COMRAM   BANK0   BANK1
      Params:         0       0       0
      Locals:         0       0       0
      Temps:          0       0       0
      Totals:         0       0       0
Total ram usage:        0 bytes
 Hardware stack levels used:    1
 Hardware stack levels required when called:    5
 This function calls:
		Nothing
 This function is called by:
		_SYSTEM_Initialize
 This function uses a non-reentrant model


 *************** function _INTERRUPT_InterruptManager *****************
 Defined at:
		line 58 in file "mcc_generated_files/interrupt_manager.c"
 Parameters:    Size  Location     Type
		None
 Auto vars:     Size  Location     Type
		None
 Return value:  Size  Location     Type
                  1    wreg      void 
 Registers used:
		wreg, status,2, status,0, pclath, tosl, cstack
 Tracked objects:
		On entry : 
		On exit  : 
		Unchanged: 
 Data sizes:     COMRAM   BANK0   BANK1
      Params:         0       0       0
      Locals:         0       0       0
      Temps:          2       0       0
      Totals:         2       0       0
Total ram usage:        2 bytes
 Hardware stack levels used:    1
 Hardware stack levels required when called:    4
 This function calls:
		Absolute function
		_i2c_slave_BusCollisionISR
		_i2c_slave_ISR
 This function is called by:
		Interrupt level 2
 This function uses a non-reentrant model


 *************** function _i2c_slave_ISR *****************
 Defined at:
		line 62 in file "mcc_generated_files/drivers/i2c_slave.c"
 Parameters:    Size  Location     Type
		None
 Auto vars:     Size  Location     Type
		None
 Return value:  Size  Location     Type
                  1    wreg      void 
 Registers used:
		wreg, status,2, status,0, pclath, tosl, cstack
 Tracked objects:
		On entry : 
		On exit  : 
		Unchanged: 
 Data sizes:     COMRAM   BANK0   BANK1
      Params:         0       0       0
      Locals:         0       0       0
      Temps:          2       0       0
      Totals:         2       0       0
Total ram usage:        2 bytes
 Hardware stack levels used:    1
 Hardware stack levels required when called:    3
 This function calls:
		_i2c_driver_getRXData
		_i2c_driver_isData
		_i2c_driver_isRead
		_i2c_driver_isWriteCollision
		_i2c_driver_releaseClock
		_i2c_driver_restart
		_i2c_slave_AddrCallBack
		_i2c_slave_RdCallBack
		_i2c_slave_WCOLCallBack
		_i2c_slave_WrCallBack
		_mssp_clearIRQ
 This function is called by:
		_i2c_slave_open
		_INTERRUPT_InterruptManager
 This function uses a non-reentrant model


 *************** function _mssp_clearIRQ *****************
 Defined at:
		line 53 in file "mcc_generated_files/i2c_driver.c"
 Parameters:    Size  Location     Type
		None
 Auto vars:     Size  Location     Type
		None
 Return value:  Size  Location     Type
                  1    wreg      void 
 Registers used:
		None
 Tracked objects:
		On entry : 
		On exit  : 
		Unchanged: 
 Data sizes:     COMRAM   BANK0   BANK1
      Params:         0       0       0
      Locals:         0       0       0
      Temps:          0       0       0
      Totals:         0       0       0
Total ram usage:        0 bytes
 Hardware stack levels used:    1
 This function calls:
		Nothing
 This function is called by:
		_i2c_slave_ISR
 This function uses a non-reentrant model


 *************** function _i2c_slave_WrCallBack *****************
 Defined at:
		line 157 in file "mcc_generated_files/drivers/i2c_slave.c"
 Parameters:    Size  Location     Type
		None
 Auto vars:     Size  Location     Type
		None
 Return value:  Size  Location     Type
                  1    wreg      void 
 Registers used:
		wreg, status,2, status,0, pclath, tosl, cstack
 Tracked objects:
		On entry : 
		On exit  : 
		Unchanged: 
 Data sizes:     COMRAM   BANK0   BANK1
      Params:         0       0       0
      Locals:         0       0       0
      Temps:          0       0       0
      Totals:         0       0       0
Total ram usage:        0 bytes
 Hardware stack levels used:    1
 Hardware stack levels required when called:    2
 This function calls:
		Absolute function
		_i2c_slave_DefWrInterruptHandler
 This function is called by:
		_i2c_slave_ISR
 This function uses a non-reentrant model


 *************** function _i2c_slave_DefWrInterruptHandler *****************
 Defined at:
		line 168 in file "mcc_generated_files/drivers/i2c_slave.c"
 Parameters:    Size  Location     Type
		None
 Auto vars:     Size  Location     Type
		None
 Return value:  Size  Location     Type
                  1    wreg      void 
 Registers used:
		wreg, status,2, cstack
 Tracked objects:
		On entry : 
		On exit  : 
		Unchanged: 
 Data sizes:     COMRAM   BANK0   BANK1
      Params:         0       0       0
      Locals:         0       0       0
      Temps:          0       0       0
      Totals:         0       0       0
Total ram usage:        0 bytes
 Hardware stack levels used:    1
 Hardware stack levels required when called:    1
 This function calls:
		_i2c_driver_TXData
 This function is called by:
		_i2c_slave_open
		_i2c_slave_WrCallBack
 This function uses a non-reentrant model


 *************** function _i2c_driver_TXData *****************
 Defined at:
		line 186 in file "mcc_generated_files/i2c_driver.c"
 Parameters:    Size  Location     Type
  d               1    wreg     unsigned char 
 Auto vars:     Size  Location     Type
  d               1    0[COMRAM] unsigned char 
 Return value:  Size  Location     Type
                  1    wreg      void 
 Registers used:
		wreg
 Tracked objects:
		On entry : 
		On exit  : 
		Unchanged: 
 Data sizes:     COMRAM   BANK0   BANK1
      Params:         0       0       0
      Locals:         1       0       0
      Temps:          0       0       0
      Totals:         1       0       0
Total ram usage:        1 bytes
 Hardware stack levels used:    1
 This function calls:
		Nothing
 This function is called by:
		_i2c_slave_DefWrInterruptHandler
		_i2c_slave_write
 This function uses a non-reentrant model


 *************** function _i2c_slave_WCOLCallBack *****************
 Defined at:
		line 189 in file "mcc_generated_files/drivers/i2c_slave.c"
 Parameters:    Size  Location     Type
		None
 Auto vars:     Size  Location     Type
		None
 Return value:  Size  Location     Type
                  1    wreg      void 
 Registers used:
		wreg, status,2, status,0, pclath, tosl, cstack
 Tracked objects:
		On entry : 
		On exit  : 
		Unchanged: 
 Data sizes:     COMRAM   BANK0   BANK1
      Params:         0       0       0
      Locals:         0       0       0
      Temps:          0       0       0
      Totals:         0       0       0
Total ram usage:        0 bytes
 Hardware stack levels used:    1
 Hardware stack levels required when called:    1
 This function calls:
		Absolute function
		_i2c_slave_BusCollisionISR
 This function is called by:
		_i2c_slave_ISR
 This function uses a non-reentrant model


 *************** function _i2c_slave_BusCollisionISR *****************
 Defined at:
		line 108 in file "mcc_generated_files/drivers/i2c_slave.c"
 Parameters:    Size  Location     Type
		None
 Auto vars:     Size  Location     Type
		None
 Return value:  Size  Location     Type
                  1    wreg      void 
 Registers used:
		None
 Tracked objects:
		On entry : 
		On exit  : 
		Unchanged: 
 Data sizes:     COMRAM   BANK0   BANK1
      Params:         0       0       0
      Locals:         0       0       0
      Temps:          0       0       0
      Totals:         0       0       0
Total ram usage:        0 bytes
 Hardware stack levels used:    1
 This function calls:
		Nothing
 This function is called by:
		_i2c_slave_open
		_i2c_slave_WCOLCallBack
		_INTERRUPT_InterruptManager
 This function uses a non-reentrant model


 *************** function _i2c_slave_RdCallBack *****************
 Defined at:
		line 133 in file "mcc_generated_files/drivers/i2c_slave.c"
 Parameters:    Size  Location     Type
		None
 Auto vars:     Size  Location     Type
		None
 Return value:  Size  Location     Type
                  1    wreg      void 
 Registers used:
		wreg, status,2, status,0, pclath, tosl, cstack
 Tracked objects:
		On entry : 
		On exit  : 
		Unchanged: 
 Data sizes:     COMRAM   BANK0   BANK1
      Params:         0       0       0
      Locals:         0       0       0
      Temps:          0       0       0
      Totals:         0       0       0
Total ram usage:        0 bytes
 Hardware stack levels used:    1
 Hardware stack levels required when called:    2
 This function calls:
		Absolute function
		_i2c_slave_DefRdInterruptHandler
 This function is called by:
		_i2c_slave_ISR
 This function uses a non-reentrant model


 *************** function _i2c_slave_DefRdInterruptHandler *****************
 Defined at:
		line 152 in file "mcc_generated_files/drivers/i2c_slave.c"
 Parameters:    Size  Location     Type
		None
 Auto vars:     Size  Location     Type
		None
 Return value:  Size  Location     Type
                  1    wreg      void 
 Registers used:
		wreg, status,2, cstack
 Tracked objects:
		On entry : 
		On exit  : 
		Unchanged: 
 Data sizes:     COMRAM   BANK0   BANK1
      Params:         0       0       0
      Locals:         0       0       0
      Temps:          0       0       0
      Totals:         0       0       0
Total ram usage:        0 bytes
 Hardware stack levels used:    1
 Hardware stack levels required when called:    1
 This function calls:
		_i2c_driver_getRXData
 This function is called by:
		_i2c_slave_open
		_i2c_slave_RdCallBack
 This function uses a non-reentrant model


 *************** function _i2c_driver_getRXData *****************
 Defined at:
		line 171 in file "mcc_generated_files/i2c_driver.c"
 Parameters:    Size  Location     Type
		None
 Auto vars:     Size  Location     Type
		None
 Return value:  Size  Location     Type
                  1    wreg      unsigned char 
 Registers used:
		wreg, status,2
 Tracked objects:
		On entry : 
		On exit  : 
		Unchanged: 
 Data sizes:     COMRAM   BANK0   BANK1
      Params:         0       0       0
      Locals:         0       0       0
      Temps:          0       0       0
      Totals:         0       0       0
Total ram usage:        0 bytes
 Hardware stack levels used:    1
 This function calls:
		Nothing
 This function is called by:
		_i2c_slave_ISR
		_i2c_slave_DefRdInterruptHandler
		_i2c_slave_read
 This function uses a non-reentrant model


 *************** function _i2c_slave_AddrCallBack *****************
 Defined at:
		line 173 in file "mcc_generated_files/drivers/i2c_slave.c"
 Parameters:    Size  Location     Type
		None
 Auto vars:     Size  Location     Type
		None
 Return value:  Size  Location     Type
                  1    wreg      void 
 Registers used:
		wreg, status,2, status,0, pclath, tosl, cstack
 Tracked objects:
		On entry : 
		On exit  : 
		Unchanged: 
 Data sizes:     COMRAM   BANK0   BANK1
      Params:         0       0       0
      Locals:         0       0       0
      Temps:          0       0       0
      Totals:         0       0       0
Total ram usage:        0 bytes
 Hardware stack levels used:    1
 Hardware stack levels required when called:    2
 This function calls:
		Absolute function
		_i2c_slave_DefAddrInterruptHandler
 This function is called by:
		_i2c_slave_ISR
 This function uses a non-reentrant model


 *************** function _i2c_slave_DefAddrInterruptHandler *****************
 Defined at:
		line 184 in file "mcc_generated_files/drivers/i2c_slave.c"
 Parameters:    Size  Location     Type
		None
 Auto vars:     Size  Location     Type
		None
 Return value:  Size  Location     Type
                  1    wreg      void 
 Registers used:
		wreg, status,2, cstack
 Tracked objects:
		On entry : 
		On exit  : 
		Unchanged: 
 Data sizes:     COMRAM   BANK0   BANK1
      Params:         0       0       0
      Locals:         0       0       0
      Temps:          0       0       0
      Totals:         0       0       0
Total ram usage:        0 bytes
 Hardware stack levels used:    1
 Hardware stack levels required when called:    1
 This function calls:
		_i2c_driver_getAddr
 This function is called by:
		_i2c_slave_open
		_i2c_slave_AddrCallBack
 This function uses a non-reentrant model


 *************** function _i2c_driver_getAddr *****************
 Defined at:
		line 191 in file "mcc_generated_files/i2c_driver.c"
 Parameters:    Size  Location     Type
		None
 Auto vars:     Size  Location     Type
		None
 Return value:  Size  Location     Type
                  1    wreg      unsigned char 
 Registers used:
		wreg, status,2
 Tracked objects:
		On entry : 
		On exit  : 
		Unchanged: 
 Data sizes:     COMRAM   BANK0   BANK1
      Params:         0       0       0
      Locals:         0       0       0
      Temps:          0       0       0
      Totals:         0       0       0
Total ram usage:        0 bytes
 Hardware stack levels used:    1
 This function calls:
		Nothing
 This function is called by:
		_i2c_slave_DefAddrInterruptHandler
 This function uses a non-reentrant model


 *************** function _i2c_driver_restart *****************
 Defined at:
		line 151 in file "mcc_generated_files/i2c_driver.c"
 Parameters:    Size  Location     Type
		None
 Auto vars:     Size  Location     Type
		None
 Return value:  Size  Location     Type
                  1    wreg      void 
 Registers used:
		None
 Tracked objects:
		On entry : 
		On exit  : 
		Unchanged: 
 Data sizes:     COMRAM   BANK0   BANK1
      Params:         0       0       0
      Locals:         0       0       0
      Temps:          0       0       0
      Totals:         0       0       0
Total ram usage:        0 bytes
 Hardware stack levels used:    1
 This function calls:
		Nothing
 This function is called by:
		_i2c_slave_ISR
 This function uses a non-reentrant model


 *************** function _i2c_driver_releaseClock *****************
 Defined at:
		line 208 in file "mcc_generated_files/i2c_driver.c"
 Parameters:    Size  Location     Type
		None
 Auto vars:     Size  Location     Type
		None
 Return value:  Size  Location     Type
                  1    wreg      void 
 Registers used:
		None
 Tracked objects:
		On entry : 
		On exit  : 
		Unchanged: 
 Data sizes:     COMRAM   BANK0   BANK1
      Params:         0       0       0
      Locals:         0       0       0
      Temps:          0       0       0
      Totals:         0       0       0
Total ram usage:        0 bytes
 Hardware stack levels used:    1
 This function calls:
		Nothing
 This function is called by:
		_i2c_slave_ISR
 This function uses a non-reentrant model


 *************** function _i2c_driver_isWriteCollision *****************
 Defined at:
		line 243 in file "mcc_generated_files/i2c_driver.c"
 Parameters:    Size  Location     Type
		None
 Auto vars:     Size  Location     Type
		None
 Return value:  Size  Location     Type
		None               void
 Registers used:
		wreg, status,0
 Tracked objects:
		On entry : 
		On exit  : 
		Unchanged: 
 Data sizes:     COMRAM   BANK0   BANK1
      Params:         0       0       0
      Locals:         0       0       0
      Temps:          1       0       0
      Totals:         1       0       0
Total ram usage:        1 bytes
 Hardware stack levels used:    1
 This function calls:
		Nothing
 This function is called by:
		_i2c_slave_ISR
 This function uses a non-reentrant model


 *************** function _i2c_driver_isRead *****************
 Defined at:
		line 238 in file "mcc_generated_files/i2c_driver.c"
 Parameters:    Size  Location     Type
		None
 Auto vars:     Size  Location     Type
		None
 Return value:  Size  Location     Type
		None               void
 Registers used:
		wreg, status,0
 Tracked objects:
		On entry : 
		On exit  : 
		Unchanged: 
 Data sizes:     COMRAM   BANK0   BANK1
      Params:         0       0       0
      Locals:         0       0       0
      Temps:          1       0       0
      Totals:         1       0       0
Total ram usage:        1 bytes
 Hardware stack levels used:    1
 This function calls:
		Nothing
 This function is called by:
		_i2c_slave_ISR
 This function uses a non-reentrant model


 *************** function _i2c_driver_isData *****************
 Defined at:
		line 233 in file "mcc_generated_files/i2c_driver.c"
 Parameters:    Size  Location     Type
		None
 Auto vars:     Size  Location     Type
		None
 Return value:  Size  Location     Type
		None               void
 Registers used:
		wreg, status,0
 Tracked objects:
		On entry : 
		On exit  : 
		Unchanged: 
 Data sizes:     COMRAM   BANK0   BANK1
      Params:         0       0       0
      Locals:         0       0       0
      Temps:          1       0       0
      Totals:         1       0       0
Total ram usage:        1 bytes
 Hardware stack levels used:    1
 This function calls:
		Nothing
 This function is called by:
		_i2c_slave_ISR
 This function uses a non-reentrant model



MODULE INFORMATION

Module		Function		Class		Link	Load	Size
mcc_generated_files/drivers/i2c_slave.c
		_i2c_slave_BusCollisionISR		CODE           	0412	0000	3
		_i2c_slave_DefAddrInterruptHandler		CODE           	03F2	0000	9
		_i2c_slave_ISR 		CODE           	00B4	0000	201
		_i2c_slave_DefRdInterruptHandler		CODE           	03E2	0000	9
		_i2c_slave_DefWrInterruptHandler		CODE           	03D2	0000	9
		_i2c_slave_RdCallBack		CODE           	02D0	0000	51
		_i2c_slave_WrCallBack		CODE           	026C	0000	51
		_i2c_slave_WCOLCallBack		CODE           	029E	0000	51
		_i2c_slave_AddrCallBack		CODE           	0302	0000	51

mcc_generated_files/drivers/i2c_slave.c estimated size: 435

mcc_generated_files/interrupt_manager.c
		_INTERRUPT_Initialize		CODE           	0402	0000	5
		_INTERRUPT_InterruptManager		CODE           	0008	0000	169

mcc_generated_files/interrupt_manager.c estimated size: 174

mcc_generated_files/tmr0.c
		_TMR0_Initialize		CODE           	039E	0000	21

mcc_generated_files/tmr0.c estimated size: 21

mcc_generated_files/pin_manager.c
		_PIN_MANAGER_Initialize		CODE           	0232	0000	59

mcc_generated_files/pin_manager.c estimated size: 59

mcc_generated_files/i2c_driver.c
		_mssp_clearIRQ 		CODE           	0406	0000	5
		_i2c_driver_restart		CODE           	040A	0000	5
		_i2c_driver_isWriteCollision		CODE           	0334	0000	29
		_i2c_driver_isRead		CODE           	0350	0000	29
		_i2c_driver_getRXData		CODE           	03EA	0000	9
		_i2c_driver_TXData		CODE           	03DA	0000	9
		_i2c_driver_isData		CODE           	036C	0000	29
		_i2c_driver_releaseClock		CODE           	040E	0000	5
		_i2c_driver_getAddr		CODE           	03FA	0000	9

mcc_generated_files/i2c_driver.c estimated size: 129

shared
		__initialization		CODE           	01F8	0000	45

shared estimated size: 45

mcc_generated_files/mcc.c
		_OSCILLATOR_Initialize		CODE           	03C4	0000	15
		_SYSTEM_Initialize		CODE           	03B2	0000	19

mcc_generated_files/mcc.c estimated size: 34

main.c
		_main          		CODE           	017C	0000	125

main.c estimated size: 125

