Microchip MPLAB XC8 Compiler V2.00 ()

Linker command line:

-W-3 --edf=D:\MPLABX\XC\pic\dat\en_msgs.txt -cs \
  -h+dist/default/debug\Main_module_3.debug.sym \
  --cmf=dist/default/debug\Main_module_3.debug.cmf -z -Q18F24K22 \
  -oC:\Users\Barnie\AppData\Local\Temp\s2ag.2 --defsym=__MPLAB_BUILD=1 \
  -Mdist/default/debug/Main_module_3.debug.map -E1 -ver=XC8 --acfsm=1493 \
  -ASTACK=0130h-02ffh -pstack=STACK -ACODE=00h-03FFFh -ACONST=00h-03FFFh \
  -ASMALLCONST=0300h-03FFhx61 -AMEDIUMCONST=0300h-03FFFh -ACOMRAM=01h-05Fh \
  -AABS1=00h-02FFh -ABIGRAM=01h-02FFh -ARAM=060h-0FFh,0100h-01FFhx2 \
  -ABANK0=060h-0FFh -ABANK1=0100h-01FFh -ABANK2=0200h-02FFh \
  -ASFR=0F38h-0F5Fh,0F60h-0FFFh \
  -preset_vec=00h,intcode=08h,intcodelo,powerup,init -pramtop=0300h \
  -psmallconst=SMALLCONST -pmediumconst=MEDIUMCONST -pconst=CONST \
  -AFARRAM=00h-00h -ACONFIG=0300000h-030000Dh -pconfig=CONFIG \
  -AIDLOC=0200000h-0200007h -pidloc=IDLOC -AEEDATA=0F00000h-0F000FFh \
  -peeprom_data=EEDATA \
  -prdata=COMRAM,nvrram=COMRAM,nvbit=COMRAM,rbss=COMRAM,rbit=COMRAM \
  -pfarbss=FARRAM,fardata=FARRAM,nvFARRAM=FARRAM \
  -pintsave_regs=BIGRAM,bigbss=BIGRAM,bigdata=BIGRAM -pbss=RAM \
  -pidata=CODE,irdata=CODE,ibigdata=CODE,ifardata=CODE -prparam=COMRAM \
  C:\Users\Barnie\AppData\Local\Temp\s2ag.o \
  dist/default/debug\Main_module_3.debug.o 

Object code version is 3.11

Machine type is 18F24K22

Call graph: (short form)




                Name                               Link     Load   Length Selector   Space Scale
C:\Users\Barnie\AppData\Local\Temp\s2ag.o
                init                                 84       84        4        4       0
                reset_vec                             0        0        4        0       0
                idloc                            200000   200000        8   200000       0
                config                           300000   300000        E   300000       0
dist/default/debug\Main_module_3.debug.o
                intcode                               8        8       7C        4       0
                temp                                 58       58        1        1       1
                text37                             143C     143C        4        4       0
                text36                             135E     135E       20        4       0
                text35                             11C4     11C4       4C        4       0
                text34                               88       88      3AA        4       0
                text32                             142E     142E        6        4       0
                text31                              B7A      B7A       EC        4       0
                text30                              A8C      A8C       EE        4       0
                text29                             1428     1428        6        4       0
                text28                             10B6     10B6       64        4       0
                text27                              FD4      FD4       72        4       0
                text26                             133A     133A       24        4       0
                text25                             1396     1396       18        4       0
                text24                              D48      D48       D8        4       0
                text23                              432      432      308        4       0
                text22                              73A      73A      258        4       0
                text21                             12E6     12E6       2E        4       0
                text20                             1420     1420        8        4       0
                text19                             1418     1418        8        4       0
                text18                             1406     1406        A        4       0
                text17                             13FC     13FC        A        4       0
                text16                             111A     111A       5C        4       0
                text15                             1254     1254       32        4       0
                text14                             1438     1438        4        4       0
                text13                             13EE     13EE        E        4       0
                text12                             1176     1176       4E        4       0
                text11                             13DA     13DA       14        4       0
                text10                             13C4     13C4       16        4       0
                text9                              1434     1434        4        4       0
                text8                              137E     137E       18        4       0
                text7                              1210     1210       44        4       0
                text6                              12B6     12B6       30        4       0
                text5                              1314     1314       26        4       0
                text4                               E20      E20       A6        4       0
                text3                               C66      C66       E2        4       0
                text2                               992      992       FA        4       0
                text1                              13AE     13AE       16        4       0
                text0                               EC6      EC6       88        4       0
                cstackCOMRAM                          1        1       30        1       1
                cstackBANK0                          F2       F2        4       60       1
                dataBANK1                           100      100       30      100       1
                dataBANK0                            60       60       70       60       1
                bssBANK0                             D0       D0       1A       60       1
                dataCOMRAM                           4F       4F        8        1       1
                bssCOMRAM                            31       31       1E        1       1
                cinit                               F4E      F4E       86        4       0
                nvBANK0                              EA       EA        8       60       1
                nvCOMRAM                             57       57        1        1       1
                idataBANK1                         1286     1286       30        4       0
                idataBANK0                         1046     1046       70        4       0
                idataCOMRAM                        1410     1410        8        4       0

TOTAL           Name                               Link     Load   Length     Space
        CLASS   STACK          

        CLASS   CODE           
                intcode                               8        8       7C         0
                init                                 84       84        4         0
                reset_vec                             0        0        4         0
                text37                             143C     143C        4         0
                text36                             135E     135E       20         0
                text35                             11C4     11C4       4C         0
                text34                               88       88      3AA         0
                text32                             142E     142E        6         0
                text31                              B7A      B7A       EC         0
                text30                              A8C      A8C       EE         0
                text29                             1428     1428        6         0
                text28                             10B6     10B6       64         0
                text27                              FD4      FD4       72         0
                text26                             133A     133A       24         0
                text25                             1396     1396       18         0
                text24                              D48      D48       D8         0
                text23                              432      432      308         0
                text22                              73A      73A      258         0
                text21                             12E6     12E6       2E         0
                text20                             1420     1420        8         0
                text19                             1418     1418        8         0
                text18                             1406     1406        A         0
                text17                             13FC     13FC        A         0
                text16                             111A     111A       5C         0
                text15                             1254     1254       32         0
                text14                             1438     1438        4         0
                text13                             13EE     13EE        E         0
                text12                             1176     1176       4E         0
                text11                             13DA     13DA       14         0
                text10                             13C4     13C4       16         0
                text9                              1434     1434        4         0
                text8                              137E     137E       18         0
                text7                              1210     1210       44         0
                text6                              12B6     12B6       30         0
                text5                              1314     1314       26         0
                text4                               E20      E20       A6         0
                text3                               C66      C66       E2         0
                text2                               992      992       FA         0
                text1                              13AE     13AE       16         0
                text0                               EC6      EC6       88         0
                cinit                               F4E      F4E       86         0
                idataBANK1                         1286     1286       30         0
                idataBANK0                         1046     1046       70         0
                idataCOMRAM                        1410     1410        8         0

        CLASS   CONST          

        CLASS   SMALLCONST     

        CLASS   MEDIUMCONST    

        CLASS   COMRAM         
                temp                                 58       58        1         1
                cstackCOMRAM                          1        1       30         1
                dataCOMRAM                           4F       4F        8         1
                bssCOMRAM                            31       31       1E         1
                nvCOMRAM                             57       57        1         1

        CLASS   ABS1           

        CLASS   BIGRAM         

        CLASS   RAM            

        CLASS   BANK0          
                cstackBANK0                          F2       F2        4         1
                dataBANK0                            60       60       70         1
                bssBANK0                             D0       D0       1A         1
                nvBANK0                              EA       EA        8         1

        CLASS   BANK1          
                dataBANK1                           100      100       30         1

        CLASS   BANK2          

        CLASS   SFR            

        CLASS   FARRAM         

        CLASS   CONFIG         
                config                           300000   300000        E         0

        CLASS   IDLOC          
                idloc                            200000   200000        8         0

        CLASS   EEDATA         



SEGMENTS        Name                           Load    Length   Top    Selector   Space  Class

                reset_vec                      000000  000004  000004         0       0  CODE    
                cstackCOMRAM                   000001  000058  000059         1       1  COMRAM  
                intcode                        000008  001438  001440         4       0  CODE    
                dataBANK0                      000060  000096  0000F6        60       1  BANK0   
                dataBANK1                      000100  000030  000130       100       1  BANK1   
                idloc                          200000  000008  200008    200000       0  IDLOC   
                config                         300000  00000E  30000E    300000       0  CONFIG  


UNUSED ADDRESS RANGES

        Name                Unused          Largest block    Delta
        BANK0            0000F6-0000FF                A
        BANK1            000130-0001FF               D0
        BANK2            000200-0002FF              100
        BIGRAM           000059-00005F                7
                         0000F6-0000FF                A
                         000130-0002FF              1D0
        CODE             000004-000007                4
                         001440-003FFF             2BC0
        COMRAM           000059-00005F                7
        CONST            000004-000007                4
                         001440-003FFF             2BC0
        EEDATA           F00000-F000FF              100
        MEDIUMCONST      001440-003FFF             2BC0
        RAM              0000F6-0000FF                A
                         000130-0002FF               D0
        SFR              000F38-000FFF               28
        SMALLCONST       001440-003FFF              100
        STACK            000130-0002FF              1D0

                                  Symbol Table

?___awdiv                            cstackCOMRAM 000008
?___awmod                            cstackCOMRAM 000008
?___omul                             cstackCOMRAM 000008
?_get_data                           cstackCOMRAM 000008
?_rand                               cstackCOMRAM 000020
DATAEE_ReadByte@bAdd                 cstackCOMRAM 000008
DATAEE_WriteByte@GIEBitValue         cstackCOMRAM 00000B
DATAEE_WriteByte@bAdd                cstackCOMRAM 00000A
DATAEE_WriteByte@bData               cstackCOMRAM 000009
I2C1_ISR@i2c_10bit_address_restart   bssCOMRAM    000044
I2C1_ISR@i2c_address                 bssCOMRAM    00004D
I2C1_ISR@i2c_bytes_left              bssCOMRAM    000045
I2C1_ISR@pi2c_buf_ptr                bssCOMRAM    00003E
I2C1_MasterRead@trBlock              bssBANK0     0000E0
I2C1_MasterWrite@trBlock             bssBANK0     0000E5
I2C1_Stop@completion_code            cstackCOMRAM 000003
I2C_Master_Write@d                   cstackCOMRAM 000009
_ANSELA                              (abs)        000F38
_ANSELB                              (abs)        000F39
_ANSELC                              (abs)        000F3A
_DATAEE_ReadByte                     text8        00137E
_DATAEE_WriteByte                    text7        001210
_EEADR                               (abs)        000FA9
_EECON1bits                          (abs)        000FA6
_EECON2                              (abs)        000FA7
_EEDATA                              (abs)        000FA8
_I2C1_BusCollisionISR                text37       00143C
_I2C1_FunctionComplete               text36       00135E
_I2C1_ISR                            text34       000088
_I2C1_Initialize                     text15       001254
_I2C1_Stop                           text35       0011C4
_I2C_Master_Start                    text20       001420
_I2C_Master_Stop                     text19       001418
_I2C_Master_Wait                     text21       0012E6
_I2C_Master_Write                    text18       001406
_INTCON2bits                         (abs)        000FF1
_INTCONbits                          (abs)        000FF2
_INTERRUPT_Initialize                text14       001438
_INTERRUPT_InterruptManager          intcode      000008
_LATA                                (abs)        000F89
_LATAbits                            (abs)        000F89
_LATB                                (abs)        000F8A
_LATBbits                            (abs)        000F8A
_LATC                                (abs)        000F8B
_LATCbits                            (abs)        000F8B
_OSCCON                              (abs)        000FD3
_OSCCON2                             (abs)        000FD2
_OSCILLATOR_Initialize               text13       0013EE
_OSCTUNE                             (abs)        000F9B
_PIE1bits                            (abs)        000F9D
_PIE2bits                            (abs)        000FA0
_PIN_MANAGER_Initialize              text12       001176
_PIR1bits                            (abs)        000F9E
_PIR2bits                            (abs)        000FA1
_RCONbits                            (abs)        000FD0
_SSP1ADD                             (abs)        000FC8
_SSP1BUF                             (abs)        000FC9
_SSP1CON1                            (abs)        000FC6
_SSP1CON1bits                        (abs)        000FC6
_SSP1CON2bits                        (abs)        000FC5
_SSP1CON3                            (abs)        000FCB
_SSP1STAT                            (abs)        000FC7
_SSPADD                              (abs)        000FC8
_SSPBUF                              (abs)        000FC9
_SSPCON1                             (abs)        000FC6
_SSPCON2                             (abs)        000FC5
_SSPCON2bits                         (abs)        000FC5
_SSPSTAT                             (abs)        000FC7
_SYSTEM_Initialize                   text10       0013C4
_T0CON                               (abs)        000FD5
_T0CONbits                           (abs)        000FD5
_TABLAT                              (abs)        000FF5
_TBLPTRH                             (abs)        000FF7
_TBLPTRL                             (abs)        000FF6
_TBLPTRU                             (abs)        000FF8
_TMR0H                               (abs)        000FD7
_TMR0IF                              (abs)        007F92
_TMR0L                               (abs)        000FD6
_TMR0_HasOverflowOccured             text25       001396
_TMR0_Initialize                     text11       0013DA
_TMR0_Reload                         text32       00142E
_TMR0_StartTimer                     text9        001434
_TRISA                               (abs)        000F92
_TRISAbits                           (abs)        000F92
_TRISB                               (abs)        000F93
_TRISBbits                           (abs)        000F93
_TRISC                               (abs)        000F94
_TRISC3                              (abs)        007CA3
_TRISC4                              (abs)        007CA4
_TRISCbits                           (abs)        000F94
_WPUB                                (abs)        000F61
__CFG_BOREN$SBORDIS                  (abs)        000000
__CFG_BORV$190                       (abs)        000000
__CFG_CCP2MX$PORTC1                  (abs)        000000
__CFG_CCP3MX$PORTB5                  (abs)        000000
__CFG_CP0$OFF                        (abs)        000000
__CFG_CP1$OFF                        (abs)        000000
__CFG_CPB$OFF                        (abs)        000000
__CFG_CPD$OFF                        (abs)        000000
__CFG_DEBUG$OFF                      (abs)        000000
__CFG_EBTR0$OFF                      (abs)        000000
__CFG_EBTR1$OFF                      (abs)        000000
__CFG_EBTRB$OFF                      (abs)        000000
__CFG_FCMEN$OFF                      (abs)        000000
__CFG_FOSC$INTIO67                   (abs)        000000
__CFG_HFOFST$ON                      (abs)        000000
__CFG_IESO$OFF                       (abs)        000000
__CFG_LVP$ON                         (abs)        000000
__CFG_MCLRE$EXTMCLR                  (abs)        000000
__CFG_P2BMX$PORTB5                   (abs)        000000
__CFG_PBADEN$ON                      (abs)        000000
__CFG_PLLCFG$OFF                     (abs)        000000
__CFG_PRICLKEN$ON                    (abs)        000000
__CFG_PWRTEN$OFF                     (abs)        000000
__CFG_STVREN$ON                      (abs)        000000
__CFG_T3CMX$PORTC0                   (abs)        000000
__CFG_WDTEN$OFF                      (abs)        000000
__CFG_WDTPS$32768                    (abs)        000000
__CFG_WRT0$OFF                       (abs)        000000
__CFG_WRT1$OFF                       (abs)        000000
__CFG_WRTB$OFF                       (abs)        000000
__CFG_WRTC$OFF                       (abs)        000000
__CFG_WRTD$OFF                       (abs)        000000
__CFG_XINST$OFF                      (abs)        000000
__HRAM                               (abs)        000000
__Habs1                              abs1         000000
__Hbank0                             bank0        000000
__Hbank1                             bank1        000000
__Hbank2                             bank2        000000
__Hbigbss                            bigbss       000000
__Hbigdata                           bigdata      000000
__Hbigram                            bigram       000000
__Hbss                               bss          000000
__HbssBANK0                          bssBANK0     000000
__HbssCOMRAM                         bssCOMRAM    000000
__Hcinit                             cinit        000000
__Hclrtext                           clrtext      000000
__Hcomram                            comram       000000
__Hconfig                            config       30000E
__Hconst                             const        000000
__HcstackBANK0                       cstackBANK0  000000
__HcstackCOMRAM                      cstackCOMRAM 000000
__Hdata                              data         000000
__HdataBANK0                         dataBANK0    000000
__HdataBANK1                         dataBANK1    000000
__HdataCOMRAM                        dataCOMRAM   000000
__Heeprom_data                       eeprom_data  000000
__Hfarbss                            farbss       000000
__Hfardata                           fardata      000000
__Hibigdata                          ibigdata     000000
__Hidata                             idata        000000
__HidataBANK0                        idataBANK0   000000
__HidataBANK1                        idataBANK1   000000
__HidataCOMRAM                       idataCOMRAM  000000
__Hidloc                             idloc        200008
__Hifardata                          ifardata     000000
__Hinit                              init         000088
__Hintcode                           intcode      000084
__Hintcode_body                      intcode_body 000000
__Hintcodelo                         intcodelo    000084
__Hintentry                          intentry     000000
__Hintret                            intret       000000
__Hintsave_regs                      intsave_regs 000000
__Hirdata                            irdata       000000
__Hmediumconst                       mediumconst  000000
__HnvBANK0                           nvBANK0      000000
__HnvCOMRAM                          nvCOMRAM     000000
__HnvFARRAM                          nvFARRAM     000000
__Hnvbit                             nvbit        000000
__Hnvrram                            nvrram       000000
__Hparam                             rparam       000000
__Hpowerup                           powerup      000084
__Hram                               ram          000000
__Hramtop                            ramtop       000300
__Hrbit                              rbit         000000
__Hrbss                              rbss         000000
__Hrdata                             rdata        000000
__Hreset_vec                         reset_vec    000004
__Hrparam                            rparam       000000
__Hsfr                               sfr          000000
__Hsmallconst                        smallconst   000000
__Hspace_0                           (abs)        30000E
__Hspace_1                           (abs)        000130
__Hspace_2                           (abs)        000000
__Hstack                             stack        000000
__Hstruct                            struct       000000
__Htemp                              temp         000059
__Htext                              text         000000
__Htext0                             text0        000000
__Htext1                             text1        000000
__Htext10                            text10       000000
__Htext11                            text11       000000
__Htext12                            text12       000000
__Htext13                            text13       000000
__Htext14                            text14       000000
__Htext15                            text15       000000
__Htext16                            text16       000000
__Htext17                            text17       000000
__Htext18                            text18       000000
__Htext19                            text19       000000
__Htext2                             text2        000000
__Htext20                            text20       000000
__Htext21                            text21       000000
__Htext22                            text22       000000
__Htext23                            text23       000000
__Htext24                            text24       000000
__Htext25                            text25       000000
__Htext26                            text26       000000
__Htext27                            text27       000000
__Htext28                            text28       000000
__Htext29                            text29       000000
__Htext3                             text3        000000
__Htext30                            text30       000000
__Htext31                            text31       000000
__Htext32                            text32       000000
__Htext34                            text34       000000
__Htext35                            text35       000000
__Htext36                            text36       000000
__Htext37                            text37       000000
__Htext4                             text4        000000
__Htext5                             text5        000000
__Htext6                             text6        000000
__Htext7                             text7        000000
__Htext8                             text8        000000
__Htext9                             text9        000000
__LRAM                               (abs)        000001
__Labs1                              abs1         000000
__Lbank0                             bank0        000000
__Lbank1                             bank1        000000
__Lbank2                             bank2        000000
__Lbigbss                            bigbss       000000
__Lbigdata                           bigdata      000000
__Lbigram                            bigram       000000
__Lbss                               bss          000000
__LbssBANK0                          bssBANK0     000000
__LbssCOMRAM                         bssCOMRAM    000000
__Lcinit                             cinit        000000
__Lclrtext                           clrtext      000000
__Lcomram                            comram       000000
__Lconfig                            config       300000
__Lconst                             const        000000
__LcstackBANK0                       cstackBANK0  000000
__LcstackCOMRAM                      cstackCOMRAM 000000
__Ldata                              data         000000
__LdataBANK0                         dataBANK0    000000
__LdataBANK1                         dataBANK1    000000
__LdataCOMRAM                        dataCOMRAM   000000
__Leeprom_data                       eeprom_data  000000
__Lfarbss                            farbss       000000
__Lfardata                           fardata      000000
__Libigdata                          ibigdata     000000
__Lidata                             idata        000000
__LidataBANK0                        idataBANK0   000000
__LidataBANK1                        idataBANK1   000000
__LidataCOMRAM                       idataCOMRAM  000000
__Lidloc                             idloc        200000
__Lifardata                          ifardata     000000
__Linit                              init         000084
__Lintcode                           intcode      000008
__Lintcode_body                      intcode_body 000000
__Lintcodelo                         intcodelo    000084
__Lintentry                          intentry     000000
__Lintret                            intret       000000
__Lintsave_regs                      intsave_regs 000000
__Lirdata                            irdata       000000
__Lmediumconst                       mediumconst  000000
__LnvBANK0                           nvBANK0      000000
__LnvCOMRAM                          nvCOMRAM     000000
__LnvFARRAM                          nvFARRAM     000000
__Lnvbit                             nvbit        000000
__Lnvrram                            nvrram       000000
__Lparam                             rparam       000000
__Lpowerup                           powerup      000084
__Lram                               ram          000000
__Lramtop                            ramtop       000300
__Lrbit                              rbit         000000
__Lrbss                              rbss         000000
__Lrdata                             rdata        000000
__Lreset_vec                         reset_vec    000000
__Lrparam                            rparam       000000
__Lsfr                               sfr          000000
__Lsmallconst                        smallconst   000000
__Lspace_0                           (abs)        000000
__Lspace_1                           (abs)        000000
__Lspace_2                           (abs)        000000
__Lstack                             stack        000000
__Lstruct                            struct       000000
__Ltemp                              temp         000058
__Ltext                              text         000000
__Ltext0                             text0        000000
__Ltext1                             text1        000000
__Ltext10                            text10       000000
__Ltext11                            text11       000000
__Ltext12                            text12       000000
__Ltext13                            text13       000000
__Ltext14                            text14       000000
__Ltext15                            text15       000000
__Ltext16                            text16       000000
__Ltext17                            text17       000000
__Ltext18                            text18       000000
__Ltext19                            text19       000000
__Ltext2                             text2        000000
__Ltext20                            text20       000000
__Ltext21                            text21       000000
__Ltext22                            text22       000000
__Ltext23                            text23       000000
__Ltext24                            text24       000000
__Ltext25                            text25       000000
__Ltext26                            text26       000000
__Ltext27                            text27       000000
__Ltext28                            text28       000000
__Ltext29                            text29       000000
__Ltext3                             text3        000000
__Ltext30                            text30       000000
__Ltext31                            text31       000000
__Ltext32                            text32       000000
__Ltext34                            text34       000000
__Ltext35                            text35       000000
__Ltext36                            text36       000000
__Ltext37                            text37       000000
__Ltext4                             text4        000000
__Ltext5                             text5        000000
__Ltext6                             text6        000000
__Ltext7                             text7        000000
__Ltext8                             text8        000000
__Ltext9                             text9        000000
__S0                                 (abs)        30000E
__S1                                 (abs)        000130
__S2                                 (abs)        000000
___awdiv                             text31       000B7A
___awdiv@counter                     cstackCOMRAM 00000C
___awdiv@dividend                    cstackCOMRAM 000008
___awdiv@divisor                     cstackCOMRAM 00000A
___awdiv@quotient                    cstackCOMRAM 00000E
___awdiv@sign                        cstackCOMRAM 00000D
___awmod                             text24       000D48
___awmod@counter                     cstackCOMRAM 00000C
___awmod@dividend                    cstackCOMRAM 000008
___awmod@divisor                     cstackCOMRAM 00000A
___awmod@sign                        cstackCOMRAM 00000D
___inthi_sp                          stack        000000
___intlo_sp                          stack        000000
___omul                              text4        000E20
___omul@multiplicand                 cstackCOMRAM 000010
___omul@multiplier                   cstackCOMRAM 000008
___omul@product                      cstackCOMRAM 000018
___param_bank                        (abs)        000000
___rparam_used                       (abs)        000001
___sp                                stack        000000
__accesstop                          (abs)        000060
__activetblptr                       (abs)        000002
__end_of_DATAEE_ReadByte             text8        001396
__end_of_DATAEE_WriteByte            text7        001254
__end_of_I2C1_BusCollisionISR        text37       001440
__end_of_I2C1_FunctionComplete       text36       00137E
__end_of_I2C1_ISR                    text34       000432
__end_of_I2C1_Initialize             text15       001286
__end_of_I2C1_Stop                   text35       001210
__end_of_I2C_Master_Start            text20       001428
__end_of_I2C_Master_Stop             text19       001420
__end_of_I2C_Master_Wait             text21       001314
__end_of_I2C_Master_Write            text18       001410
__end_of_INTERRUPT_Initialize        text14       00143C
__end_of_INTERRUPT_InterruptManager  intcode      000084
__end_of_OSCILLATOR_Initialize       text13       0013FC
__end_of_PIN_MANAGER_Initialize      text12       0011C4
__end_of_SYSTEM_Initialize           text10       0013DA
__end_of_TMR0_HasOverflowOccured     text25       0013AE
__end_of_TMR0_Initialize             text11       0013EE
__end_of_TMR0_Reload                 text32       001434
__end_of_TMR0_StartTimer             text9        001438
__end_of___awdiv                     text31       000C66
__end_of___awmod                     text24       000E20
__end_of___omul                      text4        000EC6
__end_of__initialization             cinit        000FC6
__end_of_beep_sound                  text30       000B7A
__end_of_check_fail_state            text27       001046
__end_of_check_modules_left          text26       00135E
__end_of_display                     text23       00073A
__end_of_display_loop                text22       000992
__end_of_generate_random_seed        text5        00133A
__end_of_get_data                    text17       001406
__end_of_i2c_test                    text16       001176
__end_of_init                        text1        0013C4
__end_of_led_series_set              text2        000A8C
__end_of_main                        text0        000F4E
__end_of_rand                        text3        000D48
__end_of_reset_beep_sound            text29       00142E
__end_of_reset_segments              text28       00111A
__end_of_srand                       text6        0012E6
__initialization                     cinit        000F4E
__mediumconst                        mediumconst  000000
__pbssBANK0                          bssBANK0     0000D0
__pbssCOMRAM                         bssCOMRAM    000031
__pcinit                             cinit        000F4E
__pcstackBANK0                       cstackBANK0  0000F2
__pcstackCOMRAM                      cstackCOMRAM 000001
__pdataBANK0                         dataBANK0    000060
__pdataBANK1                         dataBANK1    000100
__pdataCOMRAM                        dataCOMRAM   00004F
__pidataBANK0                        idataBANK0   001046
__pidataBANK1                        idataBANK1   001286
__pidataCOMRAM                       idataCOMRAM  001410
__pintcode                           intcode      000008
__pnvBANK0                           nvBANK0      0000EA
__pnvCOMRAM                          nvCOMRAM     000057
__ptext0                             text0        000EC6
__ptext1                             text1        0013AE
__ptext10                            text10       0013C4
__ptext11                            text11       0013DA
__ptext12                            text12       001176
__ptext13                            text13       0013EE
__ptext14                            text14       001438
__ptext15                            text15       001254
__ptext16                            text16       00111A
__ptext17                            text17       0013FC
__ptext18                            text18       001406
__ptext19                            text19       001418
__ptext2                             text2        000992
__ptext20                            text20       001420
__ptext21                            text21       0012E6
__ptext22                            text22       00073A
__ptext23                            text23       000432
__ptext24                            text24       000D48
__ptext25                            text25       001396
__ptext26                            text26       00133A
__ptext27                            text27       000FD4
__ptext28                            text28       0010B6
__ptext29                            text29       001428
__ptext3                             text3        000C66
__ptext30                            text30       000A8C
__ptext31                            text31       000B7A
__ptext32                            text32       00142E
__ptext34                            text34       000088
__ptext35                            text35       0011C4
__ptext36                            text36       00135E
__ptext37                            text37       00143C
__ptext4                             text4        000E20
__ptext5                             text5        001314
__ptext6                             text6        0012B6
__ptext7                             text7        001210
__ptext8                             text8        00137E
__ptext9                             text9        001434
__ramtop                             ramtop       000300
__size_of_DATAEE_ReadByte            (abs)        000000
__size_of_DATAEE_WriteByte           (abs)        000000
__size_of_I2C1_BusCollisionISR       (abs)        000000
__size_of_I2C1_FunctionComplete      (abs)        000000
__size_of_I2C1_ISR                   (abs)        000000
__size_of_I2C1_Initialize            (abs)        000000
__size_of_I2C1_Stop                  (abs)        000000
__size_of_I2C_Master_Start           (abs)        000000
__size_of_I2C_Master_Stop            (abs)        000000
__size_of_I2C_Master_Wait            (abs)        000000
__size_of_I2C_Master_Write           (abs)        000000
__size_of_INTERRUPT_Initialize       (abs)        000000
__size_of_INTERRUPT_InterruptManager (abs)        000000
__size_of_OSCILLATOR_Initialize      (abs)        000000
__size_of_PIN_MANAGER_Initialize     (abs)        000000
__size_of_SYSTEM_Initialize          (abs)        000000
__size_of_TMR0_HasOverflowOccured    (abs)        000000
__size_of_TMR0_Initialize            (abs)        000000
__size_of_TMR0_Reload                (abs)        000000
__size_of_TMR0_StartTimer            (abs)        000000
__size_of___awdiv                    (abs)        000000
__size_of___awmod                    (abs)        000000
__size_of___omul                     (abs)        000000
__size_of_beep_sound                 (abs)        000000
__size_of_check_fail_state           (abs)        000000
__size_of_check_modules_left         (abs)        000000
__size_of_display                    (abs)        000000
__size_of_display_loop               (abs)        000000
__size_of_generate_random_seed       (abs)        000000
__size_of_get_data                   (abs)        000000
__size_of_i2c_test                   (abs)        000000
__size_of_init                       (abs)        000000
__size_of_led_series_set             (abs)        000000
__size_of_main                       (abs)        000000
__size_of_rand                       (abs)        000000
__size_of_reset_beep_sound           (abs)        000000
__size_of_reset_segments             (abs)        000000
__size_of_srand                      (abs)        000000
__smallconst                         smallconst   000000
_beep_sound                          text30       000A8C
_check_fail_state                    text27       000FD4
_check_modules_left                  text26       00133A
_disp0                               dataBANK0    0000C0
_disp1                               dataBANK0    0000B0
_disp2                               dataBANK0    0000A0
_disp3                               dataBANK0    000090
_disp4                               dataBANK0    000080
_disp5                               dataBANK0    000070
_disp6                               dataBANK0    000060
_disp7                               dataBANK1    000120
_disp8                               dataBANK1    000110
_disp9                               dataBANK1    000100
_display                             text23       000432
_display_loop                        text22       00073A
_generate_random_seed                text5        001314
_get_data                            text17       0013FC
_health                              dataCOMRAM   000051
_i2c1_object                         bssCOMRAM    000031
_i2c1_state                          bssCOMRAM    000047
_i2c1_tr_queue                       bssCOMRAM    000048
_i2c1_trb_count                      bssCOMRAM    000046
_i2c_test                            text16       00111A
_init                                text1        0013AE
_led_series_set                      text2        000992
_main                                text0        000EC6
_min                                 dataCOMRAM   000055
_overFlowAmmountTMR0                 bssCOMRAM    00003C
_overFlowAmmountTMR1                 bssCOMRAM    00003A
_p_i2c1_current                      bssCOMRAM    000040
_p_i2c1_trb_current                  bssCOMRAM    000042
_rand                                text3        000C66
_received                            bssCOMRAM    000038
_reset_beep_sound                    text29       001428
_reset_segments                      text28       0010B6
_sec                                 dataCOMRAM   000053
_secTMR0                             dataCOMRAM   00004F
_seed                                nvBANK0      0000EA
_series                              bssBANK0     0000D0
_srand                               text6        0012B6
_timer0ReloadVal                     nvCOMRAM     000057
beep_sound@min                       cstackCOMRAM 000010
beep_sound@sec                       cstackCOMRAM 000012
btemp                                temp         000058
check_modules_left@modules_left      cstackCOMRAM 000008
display@data_pin                     cstackCOMRAM 00000A
display@digit                        cstackCOMRAM 000008
display@segment                      cstackCOMRAM 00000C
display@state                        cstackCOMRAM 00000E
display_loop@health                  cstackCOMRAM 000014
display_loop@i                       cstackCOMRAM 000020
display_loop@min                     cstackCOMRAM 000010
display_loop@min1                    cstackCOMRAM 000018
display_loop@min2                    cstackCOMRAM 00001A
display_loop@sec                     cstackCOMRAM 000012
display_loop@sec1                    cstackCOMRAM 00001C
display_loop@sec2                    cstackCOMRAM 00001E
end_of_initialization                cinit        000FC6
int$flags                            temp         000058
intlevel0                            text         000000
intlevel1                            text         000000
intlevel2                            text         000000
intlevel3                            text         000000
led_series_set@i                     cstackCOMRAM 00002A
main@modules_left                    cstackBANK0  0000F4
reset_segments@i                     cstackCOMRAM 000008
srand@s                              cstackCOMRAM 000009
stackhi                              (abs)        0002FF
stacklo                              (abs)        000130
start                                init         000084
start_initialization                 cinit        000F4E
ttemp5                               temp         000059
ttemp6                               temp         00005C
ttemp7                               temp         000060
wtemp8                               temp         000059


FUNCTION INFORMATION:

 *************** function _main *****************
 Defined at:
		line 103 in file "main.c"
 Parameters:    Size  Location     Type
  argc            2   43[COMRAM] int 
  argv            3   45[COMRAM] PTR PTR unsigned char 
 Auto vars:     Size  Location     Type
  modules_left    2    2[BANK0 ] int 
 Return value:  Size  Location     Type
                  2   43[COMRAM] int 
 Registers used:
		wreg, fsr2l, fsr2h, status,2, status,0, cstack
 Tracked objects:
		On entry : 
		On exit  : 
		Unchanged: 
 Data sizes:     COMRAM   BANK0   BANK1   BANK2
      Params:         5       0       0       0
      Locals:         0       2       0       0
      Temps:          0       2       0       0
      Totals:         5       4       0       0
Total ram usage:        9 bytes
 Hardware stack levels required when called:    7
 This function calls:
		_beep_sound
		_check_fail_state
		_check_modules_left
		_display_loop
		_i2c_test
		_init
		_led_series_set
		_reset_segments
 This function is called by:
		Startup code after reset
 This function uses a non-reentrant model


 *************** function _init *****************
 Defined at:
		line 35 in file "main.c"
 Parameters:    Size  Location     Type
		None
 Auto vars:     Size  Location     Type
		None
 Return value:  Size  Location     Type
                  1    wreg      void 
 Registers used:
		wreg, fsr2l, fsr2h, status,2, status,0, cstack
 Tracked objects:
		On entry : 
		On exit  : 
		Unchanged: 
 Data sizes:     COMRAM   BANK0   BANK1   BANK2
      Params:         0       0       0       0
      Locals:         0       0       0       0
      Temps:          0       0       0       0
      Totals:         0       0       0       0
Total ram usage:        0 bytes
 Hardware stack levels used:    1
 Hardware stack levels required when called:    6
 This function calls:
		_SYSTEM_Initialize
		_TMR0_StartTimer
		_generate_random_seed
		_led_series_set
		_reset_segments
 This function is called by:
		_main
 This function uses a non-reentrant model


 *************** function _led_series_set *****************
 Defined at:
		line 152 in file "display.c"
 Parameters:    Size  Location     Type
		None
 Auto vars:     Size  Location     Type
  i               2   41[COMRAM] int 
 Return value:  Size  Location     Type
                  1    wreg      void 
 Registers used:
		wreg, fsr2l, fsr2h, status,2, status,0, cstack
 Tracked objects:
		On entry : 
		On exit  : 
		Unchanged: 
 Data sizes:     COMRAM   BANK0   BANK1   BANK2
      Params:         0       0       0       0
      Locals:         2       0       0       0
      Temps:          0       0       0       0
      Totals:         2       0       0       0
Total ram usage:        2 bytes
 Hardware stack levels used:    1
 Hardware stack levels required when called:    5
 This function calls:
		_rand
 This function is called by:
		_init
		_main
 This function uses a non-reentrant model


 *************** function _rand *****************
 Defined at:
		line 15 in file "D:\MPLABX\XC\pic\sources\c99\common\rand.c"
 Parameters:    Size  Location     Type
		None
 Auto vars:     Size  Location     Type
		None
 Return value:  Size  Location     Type
                  2   31[COMRAM] int 
 Registers used:
		wreg, fsr2l, fsr2h, status,2, status,0, cstack
 Tracked objects:
		On entry : 
		On exit  : 
		Unchanged: 
 Data sizes:     COMRAM   BANK0   BANK1   BANK2
      Params:         2       0       0       0
      Locals:         0       0       0       0
      Temps:          8       0       0       0
      Totals:        10       0       0       0
Total ram usage:       10 bytes
 Hardware stack levels used:    1
 Hardware stack levels required when called:    4
 This function calls:
		___omul
 This function is called by:
		_led_series_set
 This function uses a non-reentrant model


 *************** function ___omul *****************
 Defined at:
		line 91 in file "D:\MPLABX\XC\pic\sources\c99\common\Umul64.c"
 Parameters:    Size  Location     Type
  multiplier      8    7[COMRAM] unsigned long long 
  multiplicand    8   15[COMRAM] unsigned long long 
 Auto vars:     Size  Location     Type
  product         8   23[COMRAM] unsigned long long 
 Return value:  Size  Location     Type
                  8    7[COMRAM] unsigned long long 
 Registers used:
		wreg, fsr2l, fsr2h, status,2, status,0
 Tracked objects:
		On entry : 
		On exit  : 
		Unchanged: 
 Data sizes:     COMRAM   BANK0   BANK1   BANK2
      Params:        16       0       0       0
      Locals:         8       0       0       0
      Temps:          0       0       0       0
      Totals:        24       0       0       0
Total ram usage:       24 bytes
 Hardware stack levels used:    1
 Hardware stack levels required when called:    3
 This function calls:
		Nothing
 This function is called by:
		_rand
 This function uses a non-reentrant model


 *************** function _generate_random_seed *****************
 Defined at:
		line 56 in file "main.c"
 Parameters:    Size  Location     Type
		None
 Auto vars:     Size  Location     Type
		None
 Return value:  Size  Location     Type
                  1    wreg      void 
 Registers used:
		wreg, status,2, status,0, cstack
 Tracked objects:
		On entry : 
		On exit  : 
		Unchanged: 
 Data sizes:     COMRAM   BANK0   BANK1   BANK2
      Params:         0       0       0       0
      Locals:         0       0       0       0
      Temps:          1       0       0       0
      Totals:         1       0       0       0
Total ram usage:        1 bytes
 Hardware stack levels used:    1
 Hardware stack levels required when called:    4
 This function calls:
		_DATAEE_ReadByte
		_DATAEE_WriteByte
		_srand
 This function is called by:
		_init
 This function uses a non-reentrant model


 *************** function _srand *****************
 Defined at:
		line 10 in file "D:\MPLABX\XC\pic\sources\c99\common\rand.c"
 Parameters:    Size  Location     Type
  s               2    8[COMRAM] unsigned int 
 Auto vars:     Size  Location     Type
		None
 Return value:  Size  Location     Type
                  1    wreg      void 
 Registers used:
		wreg, status,2, status,0
 Tracked objects:
		On entry : 
		On exit  : 
		Unchanged: 
 Data sizes:     COMRAM   BANK0   BANK1   BANK2
      Params:         2       0       0       0
      Locals:         0       0       0       0
      Temps:          4       0       0       0
      Totals:         6       0       0       0
Total ram usage:        6 bytes
 Hardware stack levels used:    1
 Hardware stack levels required when called:    3
 This function calls:
		Nothing
 This function is called by:
		_generate_random_seed
 This function uses a non-reentrant model


 *************** function _DATAEE_WriteByte *****************
 Defined at:
		line 176 in file "mcc_generated_files/memory.c"
 Parameters:    Size  Location     Type
  bAdd            1    wreg     unsigned char 
  bData           1    8[COMRAM] unsigned char 
 Auto vars:     Size  Location     Type
  bAdd            1    9[COMRAM] unsigned char 
  GIEBitValue     1   10[COMRAM] unsigned char 
 Return value:  Size  Location     Type
                  1    wreg      void 
 Registers used:
		wreg, status,2
 Tracked objects:
		On entry : 
		On exit  : 
		Unchanged: 
 Data sizes:     COMRAM   BANK0   BANK1   BANK2
      Params:         1       0       0       0
      Locals:         2       0       0       0
      Temps:          0       0       0       0
      Totals:         3       0       0       0
Total ram usage:        3 bytes
 Hardware stack levels used:    1
 Hardware stack levels required when called:    3
 This function calls:
		Nothing
 This function is called by:
		_generate_random_seed
 This function uses a non-reentrant model


 *************** function _DATAEE_ReadByte *****************
 Defined at:
		line 198 in file "mcc_generated_files/memory.c"
 Parameters:    Size  Location     Type
  bAdd            1    wreg     unsigned char 
 Auto vars:     Size  Location     Type
  bAdd            1    7[COMRAM] unsigned char 
 Return value:  Size  Location     Type
                  1    wreg      unsigned char 
 Registers used:
		wreg, status,2
 Tracked objects:
		On entry : 
		On exit  : 
		Unchanged: 
 Data sizes:     COMRAM   BANK0   BANK1   BANK2
      Params:         0       0       0       0
      Locals:         1       0       0       0
      Temps:          0       0       0       0
      Totals:         1       0       0       0
Total ram usage:        1 bytes
 Hardware stack levels used:    1
 Hardware stack levels required when called:    3
 This function calls:
		Nothing
 This function is called by:
		_generate_random_seed
 This function uses a non-reentrant model


 *************** function _TMR0_StartTimer *****************
 Defined at:
		line 87 in file "mcc_generated_files/tmr0.c"
 Parameters:    Size  Location     Type
		None
 Auto vars:     Size  Location     Type
		None
 Return value:  Size  Location     Type
                  1    wreg      void 
 Registers used:
		None
 Tracked objects:
		On entry : 
		On exit  : 
		Unchanged: 
 Data sizes:     COMRAM   BANK0   BANK1   BANK2
      Params:         0       0       0       0
      Locals:         0       0       0       0
      Temps:          0       0       0       0
      Totals:         0       0       0       0
Total ram usage:        0 bytes
 Hardware stack levels used:    1
 Hardware stack levels required when called:    3
 This function calls:
		Nothing
 This function is called by:
		_init
 This function uses a non-reentrant model


 *************** function _SYSTEM_Initialize *****************
 Defined at:
		line 50 in file "mcc_generated_files/mcc.c"
 Parameters:    Size  Location     Type
		None
 Auto vars:     Size  Location     Type
		None
 Return value:  Size  Location     Type
                  1    wreg      void 
 Registers used:
		wreg, status,2, status,0, cstack
 Tracked objects:
		On entry : 
		On exit  : 
		Unchanged: 
 Data sizes:     COMRAM   BANK0   BANK1   BANK2
      Params:         0       0       0       0
      Locals:         0       0       0       0
      Temps:          0       0       0       0
      Totals:         0       0       0       0
Total ram usage:        0 bytes
 Hardware stack levels used:    1
 Hardware stack levels required when called:    4
 This function calls:
		_I2C1_Initialize
		_INTERRUPT_Initialize
		_OSCILLATOR_Initialize
		_PIN_MANAGER_Initialize
		_TMR0_Initialize
 This function is called by:
		_init
 This function uses a non-reentrant model


 *************** function _TMR0_Initialize *****************
 Defined at:
		line 66 in file "mcc_generated_files/tmr0.c"
 Parameters:    Size  Location     Type
		None
 Auto vars:     Size  Location     Type
		None
 Return value:  Size  Location     Type
                  1    wreg      void 
 Registers used:
		wreg, status,2
 Tracked objects:
		On entry : 
		On exit  : 
		Unchanged: 
 Data sizes:     COMRAM   BANK0   BANK1   BANK2
      Params:         0       0       0       0
      Locals:         0       0       0       0
      Temps:          0       0       0       0
      Totals:         0       0       0       0
Total ram usage:        0 bytes
 Hardware stack levels used:    1
 Hardware stack levels required when called:    3
 This function calls:
		Nothing
 This function is called by:
		_SYSTEM_Initialize
 This function uses a non-reentrant model


 *************** function _PIN_MANAGER_Initialize *****************
 Defined at:
		line 55 in file "mcc_generated_files/pin_manager.c"
 Parameters:    Size  Location     Type
		None
 Auto vars:     Size  Location     Type
		None
 Return value:  Size  Location     Type
                  1    wreg      void 
 Registers used:
		wreg, status,2
 Tracked objects:
		On entry : 
		On exit  : 
		Unchanged: 
 Data sizes:     COMRAM   BANK0   BANK1   BANK2
      Params:         0       0       0       0
      Locals:         0       0       0       0
      Temps:          0       0       0       0
      Totals:         0       0       0       0
Total ram usage:        0 bytes
 Hardware stack levels used:    1
 Hardware stack levels required when called:    3
 This function calls:
		Nothing
 This function is called by:
		_SYSTEM_Initialize
 This function uses a non-reentrant model


 *************** function _OSCILLATOR_Initialize *****************
 Defined at:
		line 60 in file "mcc_generated_files/mcc.c"
 Parameters:    Size  Location     Type
		None
 Auto vars:     Size  Location     Type
		None
 Return value:  Size  Location     Type
                  1    wreg      void 
 Registers used:
		wreg, status,2
 Tracked objects:
		On entry : 
		On exit  : 
		Unchanged: 
 Data sizes:     COMRAM   BANK0   BANK1   BANK2
      Params:         0       0       0       0
      Locals:         0       0       0       0
      Temps:          0       0       0       0
      Totals:         0       0       0       0
Total ram usage:        0 bytes
 Hardware stack levels used:    1
 Hardware stack levels required when called:    3
 This function calls:
		Nothing
 This function is called by:
		_SYSTEM_Initialize
 This function uses a non-reentrant model


 *************** function _INTERRUPT_Initialize *****************
 Defined at:
		line 52 in file "mcc_generated_files/interrupt_manager.c"
 Parameters:    Size  Location     Type
		None
 Auto vars:     Size  Location     Type
		None
 Return value:  Size  Location     Type
                  1    wreg      void 
 Registers used:
		None
 Tracked objects:
		On entry : 
		On exit  : 
		Unchanged: 
 Data sizes:     COMRAM   BANK0   BANK1   BANK2
      Params:         0       0       0       0
      Locals:         0       0       0       0
      Temps:          0       0       0       0
      Totals:         0       0       0       0
Total ram usage:        0 bytes
 Hardware stack levels used:    1
 Hardware stack levels required when called:    3
 This function calls:
		Nothing
 This function is called by:
		_SYSTEM_Initialize
 This function uses a non-reentrant model


 *************** function _I2C1_Initialize *****************
 Defined at:
		line 198 in file "mcc_generated_files/i2c1.c"
 Parameters:    Size  Location     Type
		None
 Auto vars:     Size  Location     Type
		None
 Return value:  Size  Location     Type
                  1    wreg      void 
 Registers used:
		wreg, status,2, status,0
 Tracked objects:
		On entry : 
		On exit  : 
		Unchanged: 
 Data sizes:     COMRAM   BANK0   BANK1   BANK2
      Params:         0       0       0       0
      Locals:         0       0       0       0
      Temps:          0       0       0       0
      Totals:         0       0       0       0
Total ram usage:        0 bytes
 Hardware stack levels used:    1
 Hardware stack levels required when called:    3
 This function calls:
		Nothing
 This function is called by:
		_SYSTEM_Initialize
 This function uses a non-reentrant model


 *************** function _i2c_test *****************
 Defined at:
		line 82 in file "main.c"
 Parameters:    Size  Location     Type
		None
 Auto vars:     Size  Location     Type
		None
 Return value:  Size  Location     Type
                  1    wreg      void 
 Registers used:
		wreg, status,2, status,0, cstack
 Tracked objects:
		On entry : 
		On exit  : 
		Unchanged: 
 Data sizes:     COMRAM   BANK0   BANK1   BANK2
      Params:         0       0       0       0
      Locals:         0       0       0       0
      Temps:          0       0       0       0
      Totals:         0       0       0       0
Total ram usage:        0 bytes
 Hardware stack levels used:    1
 Hardware stack levels required when called:    5
 This function calls:
		_I2C_Master_Start
		_I2C_Master_Stop
		_I2C_Master_Write
		_get_data
 This function is called by:
		_main
 This function uses a non-reentrant model


 *************** function _get_data *****************
 Defined at:
		line 40 in file "i2c_main.c"
 Parameters:    Size  Location     Type
		None
 Auto vars:     Size  Location     Type
		None
 Return value:  Size  Location     Type
                  2    7[COMRAM] int 
 Registers used:
		None
 Tracked objects:
		On entry : 
		On exit  : 
		Unchanged: 
 Data sizes:     COMRAM   BANK0   BANK1   BANK2
      Params:         2       0       0       0
      Locals:         0       0       0       0
      Temps:          0       0       0       0
      Totals:         2       0       0       0
Total ram usage:        2 bytes
 Hardware stack levels used:    1
 Hardware stack levels required when called:    3
 This function calls:
		Nothing
 This function is called by:
		_i2c_test
 This function uses a non-reentrant model


 *************** function _I2C_Master_Write *****************
 Defined at:
		line 35 in file "i2c_main.c"
 Parameters:    Size  Location     Type
  d               2    8[COMRAM] unsigned int 
 Auto vars:     Size  Location     Type
		None
 Return value:  Size  Location     Type
                  1    wreg      void 
 Registers used:
		wreg, status,2, status,0, cstack
 Tracked objects:
		On entry : 
		On exit  : 
		Unchanged: 
 Data sizes:     COMRAM   BANK0   BANK1   BANK2
      Params:         2       0       0       0
      Locals:         0       0       0       0
      Temps:          0       0       0       0
      Totals:         2       0       0       0
Total ram usage:        2 bytes
 Hardware stack levels used:    1
 Hardware stack levels required when called:    4
 This function calls:
		_I2C_Master_Wait
 This function is called by:
		_i2c_test
 This function uses a non-reentrant model


 *************** function _I2C_Master_Stop *****************
 Defined at:
		line 30 in file "i2c_main.c"
 Parameters:    Size  Location     Type
		None
 Auto vars:     Size  Location     Type
		None
 Return value:  Size  Location     Type
                  1    wreg      void 
 Registers used:
		wreg, status,2, status,0, cstack
 Tracked objects:
		On entry : 
		On exit  : 
		Unchanged: 
 Data sizes:     COMRAM   BANK0   BANK1   BANK2
      Params:         0       0       0       0
      Locals:         0       0       0       0
      Temps:          0       0       0       0
      Totals:         0       0       0       0
Total ram usage:        0 bytes
 Hardware stack levels used:    1
 Hardware stack levels required when called:    4
 This function calls:
		_I2C_Master_Wait
 This function is called by:
		_i2c_test
 This function uses a non-reentrant model


 *************** function _I2C_Master_Start *****************
 Defined at:
		line 20 in file "i2c_main.c"
 Parameters:    Size  Location     Type
		None
 Auto vars:     Size  Location     Type
		None
 Return value:  Size  Location     Type
                  1    wreg      void 
 Registers used:
		wreg, status,2, status,0, cstack
 Tracked objects:
		On entry : 
		On exit  : 
		Unchanged: 
 Data sizes:     COMRAM   BANK0   BANK1   BANK2
      Params:         0       0       0       0
      Locals:         0       0       0       0
      Temps:          0       0       0       0
      Totals:         0       0       0       0
Total ram usage:        0 bytes
 Hardware stack levels used:    1
 Hardware stack levels required when called:    4
 This function calls:
		_I2C_Master_Wait
 This function is called by:
		_i2c_test
 This function uses a non-reentrant model


 *************** function _I2C_Master_Wait *****************
 Defined at:
		line 16 in file "i2c_main.c"
 Parameters:    Size  Location     Type
		None
 Auto vars:     Size  Location     Type
		None
 Return value:  Size  Location     Type
                  1    wreg      void 
 Registers used:
		wreg, status,2, status,0
 Tracked objects:
		On entry : 
		On exit  : 
		Unchanged: 
 Data sizes:     COMRAM   BANK0   BANK1   BANK2
      Params:         0       0       0       0
      Locals:         0       0       0       0
      Temps:          1       0       0       0
      Totals:         1       0       0       0
Total ram usage:        1 bytes
 Hardware stack levels used:    1
 Hardware stack levels required when called:    3
 This function calls:
		Nothing
 This function is called by:
		_I2C_Master_Start
		_I2C_Master_Stop
		_I2C_Master_Write
		_I2C_Master_RepeatedStart
		_I2C_Master_Read
 This function uses a non-reentrant model


 *************** function _display_loop *****************
 Defined at:
		line 49 in file "display.c"
 Parameters:    Size  Location     Type
  min             2   15[COMRAM] PTR int 
		 -> min(2), 
  sec             2   17[COMRAM] PTR int 
		 -> sec(2), 
  health          2   19[COMRAM] int 
 Auto vars:     Size  Location     Type
  i               2   31[COMRAM] int 
  sec2            2   29[COMRAM] int 
  sec1            2   27[COMRAM] int 
  min2            2   25[COMRAM] int 
  min1            2   23[COMRAM] int 
 Return value:  Size  Location     Type
                  1    wreg      void 
 Registers used:
		wreg, fsr2l, fsr2h, status,2, status,0, cstack
 Tracked objects:
		On entry : 
		On exit  : 
		Unchanged: 
 Data sizes:     COMRAM   BANK0   BANK1   BANK2
      Params:         6       0       0       0
      Locals:        10       0       0       0
      Temps:          2       0       0       0
      Totals:        18       0       0       0
Total ram usage:       18 bytes
 Hardware stack levels used:    1
 Hardware stack levels required when called:    4
 This function calls:
		_TMR0_HasOverflowOccured
		_TMR0_Reload
		___awdiv
		___awmod
		_display
 This function is called by:
		_main
 This function uses a non-reentrant model


 *************** function _display *****************
 Defined at:
		line 108 in file "display.c"
 Parameters:    Size  Location     Type
  digit           2    7[COMRAM] int 
  data_pin        2    9[COMRAM] int 
  segment         2   11[COMRAM] int 
 Auto vars:     Size  Location     Type
  state           2   13[COMRAM] int 
 Return value:  Size  Location     Type
                  1    wreg      void 
 Registers used:
		wreg, fsr2l, fsr2h, status,2, status,0
 Tracked objects:
		On entry : 
		On exit  : 
		Unchanged: 
 Data sizes:     COMRAM   BANK0   BANK1   BANK2
      Params:         6       0       0       0
      Locals:         2       0       0       0
      Temps:          0       0       0       0
      Totals:         8       0       0       0
Total ram usage:        8 bytes
 Hardware stack levels used:    1
 Hardware stack levels required when called:    3
 This function calls:
		Nothing
 This function is called by:
		_display_loop
 This function uses a non-reentrant model


 *************** function ___awmod *****************
 Defined at:
		line 7 in file "D:\MPLABX\XC\pic\sources\c99\common\awmod.c"
 Parameters:    Size  Location     Type
  dividend        2    7[COMRAM] int 
  divisor         2    9[COMRAM] int 
 Auto vars:     Size  Location     Type
  sign            1   12[COMRAM] unsigned char 
  counter         1   11[COMRAM] unsigned char 
 Return value:  Size  Location     Type
                  2    7[COMRAM] int 
 Registers used:
		wreg, status,2, status,0
 Tracked objects:
		On entry : 
		On exit  : 
		Unchanged: 
 Data sizes:     COMRAM   BANK0   BANK1   BANK2
      Params:         4       0       0       0
      Locals:         2       0       0       0
      Temps:          0       0       0       0
      Totals:         6       0       0       0
Total ram usage:        6 bytes
 Hardware stack levels used:    1
 Hardware stack levels required when called:    3
 This function calls:
		Nothing
 This function is called by:
		_display_loop
 This function uses a non-reentrant model


 *************** function _TMR0_HasOverflowOccured *****************
 Defined at:
		line 122 in file "mcc_generated_files/tmr0.c"
 Parameters:    Size  Location     Type
		None
 Auto vars:     Size  Location     Type
		None
 Return value:  Size  Location     Type
                  1    wreg      _Bool 
 Registers used:
		wreg
 Tracked objects:
		On entry : 
		On exit  : 
		Unchanged: 
 Data sizes:     COMRAM   BANK0   BANK1   BANK2
      Params:         0       0       0       0
      Locals:         0       0       0       0
      Temps:          0       0       0       0
      Totals:         0       0       0       0
Total ram usage:        0 bytes
 Hardware stack levels used:    1
 Hardware stack levels required when called:    3
 This function calls:
		Nothing
 This function is called by:
		_display_loop
 This function uses a non-reentrant model


 *************** function _check_modules_left *****************
 Defined at:
		line 76 in file "main.c"
 Parameters:    Size  Location     Type
  modules_left    2    7[COMRAM] int 
 Auto vars:     Size  Location     Type
		None
 Return value:  Size  Location     Type
                  1    wreg      void 
 Registers used:
		wreg, status,2, status,0
 Tracked objects:
		On entry : 
		On exit  : 
		Unchanged: 
 Data sizes:     COMRAM   BANK0   BANK1   BANK2
      Params:         2       0       0       0
      Locals:         0       0       0       0
      Temps:          0       0       0       0
      Totals:         2       0       0       0
Total ram usage:        2 bytes
 Hardware stack levels used:    1
 Hardware stack levels required when called:    3
 This function calls:
		Nothing
 This function is called by:
		_main
 This function uses a non-reentrant model


 *************** function _check_fail_state *****************
 Defined at:
		line 62 in file "main.c"
 Parameters:    Size  Location     Type
		None
 Auto vars:     Size  Location     Type
		None
 Return value:  Size  Location     Type
                  1    wreg      void 
 Registers used:
		wreg, status,2, status,0, cstack
 Tracked objects:
		On entry : 
		On exit  : 
		Unchanged: 
 Data sizes:     COMRAM   BANK0   BANK1   BANK2
      Params:         0       0       0       0
      Locals:         0       0       0       0
      Temps:          2       0       0       0
      Totals:         2       0       0       0
Total ram usage:        2 bytes
 Hardware stack levels used:    1
 Hardware stack levels required when called:    4
 This function calls:
		_reset_beep_sound
		_reset_segments
 This function is called by:
		_main
 This function uses a non-reentrant model


 *************** function _reset_segments *****************
 Defined at:
		line 178 in file "display.c"
 Parameters:    Size  Location     Type
		None
 Auto vars:     Size  Location     Type
  i               2    7[COMRAM] int 
 Return value:  Size  Location     Type
                  1    wreg      void 
 Registers used:
		wreg, status,2, status,0
 Tracked objects:
		On entry : 
		On exit  : 
		Unchanged: 
 Data sizes:     COMRAM   BANK0   BANK1   BANK2
      Params:         0       0       0       0
      Locals:         2       0       0       0
      Temps:          0       0       0       0
      Totals:         2       0       0       0
Total ram usage:        2 bytes
 Hardware stack levels used:    1
 Hardware stack levels required when called:    3
 This function calls:
		Nothing
 This function is called by:
		_init
		_check_fail_state
		_main
 This function uses a non-reentrant model


 *************** function _reset_beep_sound *****************
 Defined at:
		line 84 in file "sound.c"
 Parameters:    Size  Location     Type
		None
 Auto vars:     Size  Location     Type
		None
 Return value:  Size  Location     Type
                  1    wreg      void 
 Registers used:
		None
 Tracked objects:
		On entry : 
		On exit  : 
		Unchanged: 
 Data sizes:     COMRAM   BANK0   BANK1   BANK2
      Params:         0       0       0       0
      Locals:         0       0       0       0
      Temps:          0       0       0       0
      Totals:         0       0       0       0
Total ram usage:        0 bytes
 Hardware stack levels used:    1
 Hardware stack levels required when called:    3
 This function calls:
		Nothing
 This function is called by:
		_check_fail_state
 This function uses a non-reentrant model


 *************** function _beep_sound *****************
 Defined at:
		line 44 in file "sound.c"
 Parameters:    Size  Location     Type
  min             2   15[COMRAM] int 
  sec             2   17[COMRAM] int 
 Auto vars:     Size  Location     Type
		None
 Return value:  Size  Location     Type
                  1    wreg      void 
 Registers used:
		wreg, status,2, status,0, cstack
 Tracked objects:
		On entry : 
		On exit  : 
		Unchanged: 
 Data sizes:     COMRAM   BANK0   BANK1   BANK2
      Params:         4       0       0       0
      Locals:         0       0       0       0
      Temps:          1       0       0       0
      Totals:         5       0       0       0
Total ram usage:        5 bytes
 Hardware stack levels used:    1
 Hardware stack levels required when called:    4
 This function calls:
		_TMR0_Reload
		___awdiv
 This function is called by:
		_main
 This function uses a non-reentrant model


 *************** function ___awdiv *****************
 Defined at:
		line 7 in file "D:\MPLABX\XC\pic\sources\c99\common\awdiv.c"
 Parameters:    Size  Location     Type
  dividend        2    7[COMRAM] int 
  divisor         2    9[COMRAM] int 
 Auto vars:     Size  Location     Type
  quotient        2   13[COMRAM] int 
  sign            1   12[COMRAM] unsigned char 
  counter         1   11[COMRAM] unsigned char 
 Return value:  Size  Location     Type
                  2    7[COMRAM] int 
 Registers used:
		wreg, status,2, status,0
 Tracked objects:
		On entry : 
		On exit  : 
		Unchanged: 
 Data sizes:     COMRAM   BANK0   BANK1   BANK2
      Params:         4       0       0       0
      Locals:         4       0       0       0
      Temps:          0       0       0       0
      Totals:         8       0       0       0
Total ram usage:        8 bytes
 Hardware stack levels used:    1
 Hardware stack levels required when called:    3
 This function calls:
		Nothing
 This function is called by:
		_display_loop
		_beep_sound
 This function uses a non-reentrant model


 *************** function _TMR0_Reload *****************
 Defined at:
		line 115 in file "mcc_generated_files/tmr0.c"
 Parameters:    Size  Location     Type
		None
 Auto vars:     Size  Location     Type
		None
 Return value:  Size  Location     Type
                  1    wreg      void 
 Registers used:
		None
 Tracked objects:
		On entry : 
		On exit  : 
		Unchanged: 
 Data sizes:     COMRAM   BANK0   BANK1   BANK2
      Params:         0       0       0       0
      Locals:         0       0       0       0
      Temps:          0       0       0       0
      Totals:         0       0       0       0
Total ram usage:        0 bytes
 Hardware stack levels used:    1
 Hardware stack levels required when called:    3
 This function calls:
		Nothing
 This function is called by:
		_display_loop
		_beep_sound
 This function uses a non-reentrant model


 *************** function _INTERRUPT_InterruptManager *****************
 Defined at:
		line 58 in file "mcc_generated_files/interrupt_manager.c"
 Parameters:    Size  Location     Type
		None
 Auto vars:     Size  Location     Type
		None
 Return value:  Size  Location     Type
                  1    wreg      void 
 Registers used:
		wreg, fsr2l, fsr2h, status,2, status,0, cstack
 Tracked objects:
		On entry : 
		On exit  : 
		Unchanged: 
 Data sizes:     COMRAM   BANK0   BANK1   BANK2
      Params:         0       0       0       0
      Locals:         0       0       0       0
      Temps:          2       0       0       0
      Totals:         2       0       0       0
Total ram usage:        2 bytes
 Hardware stack levels used:    1
 Hardware stack levels required when called:    2
 This function calls:
		_I2C1_BusCollisionISR
		_I2C1_ISR
 This function is called by:
		Interrupt level 2
 This function uses a non-reentrant model


 *************** function _I2C1_ISR *****************
 Defined at:
		line 235 in file "mcc_generated_files/i2c1.c"
 Parameters:    Size  Location     Type
		None
 Auto vars:     Size  Location     Type
		None
 Return value:  Size  Location     Type
                  1    wreg      void 
 Registers used:
		wreg, fsr2l, fsr2h, status,2, status,0, cstack
 Tracked objects:
		On entry : 
		On exit  : 
		Unchanged: 
 Data sizes:     COMRAM   BANK0   BANK1   BANK2
      Params:         0       0       0       0
      Locals:         0       0       0       0
      Temps:          2       0       0       0
      Totals:         2       0       0       0
Total ram usage:        2 bytes
 Hardware stack levels used:    1
 Hardware stack levels required when called:    1
 This function calls:
		_I2C1_FunctionComplete
		_I2C1_Stop
 This function is called by:
		_INTERRUPT_InterruptManager
 This function uses a non-reentrant model


 *************** function _I2C1_Stop *****************
 Defined at:
		line 583 in file "mcc_generated_files/i2c1.c"
 Parameters:    Size  Location     Type
  completion_c    1    wreg     enum E5730
 Auto vars:     Size  Location     Type
  completion_c    1    2[COMRAM] enum E5730
 Return value:  Size  Location     Type
                  1    wreg      void 
 Registers used:
		wreg, fsr2l, fsr2h, status,2, status,0
 Tracked objects:
		On entry : 
		On exit  : 
		Unchanged: 
 Data sizes:     COMRAM   BANK0   BANK1   BANK2
      Params:         0       0       0       0
      Locals:         1       0       0       0
      Temps:          2       0       0       0
      Totals:         3       0       0       0
Total ram usage:        3 bytes
 Hardware stack levels used:    1
 This function calls:
		Nothing
 This function is called by:
		_I2C1_ISR
 This function uses a non-reentrant model


 *************** function _I2C1_FunctionComplete *****************
 Defined at:
		line 565 in file "mcc_generated_files/i2c1.c"
 Parameters:    Size  Location     Type
		None
 Auto vars:     Size  Location     Type
		None
 Return value:  Size  Location     Type
                  1    wreg      void 
 Registers used:
		wreg, status,2, status,0
 Tracked objects:
		On entry : 
		On exit  : 
		Unchanged: 
 Data sizes:     COMRAM   BANK0   BANK1   BANK2
      Params:         0       0       0       0
      Locals:         0       0       0       0
      Temps:          0       0       0       0
      Totals:         0       0       0       0
Total ram usage:        0 bytes
 Hardware stack levels used:    1
 This function calls:
		Nothing
 This function is called by:
		_I2C1_ISR
 This function uses a non-reentrant model


 *************** function _I2C1_BusCollisionISR *****************
 Defined at:
		line 742 in file "mcc_generated_files/i2c1.c"
 Parameters:    Size  Location     Type
		None
 Auto vars:     Size  Location     Type
		None
 Return value:  Size  Location     Type
                  1    wreg      void 
 Registers used:
		None
 Tracked objects:
		On entry : 
		On exit  : 
		Unchanged: 
 Data sizes:     COMRAM   BANK0   BANK1   BANK2
      Params:         0       0       0       0
      Locals:         0       0       0       0
      Temps:          0       0       0       0
      Totals:         0       0       0       0
Total ram usage:        0 bytes
 Hardware stack levels used:    1
 This function calls:
		Nothing
 This function is called by:
		_INTERRUPT_InterruptManager
 This function uses a non-reentrant model



MODULE INFORMATION

Module		Function		Class		Link	Load	Size
D:\MPLABX\XC\pic\sources\c99\common\rand.c
		_srand         		CODE           	12B6	0000	49
		_rand          		CODE           	0C66	0000	227

D:\MPLABX\XC\pic\sources\c99\common\rand.c estimated size: 276

mcc_generated_files/interrupt_manager.c
		_INTERRUPT_Initialize		CODE           	1438	0000	5
		_INTERRUPT_InterruptManager		CODE           	0008	0000	125

mcc_generated_files/interrupt_manager.c estimated size: 130

D:\MPLABX\XC\pic\sources\c99\common\awdiv.c
		___awdiv       		CODE           	0B7A	0000	237

D:\MPLABX\XC\pic\sources\c99\common\awdiv.c estimated size: 237

mcc_generated_files/tmr0.c
		_TMR0_Reload   		CODE           	142E	0000	7
		_TMR0_StartTimer		CODE           	1434	0000	5
		_TMR0_HasOverflowOccured		CODE           	1396	0000	25
		_TMR0_Initialize		CODE           	13DA	0000	21

mcc_generated_files/tmr0.c estimated size: 58

mcc_generated_files/i2c1.c
		_I2C1_BusCollisionISR		CODE           	143C	0000	5
		_I2C1_FunctionComplete		CODE           	135E	0000	33
		_I2C1_ISR      		CODE           	0088	0000	939
		_I2C1_Initialize		CODE           	1254	0000	51
		_I2C1_Stop     		CODE           	11C4	0000	77

mcc_generated_files/i2c1.c estimated size: 1105

mcc_generated_files/pin_manager.c
		_PIN_MANAGER_Initialize		CODE           	1176	0000	79

mcc_generated_files/pin_manager.c estimated size: 79

D:\MPLABX\XC\pic\sources\c99\common\Umul64.c
		___omul        		CODE           	0E20	0000	167

D:\MPLABX\XC\pic\sources\c99\common\Umul64.c estimated size: 167

shared
		__initialization		CODE           	0F4E	0000	121

shared estimated size: 121

mcc_generated_files/mcc.c
		_OSCILLATOR_Initialize		CODE           	13EE	0000	15
		_SYSTEM_Initialize		CODE           	13C4	0000	23

mcc_generated_files/mcc.c estimated size: 38

display.c
		_led_series_set		CODE           	0992	0000	251
		_reset_segments		CODE           	10B6	0000	101
		_display       		CODE           	0432	0000	777
		_display_loop  		CODE           	073A	0000	601

display.c estimated size: 1730

mcc_generated_files/memory.c
		_DATAEE_WriteByte		CODE           	1210	0000	69
		_DATAEE_ReadByte		CODE           	137E	0000	25

mcc_generated_files/memory.c estimated size: 94

i2c_main.c
		_I2C_Master_Wait		CODE           	12E6	0000	47
		_I2C_Master_Stop		CODE           	1418	0000	9
		_I2C_Master_Write		CODE           	1406	0000	11
		_get_data      		CODE           	13FC	0000	11
		_I2C_Master_Start		CODE           	1420	0000	9

i2c_main.c estimated size: 87

D:\MPLABX\XC\pic\sources\c99\common\awmod.c
		___awmod       		CODE           	0D48	0000	217

D:\MPLABX\XC\pic\sources\c99\common\awmod.c estimated size: 217

main.c
		_init          		CODE           	13AE	0000	23
		_main          		CODE           	0EC6	0000	137
		_i2c_test      		CODE           	111A	0000	93
		_check_fail_state		CODE           	0FD4	0000	115
		_generate_random_seed		CODE           	1314	0000	39
		_check_modules_left		CODE           	133A	0000	37

main.c estimated size: 444

sound.c
		_reset_beep_sound		CODE           	1428	0000	7
		_beep_sound    		CODE           	0A8C	0000	239

sound.c estimated size: 246

